linear_equations_one_var:easy:22: 원형 4개 → 22건 (시도 66, 생성실패 0, 검증실패 0, 중복 0, 그룹상한 0, SPR부족 0)
linear_equations_two_var:easy:22: 원형 11개 → 22건 (시도 67, 생성실패 0, 검증실패 0, 중복 1, 그룹상한 0, SPR부족 0)
linear_functions:easy:22: 원형 17개 → 22건 (시도 67, 생성실패 0, 검증실패 0, 중복 1, 그룹상한 0, SPR부족 0)
linear_inequalities:easy:22: 원형 12개 → 22건 (시도 75, 생성실패 8, 검증실패 0, 중복 1, 그룹상한 0, SPR부족 0)
systems_linear:easy:22: 원형 10개 → 22건 (시도 66, 생성실패 0, 검증실패 0, 중복 0, 그룹상한 0, SPR부족 0)
{
 "records": 110,
 "byCell": {
  "linear_equations_one_var|easy|mc": 14,
  "linear_equations_one_var|easy|spr": 8,
  "linear_equations_two_var|easy|mc": 14,
  "linear_equations_two_var|easy|spr": 8,
  "linear_functions|easy|mc": 14,
  "linear_functions|easy|spr": 8,
  "linear_inequalities|easy|mc": 14,
  "linear_inequalities|easy|spr": 8,
  "systems_linear|easy|mc": 14,
  "systems_linear|easy|spr": 8
 }
}
-> /Users/jangjiman/Developer/ALTON-worktrees/math-stock-50/data/mock-exam-generation/gapfill-20261006/raw8/al_easy.json
