linear_equations_one_var:medium:68: 원형 4개 → 68건 (시도 204, 생성실패 0, 검증실패 0, 중복 0, 그룹상한 0, SPR부족 0)
linear_equations_two_var:medium:68: 원형 11개 → 68건 (시도 219, 생성실패 0, 검증실패 0, 중복 15, 그룹상한 0, SPR부족 0)
linear_functions:medium:68: 원형 17개 → 68건 (시도 212, 생성실패 0, 검증실패 0, 중복 8, 그룹상한 0, SPR부족 0)
linear_inequalities:medium:68: 원형 12개 → 68건 (시도 217, 생성실패 9, 검증실패 0, 중복 4, 그룹상한 0, SPR부족 0)
systems_linear:medium:68: 원형 10개 → 68건 (시도 206, 생성실패 0, 검증실패 0, 중복 2, 그룹상한 0, SPR부족 0)
{
 "records": 340,
 "byCell": {
  "linear_equations_one_var|medium|mc": 55,
  "linear_equations_one_var|medium|spr": 13,
  "linear_equations_two_var|medium|mc": 55,
  "linear_equations_two_var|medium|spr": 13,
  "linear_functions|medium|mc": 55,
  "linear_functions|medium|spr": 13,
  "linear_inequalities|medium|mc": 55,
  "linear_inequalities|medium|spr": 13,
  "systems_linear|medium|mc": 55,
  "systems_linear|medium|spr": 13
 }
}
-> /Users/jangjiman/Developer/ALTON-worktrees/math-stock-50/data/mock-exam-generation/gapfill-20261006/raw8/al_med.json
