ratios_rates_units:medium:14: 원형 7개 → 14건 (시도 42, 생성실패 0, 검증실패 0, 중복 0, 그룹상한 0, SPR부족 0)
percentages:medium:14: 원형 16개 → 14건 (시도 42, 생성실패 0, 검증실패 0, 중복 0, 그룹상한 0, SPR부족 0)
one_variable_data:medium:14: 원형 40개 → 14건 (시도 42, 생성실패 0, 검증실패 0, 중복 0, 그룹상한 0, SPR부족 0)
two_variable_data:medium:14: 원형 28개 → 14건 (시도 42, 생성실패 0, 검증실패 0, 중복 0, 그룹상한 0, SPR부족 0)
probability:medium:14: 원형 13개 → 14건 (시도 43, 생성실패 0, 검증실패 0, 중복 1, 그룹상한 0, SPR부족 0)
inference_margin_error:medium:14: 원형 11개 → 14건 (시도 42, 생성실패 0, 검증실패 0, 중복 0, 그룹상한 0, SPR부족 0)
evaluating_statistical_claims:medium:14: 원형 8개 → 14건 (시도 42, 생성실패 0, 검증실패 0, 중복 0, 그룹상한 0, SPR부족 0)
{
 "records": 98,
 "byCell": {
  "ratios_rates_units|medium|mc": 14,
  "percentages|medium|mc": 14,
  "one_variable_data|medium|mc": 14,
  "two_variable_data|medium|mc": 14,
  "probability|medium|mc": 14,
  "inference_margin_error|medium|mc": 14,
  "evaluating_statistical_claims|medium|mc": 14
 }
}
-> /Users/jangjiman/Developer/ALTON-worktrees/math-stock-50/data/mock-exam-generation/gapfill-20261006/raw8/ps_med.json
