{"event":"problem_generation_item_accepted","elapsedMs":7962,"acceptedSoFar":1}
{"event":"problem_generation_pipeline_timing","requested":1,"accepted":1,"shortfall":0,"stoppedReason":"target_met","timeMs":{"total":7963,"generate":4571,"figure":0,"contractRepair":0,"answerExplanationCheck":0,"review":3386,"regenerate":0}}
[linear_equations_one_var/easy/spr] 1/1 (라운드 1, 통과 1/1, 호출 2)
{"event":"problem_generation_item_accepted","elapsedMs":16928,"acceptedSoFar":1}
{"event":"problem_generation_pipeline_timing","requested":1,"accepted":1,"shortfall":0,"stoppedReason":"target_met","timeMs":{"total":16928,"generate":5667,"figure":4204,"contractRepair":0,"answerExplanationCheck":0,"review":3144,"regenerate":3902}}
[linear_equations_two_var/easy/spr] 1/1 (라운드 1, 통과 1/1, 호출 5)
[pipeline] 자료 생성 실패: plane AI 가 만든 그림 데이터가 규격에 맞지 않습니다 — 알 수 없는 그림 type: undefined (받은 데이터: {"axes":{"x":{"min":-5,"max":20,"step":5,"title":"Time (seconds)"},"y":{"min":-5,"max":70,"step":10,"title":"Depth (meters)"}},"objects":[{"id":"P","kind":"point","at":[10,45],"label":"(10, 45)"},{"id":"m","kind":"line","slope":3,"intercept":15,"label":"m"},{"id":"n","kind":"line","slope":3,"intercept":5,"label":"n"}]})
{"event":"problem_generation_item_accepted","elapsedMs":47969,"acceptedSoFar":1}
{"event":"problem_generation_item_accepted","elapsedMs":35264,"acceptedSoFar":1}
{"event":"problem_generation_item_accepted","elapsedMs":65622,"acceptedSoFar":1}
{"event":"problem_generation_item_accepted","elapsedMs":49398,"acceptedSoFar":2}
{"event":"problem_generation_pipeline_timing","requested":1,"accepted":0,"shortfall":1,"stoppedReason":"candidate_cap","timeMs":{"total":70710,"generate":10318,"figure":0,"contractRepair":0,"answerExplanationCheck":4236,"review":49505,"regenerate":6649}}
[linear_equations_one_var/easy/mc] 0/1 (라운드 1, 통과 0/1, 호출 8)
{"event":"problem_generation_item_accepted","elapsedMs":58354,"acceptedSoFar":3}
{"event":"problem_generation_pipeline_timing","requested":3,"accepted":3,"shortfall":0,"stoppedReason":"target_met","timeMs":{"total":58354,"generate":29745,"figure":21544,"contractRepair":1817,"answerExplanationCheck":0,"review":11133,"regenerate":23755}}
[linear_equations_two_var/medium/spr] 3/3 (라운드 1, 통과 3/3, 호출 6.33)
{"event":"problem_generation_item_accepted","elapsedMs":68772,"acceptedSoFar":1}
{"event":"problem_generation_item_accepted","elapsedMs":82548,"acceptedSoFar":2}
{"event":"problem_generation_item_accepted","elapsedMs":84645,"acceptedSoFar":1}
{"event":"problem_generation_pipeline_timing","requested":1,"accepted":1,"shortfall":0,"stoppedReason":"target_met","timeMs":{"total":85873,"generate":65312,"figure":0,"contractRepair":0,"answerExplanationCheck":11498,"review":28392,"regenerate":0}}
[linear_equations_one_var/hard/mc] 1/1 (라운드 1, 통과 1/1, 호출 6)
{"event":"problem_generation_item_accepted","elapsedMs":81493,"acceptedSoFar":2}
{"event":"problem_generation_item_accepted","elapsedMs":83209,"acceptedSoFar":3}
{"event":"problem_generation_item_accepted","elapsedMs":91459,"acceptedSoFar":4}
LaTeX-incompatible input and strict mode is set to 'warn': Unicode text character "멀" used in math mode [unicodeTextInMathMode]
LaTeX-incompatible input and strict mode is set to 'warn': Unicode text character "치" used in math mode [unicodeTextInMathMode]
LaTeX-incompatible input and strict mode is set to 'warn': Unicode text character "자" used in math mode [unicodeTextInMathMode]
LaTeX-incompatible input and strict mode is set to 'warn': Unicode text character "루" used in math mode [unicodeTextInMathMode]
LaTeX-incompatible input and strict mode is set to 'warn': Unicode text character "당" used in math mode [unicodeTextInMathMode]
LaTeX-incompatible input and strict mode is set to 'warn': Unicode text character "이" used in math mode [unicodeTextInMathMode]
LaTeX-incompatible input and strict mode is set to 'warn': Unicode text character "므" used in math mode [unicodeTextInMathMode]
LaTeX-incompatible input and strict mode is set to 'warn': Unicode text character "로" used in math mode [unicodeTextInMathMode]
{"event":"problem_generation_item_accepted","elapsedMs":93029,"acceptedSoFar":5}
{"event":"problem_generation_item_accepted","elapsedMs":95504,"acceptedSoFar":6}
{"event":"problem_generation_item_accepted","elapsedMs":97939,"acceptedSoFar":7}
LaTeX-incompatible input and strict mode is set to 'warn': Unicode text character "로" used in math mode [unicodeTextInMathMode]
LaTeX-incompatible input and strict mode is set to 'warn': Unicode text character "비" used in math mode [unicodeTextInMathMode]
LaTeX-incompatible input and strict mode is set to 'warn': Unicode text character "용" used in math mode [unicodeTextInMathMode]
LaTeX-incompatible input and strict mode is set to 'warn': Unicode text character "이" used in math mode [unicodeTextInMathMode]
LaTeX-incompatible input and strict mode is set to 'warn': Unicode text character "같" used in math mode [unicodeTextInMathMode]
LaTeX-incompatible input and strict mode is set to 'warn': Unicode text character "다" used in math mode [unicodeTextInMathMode]
LaTeX-incompatible input and strict mode is set to 'warn': Unicode text character "오" used in math mode [unicodeTextInMathMode]
LaTeX-incompatible input and strict mode is set to 'warn': Unicode text character "답" used in math mode [unicodeTextInMathMode]
LaTeX-incompatible input and strict mode is set to 'warn': Unicode text character "는" used in math mode [unicodeTextInMathMode]
LaTeX-incompatible input and strict mode is set to 'warn': Unicode text character "그" used in math mode [unicodeTextInMathMode]
LaTeX-incompatible input and strict mode is set to 'warn': Unicode text character "래" used in math mode [unicodeTextInMathMode]
LaTeX-incompatible input and strict mode is set to 'warn': Unicode text character "프" used in math mode [unicodeTextInMathMode]
LaTeX-incompatible input and strict mode is set to 'warn': Unicode text character "의" used in math mode [unicodeTextInMathMode]
LaTeX-incompatible input and strict mode is set to 'warn': Unicode text character "두" used in math mode [unicodeTextInMathMode]
LaTeX-incompatible input and strict mode is set to 'warn': Unicode text character "직" used in math mode [unicodeTextInMathMode]
LaTeX-incompatible input and strict mode is set to 'warn': Unicode text character "선" used in math mode [unicodeTextInMathMode]
LaTeX-incompatible input and strict mode is set to 'warn': Unicode text character "이" used in math mode [unicodeTextInMathMode]
LaTeX-incompatible input and strict mode is set to 'warn': Unicode text character "교" used in math mode [unicodeTextInMathMode]
LaTeX-incompatible input and strict mode is set to 'warn': Unicode text character "차" used in math mode [unicodeTextInMathMode]
LaTeX-incompatible input and strict mode is set to 'warn': Unicode text character "하" used in math mode [unicodeTextInMathMode]
LaTeX-incompatible input and strict mode is set to 'warn': Unicode text character "는" used in math mode [unicodeTextInMathMode]
LaTeX-incompatible input and strict mode is set to 'warn': Unicode text character "것" used in math mode [unicodeTextInMathMode]
LaTeX-incompatible input and strict mode is set to 'warn': Unicode text character "처" used in math mode [unicodeTextInMathMode]
LaTeX-incompatible input and strict mode is set to 'warn': Unicode text character "럼" used in math mode [unicodeTextInMathMode]
LaTeX-incompatible input and strict mode is set to 'warn': Unicode text character "보" used in math mode [unicodeTextInMathMode]
LaTeX-incompatible input and strict mode is set to 'warn': Unicode text character "이" used in math mode [unicodeTextInMathMode]
LaTeX-incompatible input and strict mode is set to 'warn': Unicode text character "는" used in math mode [unicodeTextInMathMode]
LaTeX-incompatible input and strict mode is set to 'warn': Unicode text character "임" used in math mode [unicodeTextInMathMode]
LaTeX-incompatible input and strict mode is set to 'warn': Unicode text character "의" used in math mode [unicodeTextInMathMode]
LaTeX-incompatible input and strict mode is set to 'warn': Unicode text character "의" used in math mode [unicodeTextInMathMode]
LaTeX-incompatible input and strict mode is set to 'warn': Unicode text character "값" used in math mode [unicodeTextInMathMode]
LaTeX-incompatible input and strict mode is set to 'warn': Unicode text character "근" used in math mode [unicodeTextInMathMode]
LaTeX-incompatible input and strict mode is set to 'warn': Unicode text character "처" used in math mode [unicodeTextInMathMode]
LaTeX-incompatible input and strict mode is set to 'warn': Unicode text character "절" used in math mode [unicodeTextInMathMode]
LaTeX-incompatible input and strict mode is set to 'warn': Unicode text character "편" used in math mode [unicodeTextInMathMode]
LaTeX-incompatible input and strict mode is set to 'warn': Unicode text character "차" used in math mode [unicodeTextInMathMode]
LaTeX-incompatible input and strict mode is set to 'warn': Unicode text character "이" used in math mode [unicodeTextInMathMode]
LaTeX-incompatible input and strict mode is set to 'warn': Unicode text character "와" used in math mode [unicodeTextInMathMode]
LaTeX-incompatible input and strict mode is set to 'warn': Unicode text character "기" used in math mode [unicodeTextInMathMode]
LaTeX-incompatible input and strict mode is set to 'warn': Unicode text character "울" used in math mode [unicodeTextInMathMode]
LaTeX-incompatible input and strict mode is set to 'warn': Unicode text character "기" used in math mode [unicodeTextInMathMode]
LaTeX-incompatible input and strict mode is set to 'warn': Unicode text character "차" used in math mode [unicodeTextInMathMode]
LaTeX-incompatible input and strict mode is set to 'warn': Unicode text character "이" used in math mode [unicodeTextInMathMode]
LaTeX-incompatible input and strict mode is set to 'warn': Unicode text character "를" used in math mode [unicodeTextInMathMode]
LaTeX-incompatible input and strict mode is set to 'warn': Unicode text character "잘" used in math mode [unicodeTextInMathMode]
LaTeX-incompatible input and strict mode is set to 'warn': Unicode text character "못" used in math mode [unicodeTextInMathMode]
LaTeX-incompatible input and strict mode is set to 'warn': Unicode text character "나" used in math mode [unicodeTextInMathMode]
LaTeX-incompatible input and strict mode is set to 'warn': Unicode text character "누" used in math mode [unicodeTextInMathMode]
LaTeX-incompatible input and strict mode is set to 'warn': Unicode text character "어" used in math mode [unicodeTextInMathMode]
LaTeX-incompatible input and strict mode is set to 'warn': Unicode text character "시" used in math mode [unicodeTextInMathMode]
LaTeX-incompatible input and strict mode is set to 'warn': Unicode text character "간" used in math mode [unicodeTextInMathMode]
LaTeX-incompatible input and strict mode is set to 'warn': Unicode text character "으" used in math mode [unicodeTextInMathMode]
LaTeX-incompatible input and strict mode is set to 'warn': Unicode text character "로" used in math mode [unicodeTextInMathMode]
LaTeX-incompatible input and strict mode is set to 'warn': Unicode text character "계" used in math mode [unicodeTextInMathMode]
LaTeX-incompatible input and strict mode is set to 'warn': Unicode text character "산" used in math mode [unicodeTextInMathMode]
LaTeX-incompatible input and strict mode is set to 'warn': Unicode text character "에" used in math mode [unicodeTextInMathMode]
LaTeX-incompatible input and strict mode is set to 'warn': Unicode text character "서" used in math mode [unicodeTextInMathMode]
LaTeX-incompatible input and strict mode is set to 'warn': Unicode text character "나" used in math mode [unicodeTextInMathMode]
LaTeX-incompatible input and strict mode is set to 'warn': Unicode text character "온" used in math mode [unicodeTextInMathMode]
LaTeX-incompatible input and strict mode is set to 'warn': Unicode text character "값" used in math mode [unicodeTextInMathMode]
LaTeX-incompatible input and strict mode is set to 'warn': Unicode text character "으" used in math mode [unicodeTextInMathMode]
LaTeX-incompatible input and strict mode is set to 'warn': Unicode text character "로" used in math mode [unicodeTextInMathMode]
LaTeX-incompatible input and strict mode is set to 'warn': Unicode text character "절" used in math mode [unicodeTextInMathMode]
LaTeX-incompatible input and strict mode is set to 'warn': Unicode text character "편" used in math mode [unicodeTextInMathMode]
LaTeX-incompatible input and strict mode is set to 'warn': Unicode text character "과" used in math mode [unicodeTextInMathMode]
LaTeX-incompatible input and strict mode is set to 'warn': Unicode text character "기" used in math mode [unicodeTextInMathMode]
LaTeX-incompatible input and strict mode is set to 'warn': Unicode text character "울" used in math mode [unicodeTextInMathMode]
LaTeX-incompatible input and strict mode is set to 'warn': Unicode text character "기" used in math mode [unicodeTextInMathMode]
LaTeX-incompatible input and strict mode is set to 'warn': Unicode text character "차" used in math mode [unicodeTextInMathMode]
LaTeX-incompatible input and strict mode is set to 'warn': Unicode text character "이" used in math mode [unicodeTextInMathMode]
LaTeX-incompatible input and strict mode is set to 'warn': Unicode text character "를" used in math mode [unicodeTextInMathMode]
LaTeX-incompatible input and strict mode is set to 'warn': Unicode text character "정" used in math mode [unicodeTextInMathMode]
LaTeX-incompatible input and strict mode is set to 'warn': Unicode text character "확" used in math mode [unicodeTextInMathMode]
LaTeX-incompatible input and strict mode is set to 'warn': Unicode text character "히" used in math mode [unicodeTextInMathMode]
LaTeX-incompatible input and strict mode is set to 'warn': Unicode text character "종" used in math mode [unicodeTextInMathMode]
LaTeX-incompatible input and strict mode is set to 'warn': Unicode text character "합" used in math mode [unicodeTextInMathMode]
LaTeX-incompatible input and strict mode is set to 'warn': Unicode text character "하" used in math mode [unicodeTextInMathMode]
LaTeX-incompatible input and strict mode is set to 'warn': Unicode text character "지" used in math mode [unicodeTextInMathMode]
LaTeX-incompatible input and strict mode is set to 'warn': Unicode text character "못" used in math mode [unicodeTextInMathMode]
LaTeX-incompatible input and strict mode is set to 'warn': Unicode text character "한" used in math mode [unicodeTextInMathMode]
LaTeX-incompatible input and strict mode is set to 'warn': Unicode text character "경" used in math mode [unicodeTextInMathMode]
LaTeX-incompatible input and strict mode is set to 'warn': Unicode text character "우" used in math mode [unicodeTextInMathMode]
LaTeX-incompatible input and strict mode is set to 'warn': Unicode text character "다" used in math mode [unicodeTextInMathMode]
LaTeX-incompatible input and strict mode is set to 'warn': Unicode text character "오" used in math mode [unicodeTextInMathMode]
LaTeX-incompatible input and strict mode is set to 'warn': Unicode text character "답" used in math mode [unicodeTextInMathMode]
LaTeX-incompatible input and strict mode is set to 'warn': Unicode text character "는" used in math mode [unicodeTextInMathMode]
LaTeX-incompatible input and strict mode is set to 'warn': Unicode text character "초" used in math mode [unicodeTextInMathMode]
LaTeX-incompatible input and strict mode is set to 'warn': Unicode text character "기" used in math mode [unicodeTextInMathMode]
LaTeX-incompatible input and strict mode is set to 'warn': Unicode text character "비" used in math mode [unicodeTextInMathMode]
LaTeX-incompatible input and strict mode is set to 'warn': Unicode text character "용" used in math mode [unicodeTextInMathMode]
LaTeX-incompatible input and strict mode is set to 'warn': Unicode text character "차" used in math mode [unicodeTextInMathMode]
LaTeX-incompatible input and strict mode is set to 'warn': Unicode text character "이" used in math mode [unicodeTextInMathMode]
LaTeX-incompatible input and strict mode is set to 'warn': Unicode text character "를" used in math mode [unicodeTextInMathMode]
LaTeX-incompatible input and strict mode is set to 'warn': Unicode text character "기" used in math mode [unicodeTextInMathMode]
LaTeX-incompatible input and strict mode is set to 'warn': Unicode text character "울" used in math mode [unicodeTextInMathMode]
LaTeX-incompatible input and strict mode is set to 'warn': Unicode text character "기" used in math mode [unicodeTextInMathMode]
LaTeX-incompatible input and strict mode is set to 'warn': Unicode text character "합" used in math mode [unicodeTextInMathMode]
LaTeX-incompatible input and strict mode is set to 'warn': Unicode text character "으" used in math mode [unicodeTextInMathMode]
LaTeX-incompatible input and strict mode is set to 'warn': Unicode text character "로" used in math mode [unicodeTextInMathMode]
LaTeX-incompatible input and strict mode is set to 'warn': Unicode text character "나" used in math mode [unicodeTextInMathMode]
LaTeX-incompatible input and strict mode is set to 'warn': Unicode text character "누" used in math mode [unicodeTextInMathMode]
LaTeX-incompatible input and strict mode is set to 'warn': Unicode text character "는" used in math mode [unicodeTextInMathMode]
LaTeX-incompatible input and strict mode is set to 'warn': Unicode text character "등" used in math mode [unicodeTextInMathMode]
LaTeX-incompatible input and strict mode is set to 'warn': Unicode text character "두" used in math mode [unicodeTextInMathMode]
LaTeX-incompatible input and strict mode is set to 'warn': Unicode text character "관" used in math mode [unicodeTextInMathMode]
LaTeX-incompatible input and strict mode is set to 'warn': Unicode text character "계" used in math mode [unicodeTextInMathMode]
LaTeX-incompatible input and strict mode is set to 'warn': Unicode text character "식" used in math mode [unicodeTextInMathMode]
LaTeX-incompatible input and strict mode is set to 'warn': Unicode text character "을" used in math mode [unicodeTextInMathMode]
LaTeX-incompatible input and strict mode is set to 'warn': Unicode text character "올" used in math mode [unicodeTextInMathMode]
LaTeX-incompatible input and strict mode is set to 'warn': Unicode text character "바" used in math mode [unicodeTextInMathMode]
LaTeX-incompatible input and strict mode is set to 'warn': Unicode text character "르" used in math mode [unicodeTextInMathMode]
LaTeX-incompatible input and strict mode is set to 'warn': Unicode text character "게" used in math mode [unicodeTextInMathMode]
LaTeX-incompatible input and strict mode is set to 'warn': Unicode text character "세" used in math mode [unicodeTextInMathMode]
LaTeX-incompatible input and strict mode is set to 'warn': Unicode text character "우" used in math mode [unicodeTextInMathMode]
LaTeX-incompatible input and strict mode is set to 'warn': Unicode text character "지" used in math mode [unicodeTextInMathMode]
LaTeX-incompatible input and strict mode is set to 'warn': Unicode text character "않" used in math mode [unicodeTextInMathMode]
LaTeX-incompatible input and strict mode is set to 'warn': Unicode text character "고" used in math mode [unicodeTextInMathMode]
LaTeX-incompatible input and strict mode is set to 'warn': Unicode text character "부" used in math mode [unicodeTextInMathMode]
LaTeX-incompatible input and strict mode is set to 'warn': Unicode text character "분" used in math mode [unicodeTextInMathMode]
LaTeX-incompatible input and strict mode is set to 'warn': Unicode text character "적" used in math mode [unicodeTextInMathMode]
LaTeX-incompatible input and strict mode is set to 'warn': Unicode text character "으" used in math mode [unicodeTextInMathMode]
LaTeX-incompatible input and strict mode is set to 'warn': Unicode text character "로" used in math mode [unicodeTextInMathMode]
LaTeX-incompatible input and strict mode is set to 'warn': Unicode text character "만" used in math mode [unicodeTextInMathMode]
LaTeX-incompatible input and strict mode is set to 'warn': Unicode text character "계" used in math mode [unicodeTextInMathMode]
LaTeX-incompatible input and strict mode is set to 'warn': Unicode text character "산" used in math mode [unicodeTextInMathMode]
LaTeX-incompatible input and strict mode is set to 'warn': Unicode text character "한" used in math mode [unicodeTextInMathMode]
LaTeX-incompatible input and strict mode is set to 'warn': Unicode text character "값" used in math mode [unicodeTextInMathMode]
LaTeX-incompatible input and strict mode is set to 'warn': Unicode text character "이" used in math mode [unicodeTextInMathMode]
LaTeX-incompatible input and strict mode is set to 'warn': Unicode text character "다" used in math mode [unicodeTextInMathMode]
LaTeX-incompatible input and strict mode is set to 'warn': Unicode text character "오" used in math mode [unicodeTextInMathMode]
LaTeX-incompatible input and strict mode is set to 'warn': Unicode text character "답" used in math mode [unicodeTextInMathMode]
LaTeX-incompatible input and strict mode is set to 'warn': Unicode text character "는" used in math mode [unicodeTextInMathMode]
LaTeX-incompatible input and strict mode is set to 'warn': Unicode text character "기" used in math mode [unicodeTextInMathMode]
LaTeX-incompatible input and strict mode is set to 'warn': Unicode text character "울" used in math mode [unicodeTextInMathMode]
LaTeX-incompatible input and strict mode is set to 'warn': Unicode text character "기" used in math mode [unicodeTextInMathMode]
LaTeX-incompatible input and strict mode is set to 'warn': Unicode text character "차" used in math mode [unicodeTextInMathMode]
LaTeX-incompatible input and strict mode is set to 'warn': Unicode text character "이" used in math mode [unicodeTextInMathMode]
LaTeX-incompatible input and strict mode is set to 'warn': Unicode text character "대" used in math mode [unicodeTextInMathMode]
LaTeX-incompatible input and strict mode is set to 'warn': Unicode text character "신" used in math mode [unicodeTextInMathMode]
LaTeX-incompatible input and strict mode is set to 'warn': Unicode text character "원" used in math mode [unicodeTextInMathMode]
LaTeX-incompatible input and strict mode is set to 'warn': Unicode text character "래" used in math mode [unicodeTextInMathMode]
LaTeX-incompatible input and strict mode is set to 'warn': Unicode text character "기" used in math mode [unicodeTextInMathMode]
LaTeX-incompatible input and strict mode is set to 'warn': Unicode text character "울" used in math mode [unicodeTextInMathMode]
LaTeX-incompatible input and strict mode is set to 'warn': Unicode text character "기" used in math mode [unicodeTextInMathMode]
LaTeX-incompatible input and strict mode is set to 'warn': Unicode text character "중" used in math mode [unicodeTextInMathMode]
LaTeX-incompatible input and strict mode is set to 'warn': Unicode text character "하" used in math mode [unicodeTextInMathMode]
LaTeX-incompatible input and strict mode is set to 'warn': Unicode text character "나" used in math mode [unicodeTextInMathMode]
LaTeX-incompatible input and strict mode is set to 'warn': Unicode text character "만" used in math mode [unicodeTextInMathMode]
LaTeX-incompatible input and strict mode is set to 'warn': Unicode text character "을" used in math mode [unicodeTextInMathMode]
LaTeX-incompatible input and strict mode is set to 'warn': Unicode text character "사" used in math mode [unicodeTextInMathMode]
LaTeX-incompatible input and strict mode is set to 'warn': Unicode text character "용" used in math mode [unicodeTextInMathMode]
LaTeX-incompatible input and strict mode is set to 'warn': Unicode text character "해" used in math mode [unicodeTextInMathMode]
[pipeline] 자료 생성 실패: plane AI 가 만든 그림 데이터가 규격에 맞지 않습니다 — objects 가 하나 이상 필요합니다. (받은 데이터: {"type":"plane","axes":{"x":{"min":-10,"max":10,"step":1,"title":"x"},"y":{"min":-10,"max":10,"step":1,"title":"y"}},"objects":[]})
LaTeX-incompatible input and strict mode is set to 'warn': Unicode text character "로" used in math mode [unicodeTextInMathMode]
LaTeX-incompatible input and strict mode is set to 'warn': Unicode text character "비" used in math mode [unicodeTextInMathMode]
LaTeX-incompatible input and strict mode is set to 'warn': Unicode text character "용" used in math mode [unicodeTextInMathMode]
LaTeX-incompatible input and strict mode is set to 'warn': Unicode text character "이" used in math mode [unicodeTextInMathMode]
LaTeX-incompatible input and strict mode is set to 'warn': Unicode text character "같" used in math mode [unicodeTextInMathMode]
LaTeX-incompatible input and strict mode is set to 'warn': Unicode text character "다" used in math mode [unicodeTextInMathMode]
LaTeX-incompatible input and strict mode is set to 'warn': Unicode text character "오" used in math mode [unicodeTextInMathMode]
LaTeX-incompatible input and strict mode is set to 'warn': Unicode text character "답" used in math mode [unicodeTextInMathMode]
LaTeX-incompatible input and strict mode is set to 'warn': Unicode text character "는" used in math mode [unicodeTextInMathMode]
LaTeX-incompatible input and strict mode is set to 'warn': Unicode text character "그" used in math mode [unicodeTextInMathMode]
LaTeX-incompatible input and strict mode is set to 'warn': Unicode text character "래" used in math mode [unicodeTextInMathMode]
LaTeX-incompatible input and strict mode is set to 'warn': Unicode text character "프" used in math mode [unicodeTextInMathMode]
LaTeX-incompatible input and strict mode is set to 'warn': Unicode text character "의" used in math mode [unicodeTextInMathMode]
LaTeX-incompatible input and strict mode is set to 'warn': Unicode text character "두" used in math mode [unicodeTextInMathMode]
LaTeX-incompatible input and strict mode is set to 'warn': Unicode text character "직" used in math mode [unicodeTextInMathMode]
LaTeX-incompatible input and strict mode is set to 'warn': Unicode text character "선" used in math mode [unicodeTextInMathMode]
LaTeX-incompatible input and strict mode is set to 'warn': Unicode text character "이" used in math mode [unicodeTextInMathMode]
LaTeX-incompatible input and strict mode is set to 'warn': Unicode text character "교" used in math mode [unicodeTextInMathMode]
LaTeX-incompatible input and strict mode is set to 'warn': Unicode text character "차" used in math mode [unicodeTextInMathMode]
LaTeX-incompatible input and strict mode is set to 'warn': Unicode text character "하" used in math mode [unicodeTextInMathMode]
LaTeX-incompatible input and strict mode is set to 'warn': Unicode text character "는" used in math mode [unicodeTextInMathMode]
LaTeX-incompatible input and strict mode is set to 'warn': Unicode text character "것" used in math mode [unicodeTextInMathMode]
LaTeX-incompatible input and strict mode is set to 'warn': Unicode text character "처" used in math mode [unicodeTextInMathMode]
LaTeX-incompatible input and strict mode is set to 'warn': Unicode text character "럼" used in math mode [unicodeTextInMathMode]
LaTeX-incompatible input and strict mode is set to 'warn': Unicode text character "보" used in math mode [unicodeTextInMathMode]
LaTeX-incompatible input and strict mode is set to 'warn': Unicode text character "이" used in math mode [unicodeTextInMathMode]
LaTeX-incompatible input and strict mode is set to 'warn': Unicode text character "는" used in math mode [unicodeTextInMathMode]
LaTeX-incompatible input and strict mode is set to 'warn': Unicode text character "임" used in math mode [unicodeTextInMathMode]
LaTeX-incompatible input and strict mode is set to 'warn': Unicode text character "의" used in math mode [unicodeTextInMathMode]
LaTeX-incompatible input and strict mode is set to 'warn': Unicode text character "의" used in math mode [unicodeTextInMathMode]
LaTeX-incompatible input and strict mode is set to 'warn': Unicode text character "값" used in math mode [unicodeTextInMathMode]
LaTeX-incompatible input and strict mode is set to 'warn': Unicode text character "근" used in math mode [unicodeTextInMathMode]
LaTeX-incompatible input and strict mode is set to 'warn': Unicode text character "처" used in math mode [unicodeTextInMathMode]
LaTeX-incompatible input and strict mode is set to 'warn': Unicode text character "절" used in math mode [unicodeTextInMathMode]
LaTeX-incompatible input and strict mode is set to 'warn': Unicode text character "편" used in math mode [unicodeTextInMathMode]
LaTeX-incompatible input and strict mode is set to 'warn': Unicode text character "차" used in math mode [unicodeTextInMathMode]
LaTeX-incompatible input and strict mode is set to 'warn': Unicode text character "이" used in math mode [unicodeTextInMathMode]
LaTeX-incompatible input and strict mode is set to 'warn': Unicode text character "와" used in math mode [unicodeTextInMathMode]
LaTeX-incompatible input and strict mode is set to 'warn': Unicode text character "기" used in math mode [unicodeTextInMathMode]
LaTeX-incompatible input and strict mode is set to 'warn': Unicode text character "울" used in math mode [unicodeTextInMathMode]
LaTeX-incompatible input and strict mode is set to 'warn': Unicode text character "기" used in math mode [unicodeTextInMathMode]
LaTeX-incompatible input and strict mode is set to 'warn': Unicode text character "차" used in math mode [unicodeTextInMathMode]
LaTeX-incompatible input and strict mode is set to 'warn': Unicode text character "이" used in math mode [unicodeTextInMathMode]
LaTeX-incompatible input and strict mode is set to 'warn': Unicode text character "를" used in math mode [unicodeTextInMathMode]
LaTeX-incompatible input and strict mode is set to 'warn': Unicode text character "잘" used in math mode [unicodeTextInMathMode]
LaTeX-incompatible input and strict mode is set to 'warn': Unicode text character "못" used in math mode [unicodeTextInMathMode]
LaTeX-incompatible input and strict mode is set to 'warn': Unicode text character "나" used in math mode [unicodeTextInMathMode]
LaTeX-incompatible input and strict mode is set to 'warn': Unicode text character "누" used in math mode [unicodeTextInMathMode]
LaTeX-incompatible input and strict mode is set to 'warn': Unicode text character "어" used in math mode [unicodeTextInMathMode]
LaTeX-incompatible input and strict mode is set to 'warn': Unicode text character "시" used in math mode [unicodeTextInMathMode]
LaTeX-incompatible input and strict mode is set to 'warn': Unicode text character "간" used in math mode [unicodeTextInMathMode]
LaTeX-incompatible input and strict mode is set to 'warn': Unicode text character "으" used in math mode [unicodeTextInMathMode]
LaTeX-incompatible input and strict mode is set to 'warn': Unicode text character "로" used in math mode [unicodeTextInMathMode]
LaTeX-incompatible input and strict mode is set to 'warn': Unicode text character "계" used in math mode [unicodeTextInMathMode]
LaTeX-incompatible input and strict mode is set to 'warn': Unicode text character "산" used in math mode [unicodeTextInMathMode]
LaTeX-incompatible input and strict mode is set to 'warn': Unicode text character "에" used in math mode [unicodeTextInMathMode]
LaTeX-incompatible input and strict mode is set to 'warn': Unicode text character "서" used in math mode [unicodeTextInMathMode]
LaTeX-incompatible input and strict mode is set to 'warn': Unicode text character "나" used in math mode [unicodeTextInMathMode]
LaTeX-incompatible input and strict mode is set to 'warn': Unicode text character "온" used in math mode [unicodeTextInMathMode]
LaTeX-incompatible input and strict mode is set to 'warn': Unicode text character "값" used in math mode [unicodeTextInMathMode]
LaTeX-incompatible input and strict mode is set to 'warn': Unicode text character "으" used in math mode [unicodeTextInMathMode]
LaTeX-incompatible input and strict mode is set to 'warn': Unicode text character "로" used in math mode [unicodeTextInMathMode]
LaTeX-incompatible input and strict mode is set to 'warn': Unicode text character "절" used in math mode [unicodeTextInMathMode]
LaTeX-incompatible input and strict mode is set to 'warn': Unicode text character "편" used in math mode [unicodeTextInMathMode]
LaTeX-incompatible input and strict mode is set to 'warn': Unicode text character "과" used in math mode [unicodeTextInMathMode]
LaTeX-incompatible input and strict mode is set to 'warn': Unicode text character "기" used in math mode [unicodeTextInMathMode]
LaTeX-incompatible input and strict mode is set to 'warn': Unicode text character "울" used in math mode [unicodeTextInMathMode]
LaTeX-incompatible input and strict mode is set to 'warn': Unicode text character "기" used in math mode [unicodeTextInMathMode]
LaTeX-incompatible input and strict mode is set to 'warn': Unicode text character "차" used in math mode [unicodeTextInMathMode]
LaTeX-incompatible input and strict mode is set to 'warn': Unicode text character "이" used in math mode [unicodeTextInMathMode]
LaTeX-incompatible input and strict mode is set to 'warn': Unicode text character "를" used in math mode [unicodeTextInMathMode]
LaTeX-incompatible input and strict mode is set to 'warn': Unicode text character "정" used in math mode [unicodeTextInMathMode]
LaTeX-incompatible input and strict mode is set to 'warn': Unicode text character "확" used in math mode [unicodeTextInMathMode]
LaTeX-incompatible input and strict mode is set to 'warn': Unicode text character "히" used in math mode [unicodeTextInMathMode]
LaTeX-incompatible input and strict mode is set to 'warn': Unicode text character "종" used in math mode [unicodeTextInMathMode]
LaTeX-incompatible input and strict mode is set to 'warn': Unicode text character "합" used in math mode [unicodeTextInMathMode]
LaTeX-incompatible input and strict mode is set to 'warn': Unicode text character "하" used in math mode [unicodeTextInMathMode]
LaTeX-incompatible input and strict mode is set to 'warn': Unicode text character "지" used in math mode [unicodeTextInMathMode]
LaTeX-incompatible input and strict mode is set to 'warn': Unicode text character "못" used in math mode [unicodeTextInMathMode]
LaTeX-incompatible input and strict mode is set to 'warn': Unicode text character "한" used in math mode [unicodeTextInMathMode]
LaTeX-incompatible input and strict mode is set to 'warn': Unicode text character "경" used in math mode [unicodeTextInMathMode]
LaTeX-incompatible input and strict mode is set to 'warn': Unicode text character "우" used in math mode [unicodeTextInMathMode]
LaTeX-incompatible input and strict mode is set to 'warn': Unicode text character "다" used in math mode [unicodeTextInMathMode]
LaTeX-incompatible input and strict mode is set to 'warn': Unicode text character "오" used in math mode [unicodeTextInMathMode]
LaTeX-incompatible input and strict mode is set to 'warn': Unicode text character "답" used in math mode [unicodeTextInMathMode]
LaTeX-incompatible input and strict mode is set to 'warn': Unicode text character "는" used in math mode [unicodeTextInMathMode]
LaTeX-incompatible input and strict mode is set to 'warn': Unicode text character "초" used in math mode [unicodeTextInMathMode]
LaTeX-incompatible input and strict mode is set to 'warn': Unicode text character "기" used in math mode [unicodeTextInMathMode]
LaTeX-incompatible input and strict mode is set to 'warn': Unicode text character "비" used in math mode [unicodeTextInMathMode]
LaTeX-incompatible input and strict mode is set to 'warn': Unicode text character "용" used in math mode [unicodeTextInMathMode]
LaTeX-incompatible input and strict mode is set to 'warn': Unicode text character "차" used in math mode [unicodeTextInMathMode]
LaTeX-incompatible input and strict mode is set to 'warn': Unicode text character "이" used in math mode [unicodeTextInMathMode]
LaTeX-incompatible input and strict mode is set to 'warn': Unicode text character "를" used in math mode [unicodeTextInMathMode]
LaTeX-incompatible input and strict mode is set to 'warn': Unicode text character "기" used in math mode [unicodeTextInMathMode]
LaTeX-incompatible input and strict mode is set to 'warn': Unicode text character "울" used in math mode [unicodeTextInMathMode]
LaTeX-incompatible input and strict mode is set to 'warn': Unicode text character "기" used in math mode [unicodeTextInMathMode]
LaTeX-incompatible input and strict mode is set to 'warn': Unicode text character "합" used in math mode [unicodeTextInMathMode]
LaTeX-incompatible input and strict mode is set to 'warn': Unicode text character "으" used in math mode [unicodeTextInMathMode]
LaTeX-incompatible input and strict mode is set to 'warn': Unicode text character "로" used in math mode [unicodeTextInMathMode]
LaTeX-incompatible input and strict mode is set to 'warn': Unicode text character "나" used in math mode [unicodeTextInMathMode]
LaTeX-incompatible input and strict mode is set to 'warn': Unicode text character "누" used in math mode [unicodeTextInMathMode]
LaTeX-incompatible input and strict mode is set to 'warn': Unicode text character "는" used in math mode [unicodeTextInMathMode]
LaTeX-incompatible input and strict mode is set to 'warn': Unicode text character "등" used in math mode [unicodeTextInMathMode]
LaTeX-incompatible input and strict mode is set to 'warn': Unicode text character "두" used in math mode [unicodeTextInMathMode]
LaTeX-incompatible input and strict mode is set to 'warn': Unicode text character "관" used in math mode [unicodeTextInMathMode]
LaTeX-incompatible input and strict mode is set to 'warn': Unicode text character "계" used in math mode [unicodeTextInMathMode]
LaTeX-incompatible input and strict mode is set to 'warn': Unicode text character "식" used in math mode [unicodeTextInMathMode]
LaTeX-incompatible input and strict mode is set to 'warn': Unicode text character "을" used in math mode [unicodeTextInMathMode]
LaTeX-incompatible input and strict mode is set to 'warn': Unicode text character "올" used in math mode [unicodeTextInMathMode]
LaTeX-incompatible input and strict mode is set to 'warn': Unicode text character "바" used in math mode [unicodeTextInMathMode]
LaTeX-incompatible input and strict mode is set to 'warn': Unicode text character "르" used in math mode [unicodeTextInMathMode]
LaTeX-incompatible input and strict mode is set to 'warn': Unicode text character "게" used in math mode [unicodeTextInMathMode]
LaTeX-incompatible input and strict mode is set to 'warn': Unicode text character "세" used in math mode [unicodeTextInMathMode]
LaTeX-incompatible input and strict mode is set to 'warn': Unicode text character "우" used in math mode [unicodeTextInMathMode]
LaTeX-incompatible input and strict mode is set to 'warn': Unicode text character "지" used in math mode [unicodeTextInMathMode]
LaTeX-incompatible input and strict mode is set to 'warn': Unicode text character "않" used in math mode [unicodeTextInMathMode]
LaTeX-incompatible input and strict mode is set to 'warn': Unicode text character "고" used in math mode [unicodeTextInMathMode]
LaTeX-incompatible input and strict mode is set to 'warn': Unicode text character "부" used in math mode [unicodeTextInMathMode]
LaTeX-incompatible input and strict mode is set to 'warn': Unicode text character "분" used in math mode [unicodeTextInMathMode]
LaTeX-incompatible input and strict mode is set to 'warn': Unicode text character "적" used in math mode [unicodeTextInMathMode]
LaTeX-incompatible input and strict mode is set to 'warn': Unicode text character "으" used in math mode [unicodeTextInMathMode]
LaTeX-incompatible input and strict mode is set to 'warn': Unicode text character "로" used in math mode [unicodeTextInMathMode]
LaTeX-incompatible input and strict mode is set to 'warn': Unicode text character "만" used in math mode [unicodeTextInMathMode]
LaTeX-incompatible input and strict mode is set to 'warn': Unicode text character "계" used in math mode [unicodeTextInMathMode]
LaTeX-incompatible input and strict mode is set to 'warn': Unicode text character "산" used in math mode [unicodeTextInMathMode]
LaTeX-incompatible input and strict mode is set to 'warn': Unicode text character "한" used in math mode [unicodeTextInMathMode]
LaTeX-incompatible input and strict mode is set to 'warn': Unicode text character "값" used in math mode [unicodeTextInMathMode]
LaTeX-incompatible input and strict mode is set to 'warn': Unicode text character "이" used in math mode [unicodeTextInMathMode]
LaTeX-incompatible input and strict mode is set to 'warn': Unicode text character "다" used in math mode [unicodeTextInMathMode]
LaTeX-incompatible input and strict mode is set to 'warn': Unicode text character "오" used in math mode [unicodeTextInMathMode]
LaTeX-incompatible input and strict mode is set to 'warn': Unicode text character "답" used in math mode [unicodeTextInMathMode]
LaTeX-incompatible input and strict mode is set to 'warn': Unicode text character "는" used in math mode [unicodeTextInMathMode]
LaTeX-incompatible input and strict mode is set to 'warn': Unicode text character "기" used in math mode [unicodeTextInMathMode]
LaTeX-incompatible input and strict mode is set to 'warn': Unicode text character "울" used in math mode [unicodeTextInMathMode]
LaTeX-incompatible input and strict mode is set to 'warn': Unicode text character "기" used in math mode [unicodeTextInMathMode]
LaTeX-incompatible input and strict mode is set to 'warn': Unicode text character "차" used in math mode [unicodeTextInMathMode]
LaTeX-incompatible input and strict mode is set to 'warn': Unicode text character "이" used in math mode [unicodeTextInMathMode]
LaTeX-incompatible input and strict mode is set to 'warn': Unicode text character "대" used in math mode [unicodeTextInMathMode]
LaTeX-incompatible input and strict mode is set to 'warn': Unicode text character "신" used in math mode [unicodeTextInMathMode]
LaTeX-incompatible input and strict mode is set to 'warn': Unicode text character "원" used in math mode [unicodeTextInMathMode]
LaTeX-incompatible input and strict mode is set to 'warn': Unicode text character "래" used in math mode [unicodeTextInMathMode]
LaTeX-incompatible input and strict mode is set to 'warn': Unicode text character "기" used in math mode [unicodeTextInMathMode]
LaTeX-incompatible input and strict mode is set to 'warn': Unicode text character "울" used in math mode [unicodeTextInMathMode]
LaTeX-incompatible input and strict mode is set to 'warn': Unicode text character "기" used in math mode [unicodeTextInMathMode]
LaTeX-incompatible input and strict mode is set to 'warn': Unicode text character "중" used in math mode [unicodeTextInMathMode]
LaTeX-incompatible input and strict mode is set to 'warn': Unicode text character "하" used in math mode [unicodeTextInMathMode]
LaTeX-incompatible input and strict mode is set to 'warn': Unicode text character "나" used in math mode [unicodeTextInMathMode]
LaTeX-incompatible input and strict mode is set to 'warn': Unicode text character "만" used in math mode [unicodeTextInMathMode]
LaTeX-incompatible input and strict mode is set to 'warn': Unicode text character "을" used in math mode [unicodeTextInMathMode]
LaTeX-incompatible input and strict mode is set to 'warn': Unicode text character "사" used in math mode [unicodeTextInMathMode]
LaTeX-incompatible input and strict mode is set to 'warn': Unicode text character "용" used in math mode [unicodeTextInMathMode]
LaTeX-incompatible input and strict mode is set to 'warn': Unicode text character "해" used in math mode [unicodeTextInMathMode]
{"event":"problem_generation_item_accepted","elapsedMs":49937,"acceptedSoFar":1}
{"event":"problem_generation_pipeline_timing","requested":1,"accepted":1,"shortfall":0,"stoppedReason":"target_met","timeMs":{"total":49937,"generate":13132,"figure":0,"contractRepair":0,"answerExplanationCheck":5696,"review":24556,"regenerate":6553}}
[linear_equations_one_var/easy/mc] 1/1 (라운드 2, 통과 1/1, 호출 6)
{"event":"problem_generation_pipeline_timing","requested":1,"accepted":1,"shortfall":0,"stoppedReason":"target_met","timeMs":{"total":123219,"generate":34454,"figure":0,"contractRepair":26209,"answerExplanationCheck":0,"review":37930,"regenerate":55774}}
[linear_equations_one_var/hard/spr] 1/1 (라운드 1, 통과 1/1, 호출 13)
{"event":"problem_generation_item_accepted","elapsedMs":117665,"acceptedSoFar":8}
{"event":"problem_generation_item_accepted","elapsedMs":125937,"acceptedSoFar":3}
{"event":"problem_generation_item_accepted","elapsedMs":126320,"acceptedSoFar":4}
{"event":"problem_generation_pipeline_timing","requested":4,"accepted":4,"shortfall":0,"stoppedReason":"target_met","timeMs":{"total":126320,"generate":61155,"figure":15098,"contractRepair":0,"answerExplanationCheck":16831,"review":95331,"regenerate":17484}}
[linear_equations_two_var/easy/mc] 4/4 (라운드 1, 통과 4/4, 호출 7.25)
{"event":"problem_generation_item_accepted","elapsedMs":10411,"acceptedSoFar":1}
{"event":"problem_generation_pipeline_timing","requested":1,"accepted":1,"shortfall":0,"stoppedReason":"target_met","timeMs":{"total":10411,"generate":6505,"figure":0,"contractRepair":0,"answerExplanationCheck":0,"review":3905,"regenerate":0}}
[systems_linear/easy/spr] 1/1 (라운드 1, 통과 1/1, 호출 2)
{"event":"problem_generation_pipeline_timing","requested":1,"accepted":0,"shortfall":1,"stoppedReason":"candidate_cap","timeMs":{"total":60571,"generate":25840,"figure":27782,"contractRepair":0,"answerExplanationCheck":0,"review":9142,"regenerate":31084}}
[linear_equations_two_var/hard/spr] 0/1 (라운드 1, 통과 0/1, 호출 16)
{"event":"problem_generation_item_accepted","elapsedMs":18447,"acceptedSoFar":1}
{"event":"problem_generation_item_accepted","elapsedMs":18447,"acceptedSoFar":2}
{"event":"problem_generation_pipeline_timing","requested":2,"accepted":2,"shortfall":0,"stoppedReason":"target_met","timeMs":{"total":18448,"generate":14598,"figure":0,"contractRepair":0,"answerExplanationCheck":0,"review":7696,"regenerate":0}}
[systems_linear/medium/spr] 2/2 (라운드 1, 통과 2/2, 호출 1.5)
{"event":"problem_generation_item_accepted","elapsedMs":80345,"acceptedSoFar":1}
{"event":"problem_generation_pipeline_timing","requested":2,"accepted":1,"shortfall":1,"stoppedReason":"candidate_cap","timeMs":{"total":105653,"generate":55066,"figure":41144,"contractRepair":7395,"answerExplanationCheck":12945,"review":43549,"regenerate":86073}}
[linear_equations_two_var/hard/mc] 1/2 (라운드 1, 통과 1/2, 호출 35)
{"event":"problem_generation_item_accepted","elapsedMs":68126,"acceptedSoFar":1}
{"event":"problem_generation_item_accepted","elapsedMs":69351,"acceptedSoFar":2}
{"event":"problem_generation_pipeline_timing","requested":1,"accepted":0,"shortfall":1,"stoppedReason":"candidate_cap","timeMs":{"total":58581,"generate":28723,"figure":25952,"contractRepair":7722,"answerExplanationCheck":0,"review":0,"regenerate":24646}}
[linear_equations_two_var/hard/spr] 0/1 (라운드 2, 통과 0/1, 호출 16)
{"event":"problem_generation_item_accepted","elapsedMs":79719,"acceptedSoFar":3}
{"event":"problem_generation_item_accepted","elapsedMs":80270,"acceptedSoFar":4}
{"event":"problem_generation_item_accepted","elapsedMs":81872,"acceptedSoFar":5}
{"event":"problem_generation_item_accepted","elapsedMs":101177,"acceptedSoFar":1}
{"event":"problem_generation_pipeline_timing","requested":9,"accepted":8,"shortfall":1,"stoppedReason":"time_cap","timeMs":{"total":227420,"generate":146435,"figure":22266,"contractRepair":2990,"answerExplanationCheck":32207,"review":124156,"regenerate":56932}}
[linear_equations_two_var/medium/mc] 8/9 (라운드 1, 통과 8/9, 호출 5.88)
[pipeline] 자료 생성 실패: plane AI 가 만든 그림 데이터가 규격에 맞지 않습니다 — 알 수 없는 그림 type: undefined (받은 데이터: {"axes":{"x":{"min":-8,"max":8,"step":1,"title":"x"},"y":{"min":-10,"max":8,"step":1,"title":"y"}},"objects":[{"id":"P","kind":"point","at":[3,-2],"label":"P"},{"id":"k","kind":"line","slope":-2,"intercept":4,"label":"k"}]})
{"event":"problem_generation_item_accepted","elapsedMs":118650,"acceptedSoFar":6}
{"event":"problem_generation_pipeline_timing","requested":6,"accepted":6,"shortfall":0,"stoppedReason":"target_met","timeMs":{"total":118650,"generate":55510,"figure":7654,"contractRepair":0,"answerExplanationCheck":18478,"review":95301,"regenerate":17023}}
[systems_linear/medium/mc] 6/6 (라운드 1, 통과 6/6, 호출 3.67)
{"event":"problem_generation_pipeline_timing","requested":2,"accepted":1,"shortfall":1,"stoppedReason":"candidate_cap","timeMs":{"total":125616,"generate":49366,"figure":15412,"contractRepair":5045,"answerExplanationCheck":11435,"review":70180,"regenerate":22244}}
[systems_linear/easy/mc] 1/2 (라운드 1, 통과 1/2, 호출 22)
{"event":"problem_generation_item_accepted","elapsedMs":116788,"acceptedSoFar":1}
[pipeline] 자료 생성 실패: plane AI 가 만든 그림 데이터가 규격에 맞지 않습니다 — 알 수 없는 그림 type: undefined (받은 데이터: {"axes":{"x":{"min":-6,"max":6,"step":1},"y":{"min":-6,"max":6,"step":1}},"objects":[{"id":"A","kind":"point","at":[-3,4],"label":"(-3, 4)"},{"id":"B","kind":"point","at":[3,-2],"label":"(3, -2)"},{"id":"j","kind":"line","through":["A","B"],"label":"j"},{"id":"P","kind":"point","at":[0,-2],"label":"(0, -2)"}]})
{"event":"problem_generation_pipeline_timing","requested":1,"accepted":0,"shortfall":1,"stoppedReason":"candidate_cap","timeMs":{"total":53384,"generate":24720,"figure":15731,"contractRepair":0,"answerExplanationCheck":0,"review":0,"regenerate":12922}}
[linear_equations_two_var/medium/mc] 8/9 (라운드 2, 통과 0/1, 호출 10)
{"event":"problem_generation_pipeline_timing","requested":1,"accepted":0,"shortfall":1,"stoppedReason":"candidate_cap","timeMs":{"total":86529,"generate":26623,"figure":13965,"contractRepair":0,"answerExplanationCheck":0,"review":31321,"regenerate":36806}}
[linear_equations_two_var/hard/spr] 0/1 (라운드 3, 통과 0/1, 호출 16)
[pipeline] 자료 생성 실패: plane AI 가 만든 그림 데이터가 규격에 맞지 않습니다 — 알 수 없는 그림 type: undefined (받은 데이터: {"axes":{"x":{"min":-6,"max":6,"step":1},"y":{"min":-6,"max":6,"step":1}},"objects":[{"id":"A","kind":"point","at":[-3,4],"label":"(-3, 4)"},{"id":"B","kind":"point","at":[3,-2],"label":"(3, -2)"},{"id":"j","kind":"line","through":["A","B"],"label":"j"},{"id":"C","kind":"point","at":[0,-2],"label":"(0, -2)"}]})
{"event":"problem_generation_item_accepted","elapsedMs":126220,"acceptedSoFar":1}
{"event":"problem_generation_pipeline_timing","requested":1,"accepted":1,"shortfall":0,"stoppedReason":"target_met","timeMs":{"total":126220,"generate":44621,"figure":23899,"contractRepair":0,"answerExplanationCheck":9367,"review":48877,"regenerate":26770}}
[linear_equations_two_var/hard/mc] 2/2 (라운드 2, 통과 1/1, 호출 21)
{"event":"problem_generation_item_accepted","elapsedMs":13599,"acceptedSoFar":1}
{"event":"problem_generation_pipeline_timing","requested":1,"accepted":1,"shortfall":0,"stoppedReason":"target_met","timeMs":{"total":13599,"generate":7546,"figure":0,"contractRepair":2545,"answerExplanationCheck":0,"review":3506,"regenerate":0}}
[linear_inequalities/easy/spr] 1/1 (라운드 1, 통과 1/1, 호출 3)
{"event":"problem_generation_item_accepted","elapsedMs":37723,"acceptedSoFar":1}
{"event":"problem_generation_pipeline_timing","requested":1,"accepted":1,"shortfall":0,"stoppedReason":"target_met","timeMs":{"total":37723,"generate":11967,"figure":4309,"contractRepair":1802,"answerExplanationCheck":2964,"review":10218,"regenerate":6457}}
[linear_equations_two_var/medium/mc] 9/9 (라운드 3, 통과 1/1, 호출 7)
{"event":"problem_generation_item_accepted","elapsedMs":90495,"acceptedSoFar":1}
{"event":"problem_generation_item_accepted","elapsedMs":95872,"acceptedSoFar":1}
{"event":"problem_generation_pipeline_timing","requested":1,"accepted":1,"shortfall":0,"stoppedReason":"target_met","timeMs":{"total":95872,"generate":27950,"figure":11545,"contractRepair":0,"answerExplanationCheck":10929,"review":30839,"regenerate":14598}}
[systems_linear/easy/mc] 2/2 (라운드 2, 통과 1/1, 호출 14)
{"event":"problem_generation_item_accepted","elapsedMs":190075,"acceptedSoFar":2}
{"event":"problem_generation_pipeline_timing","requested":2,"accepted":2,"shortfall":0,"stoppedReason":"target_met","timeMs":{"total":190075,"generate":159226,"figure":19566,"contractRepair":8222,"answerExplanationCheck":17560,"review":68030,"regenerate":68530}}
[systems_linear/hard/mc] 2/2 (라운드 1, 통과 2/2, 호출 15)
{"event":"problem_generation_item_accepted","elapsedMs":23565,"acceptedSoFar":1}
{"event":"problem_generation_pipeline_timing","requested":1,"accepted":1,"shortfall":0,"stoppedReason":"target_met","timeMs":{"total":23566,"generate":8673,"figure":2569,"contractRepair":2783,"answerExplanationCheck":0,"review":4092,"regenerate":5437}}
[linear_inequalities/medium/spr] 1/1 (라운드 1, 통과 1/1, 호출 5)
{"event":"problem_generation_item_accepted","elapsedMs":12315,"acceptedSoFar":1}
{"event":"problem_generation_item_accepted","elapsedMs":12682,"acceptedSoFar":2}
{"event":"problem_generation_pipeline_timing","requested":2,"accepted":2,"shortfall":0,"stoppedReason":"target_met","timeMs":{"total":12682,"generate":8942,"figure":0,"contractRepair":0,"answerExplanationCheck":0,"review":7103,"regenerate":0}}
[equivalent_expressions/easy/spr] 2/2 (라운드 1, 통과 2/2, 호출 1.5)
[pipeline] 자료 생성 실패: plane AI 가 만든 그림 데이터가 규격에 맞지 않습니다 — 알 수 없는 그림 type: undefined (받은 데이터: {"axes":{"x":{"min":-8,"max":10,"step":1,"title":"x"},"y":{"min":-6,"max":10,"step":1,"title":"y"}},"objects":[{"id":"l1","kind":"inequality","op":"<=","slope":-0.5,"intercept":4,"label":"y ≤ -1/2x + 4"}]})
{"event":"problem_generation_item_accepted","elapsedMs":19950,"acceptedSoFar":1}
{"event":"problem_generation_pipeline_timing","requested":1,"accepted":1,"shortfall":0,"stoppedReason":"target_met","timeMs":{"total":133459,"generate":38168,"figure":25962,"contractRepair":0,"answerExplanationCheck":0,"review":40916,"regenerate":38490}}
[systems_linear/hard/spr] 1/1 (라운드 1, 통과 1/1, 호출 21)
{"event":"problem_generation_item_accepted","elapsedMs":43747,"acceptedSoFar":1}
[pipeline] 자료 생성 실패: plane AI 가 만든 그림 데이터가 규격에 맞지 않습니다 — 알 수 없는 그림 type: undefined (받은 데이터: {"axes":{"x":{"min":-6,"max":6,"step":1,"title":"x"},"y":{"min":-8,"max":6,"step":1,"title":"y"}},"objects":[{"id":"k","kind":"line","slope":2,"intercept":-3,"label":"k"},{"id":"A","kind":"point","at":[0,-3],"label":"(0, -3)"},{"id":"B","kind":"point","at":[2,1],"label":"(2, 1)"},{"id":"O","kind":"point","at":[0,0],"label":"(0, 0)"}]})
{"event":"problem_generation_pipeline_timing","requested":1,"accepted":0,"shortfall":1,"stoppedReason":"candidate_cap","timeMs":{"total":94341,"generate":23650,"figure":7542,"contractRepair":12012,"answerExplanationCheck":4801,"review":20244,"regenerate":26082}}
[linear_inequalities/easy/mc] 0/1 (라운드 1, 통과 0/1, 호출 12)
{"event":"problem_generation_item_accepted","elapsedMs":46181,"acceptedSoFar":2}
{"event":"problem_generation_item_accepted","elapsedMs":46649,"acceptedSoFar":3}
{"event":"problem_generation_item_accepted","elapsedMs":46825,"acceptedSoFar":4}
{"event":"problem_generation_pipeline_timing","requested":4,"accepted":4,"shortfall":0,"stoppedReason":"target_met","timeMs":{"total":46825,"generate":33561,"figure":0,"contractRepair":0,"answerExplanationCheck":9682,"review":39465,"regenerate":0}}
[equivalent_expressions/easy/mc] 4/4 (라운드 1, 통과 4/4, 호출 2.25)
{"event":"problem_generation_item_accepted","elapsedMs":33102,"acceptedSoFar":1}
{"event":"problem_generation_pipeline_timing","requested":1,"accepted":1,"shortfall":0,"stoppedReason":"target_met","timeMs":{"total":33102,"generate":14326,"figure":0,"contractRepair":5277,"answerExplanationCheck":3912,"review":9583,"regenerate":0}}
[linear_inequalities/easy/mc] 1/1 (라운드 2, 통과 1/1, 호출 4)
{"event":"problem_generation_item_accepted","elapsedMs":70301,"acceptedSoFar":1}
{"event":"problem_generation_item_accepted","elapsedMs":70792,"acceptedSoFar":2}
{"event":"problem_generation_item_accepted","elapsedMs":74790,"acceptedSoFar":3}
{"event":"problem_generation_item_accepted","elapsedMs":78195,"acceptedSoFar":2}
{"event":"problem_generation_item_accepted","elapsedMs":84837,"acceptedSoFar":4}
{"event":"problem_generation_item_accepted","elapsedMs":88939,"acceptedSoFar":5}
{"event":"problem_generation_item_accepted","elapsedMs":67688,"acceptedSoFar":1}
{"event":"problem_generation_item_accepted","elapsedMs":68772,"acceptedSoFar":2}
{"event":"problem_generation_pipeline_timing","requested":3,"accepted":2,"shortfall":1,"stoppedReason":"candidate_cap","timeMs":{"total":95259,"generate":29998,"figure":0,"contractRepair":0,"answerExplanationCheck":0,"review":74195,"regenerate":23636}}
[equivalent_expressions/medium/spr] 2/3 (라운드 1, 통과 2/3, 호출 13)
{"event":"problem_generation_item_accepted","elapsedMs":70974,"acceptedSoFar":1}
[pipeline] 자료 생성 실패: plane AI 가 만든 그림 데이터가 규격에 맞지 않습니다 — 직선 l2 는 through 두 점 또는 slope/intercept 가 필요합니다. (받은 데이터: {"type":"plane","axes":{"x":{"min":0,"max":60,"step":10,"title":"Oak saplings (x)"},"y":{"min":0,"max":90,"step":10,"title":"Maple saplings (y)"}},"objects":[{"id":"l1","kind":"line","slope":-1.6,"intercept":80,"label":"L1"},{"id":"l2","kind":"line","slope":null,"intercept":null,"label":"L2"},{"id":"vline","kind":"function","fn":"linear","params":[0,0],"label":"","domain":[10,10]}]})
[pipeline] 자료 생성 실패: plane AI 가 만든 그림 데이터가 규격에 맞지 않습니다 — 직선 l2 는 through 두 점 또는 slope/intercept 가 필요합니다. (받은 데이터: {"type":"plane","axes":{"x":{"min":0,"max":60,"step":5,"title":"Number of standard tanks (x)"},"y":{"min":0,"max":40,"step":5,"title":"Number of large tanks (y)"}},"objects":[{"id":"l1","kind":"line","slope":-0.6,"intercept":32,"label":"ℓ1"},{"id":"l2","kind":"line","slope":null,"intercept":null,"label":"ℓ2"},{"id":"q1","kind":"inequality","op":"<=","slope":-0.6,"intercept":32,"label":"15x + 25y ≤…)
{"event":"problem_generation_pipeline_timing","requested":2,"accepted":0,"shortfall":2,"stoppedReason":"candidate_cap","timeMs":{"total":145342,"generate":82300,"figure":13829,"contractRepair":10406,"answerExplanationCheck":10897,"review":44058,"regenerate":33400}}
[linear_inequalities/medium/mc] 0/2 (라운드 1, 통과 0/2, 호출 21)
{"event":"problem_generation_pipeline_timing","requested":1,"accepted":1,"shortfall":0,"stoppedReason":"target_met","timeMs":{"total":81521,"generate":57202,"figure":0,"contractRepair":0,"answerExplanationCheck":0,"review":30619,"regenerate":7453}}
[equivalent_expressions/hard/spr] 1/1 (라운드 1, 통과 1/1, 호출 5)
{"event":"problem_generation_item_accepted","elapsedMs":121555,"acceptedSoFar":6}
{"event":"problem_generation_item_accepted","elapsedMs":56044,"acceptedSoFar":1}
{"event":"problem_generation_item_accepted","elapsedMs":56320,"acceptedSoFar":2}
{"event":"problem_generation_item_accepted","elapsedMs":14511,"acceptedSoFar":1}
{"event":"problem_generation_item_accepted","elapsedMs":14642,"acceptedSoFar":2}
{"event":"problem_generation_pipeline_timing","requested":2,"accepted":2,"shortfall":0,"stoppedReason":"target_met","timeMs":{"total":14642,"generate":11202,"figure":0,"contractRepair":0,"answerExplanationCheck":0,"review":6745,"regenerate":0}}
[nonlinear_equations_systems/easy/spr] 2/2 (라운드 1, 통과 2/2, 호출 1.5)
{"event":"problem_generation_item_accepted","elapsedMs":67919,"acceptedSoFar":3}
{"event":"problem_generation_item_accepted","elapsedMs":109540,"acceptedSoFar":3}
{"event":"problem_generation_item_accepted","elapsedMs":76824,"acceptedSoFar":4}
{"event":"problem_generation_item_accepted","elapsedMs":54153,"acceptedSoFar":1}
{"event":"problem_generation_pipeline_timing","requested":1,"accepted":1,"shortfall":0,"stoppedReason":"target_met","timeMs":{"total":54153,"generate":36975,"figure":0,"contractRepair":0,"answerExplanationCheck":0,"review":11312,"regenerate":5859}}
[equivalent_expressions/medium/spr] 3/3 (라운드 2, 통과 1/1, 호출 7)
{"event":"problem_generation_item_accepted","elapsedMs":43161,"acceptedSoFar":1}
{"event":"problem_generation_item_accepted","elapsedMs":43220,"acceptedSoFar":2}
{"event":"problem_generation_item_accepted","elapsedMs":43315,"acceptedSoFar":3}
{"event":"problem_generation_item_accepted","elapsedMs":43470,"acceptedSoFar":4}
{"event":"problem_generation_item_accepted","elapsedMs":83525,"acceptedSoFar":1}
{"event":"problem_generation_item_accepted","elapsedMs":46205,"acceptedSoFar":5}
{"event":"problem_generation_pipeline_timing","requested":5,"accepted":5,"shortfall":0,"stoppedReason":"target_met","timeMs":{"total":46205,"generate":39392,"figure":0,"contractRepair":0,"answerExplanationCheck":0,"review":18583,"regenerate":0}}
[nonlinear_equations_systems/medium/spr] 5/5 (라운드 1, 통과 5/5, 호출 1.2)
{"event":"problem_generation_item_accepted","elapsedMs":137214,"acceptedSoFar":5}
{"event":"problem_generation_item_accepted","elapsedMs":138012,"acceptedSoFar":6}
{"event":"problem_generation_pipeline_timing","requested":6,"accepted":6,"shortfall":0,"stoppedReason":"target_met","timeMs":{"total":138012,"generate":66544,"figure":9467,"contractRepair":0,"answerExplanationCheck":20406,"review":108526,"regenerate":13710}}
[nonlinear_equations_systems/easy/mc] 6/6 (라운드 1, 통과 6/6, 호출 4.5)
{"event":"problem_generation_item_accepted","elapsedMs":73722,"acceptedSoFar":1}
{"event":"problem_generation_item_accepted","elapsedMs":74128,"acceptedSoFar":2}
{"event":"problem_generation_item_accepted","elapsedMs":74454,"acceptedSoFar":3}
{"event":"problem_generation_item_accepted","elapsedMs":86463,"acceptedSoFar":4}
{"event":"problem_generation_item_accepted","elapsedMs":87521,"acceptedSoFar":5}
{"event":"problem_generation_pipeline_timing","requested":9,"accepted":6,"shortfall":3,"stoppedReason":"time_cap","timeMs":{"total":222856,"generate":157953,"figure":0,"contractRepair":0,"answerExplanationCheck":49796,"review":195817,"regenerate":34864}}
[equivalent_expressions/medium/mc] 6/9 (라운드 1, 통과 6/9, 호출 7.17)
{"event":"problem_generation_item_accepted","elapsedMs":90161,"acceptedSoFar":6}
[pipeline] 자료 생성 실패: plane AI 가 만든 그림 데이터가 규격에 맞지 않습니다 — 직선 l2 는 through 두 점 또는 slope/intercept 가 필요합니다. (받은 데이터: {"type":"plane","axes":{"x":{"min":-10,"max":100,"step":10,"title":"Number of candles sold (x)"},"y":{"min":-300,"max":500,"step":100,"title":"Weekly profit (y, dollars)"}},"objects":[{"id":"l1","kind":"line","slope":8,"intercept":-240,"label":"y = 8x - 240"},{"id":"l2","kind":"line","slope":"undefined","intercept":80,"label":"x = 80"}]})
{"event":"problem_generation_pipeline_timing","requested":2,"accepted":1,"shortfall":1,"stoppedReason":"candidate_cap","timeMs":{"total":113878,"generate":48705,"figure":11878,"contractRepair":4990,"answerExplanationCheck":8586,"review":34111,"regenerate":22712}}
[linear_inequalities/medium/mc] 1/2 (라운드 2, 통과 1/2, 호출 16)
{"event":"problem_generation_item_accepted","elapsedMs":103262,"acceptedSoFar":7}
{"event":"problem_generation_item_accepted","elapsedMs":103911,"acceptedSoFar":8}
{"event":"problem_generation_item_accepted","elapsedMs":53327,"acceptedSoFar":1}
{"event":"problem_generation_pipeline_timing","requested":1,"accepted":1,"shortfall":0,"stoppedReason":"target_met","timeMs":{"total":68375,"generate":38507,"figure":5243,"contractRepair":0,"answerExplanationCheck":0,"review":30265,"regenerate":9163}}
[nonlinear_equations_systems/hard/spr] 1/1 (라운드 1, 통과 1/1, 호출 10)
{"event":"problem_generation_item_accepted","elapsedMs":75167,"acceptedSoFar":1}
{"event":"problem_generation_item_accepted","elapsedMs":57899,"acceptedSoFar":1}
[pipeline] 자료 생성 실패: plane AI 가 만든 그림 데이터가 규격에 맞지 않습니다 — 객체 f 의 kind 를 모릅니다: rational (받은 데이터: {"type":"plane","axes":{"x":{"min":0,"max":40,"step":5,"title":"Density D (vehicles per mile)"},"y":{"min":0,"max":30,"step":5,"title":"Speed S (mph)"}},"objects":[{"id":"f","kind":"rational","fn":"rational","params":[0,600,1,5],"label":"S","domain":[0,40]},{"id":"l1","kind":"line","slope":0,"intercept":15,"label":"S = 15"},{"id":"P","kind":"point","at":[25,5],"label":"(25, 5)"}]})
{"event":"problem_generation_item_accepted","elapsedMs":34178,"acceptedSoFar":1}
{"event":"problem_generation_item_accepted","elapsedMs":35361,"acceptedSoFar":2}
{"event":"problem_generation_pipeline_timing","requested":2,"accepted":2,"shortfall":0,"stoppedReason":"target_met","timeMs":{"total":35361,"generate":22999,"figure":0,"contractRepair":0,"answerExplanationCheck":5548,"review":17981,"regenerate":0}}
[nonlinear_functions/easy/mc] 2/2 (라운드 1, 통과 2/2, 호출 2.5)
{"event":"problem_generation_item_accepted","elapsedMs":184612,"acceptedSoFar":9}
{"event":"problem_generation_item_accepted","elapsedMs":10315,"acceptedSoFar":1}
{"event":"problem_generation_pipeline_timing","requested":1,"accepted":1,"shortfall":0,"stoppedReason":"target_met","timeMs":{"total":10315,"generate":7134,"figure":0,"contractRepair":0,"answerExplanationCheck":0,"review":3174,"regenerate":0}}
[nonlinear_functions/easy/spr] 1/1 (라운드 1, 통과 1/1, 호출 2)
{"event":"problem_generation_pipeline_timing","requested":1,"accepted":0,"shortfall":1,"stoppedReason":"candidate_cap","timeMs":{"total":113311,"generate":36744,"figure":4986,"contractRepair":11018,"answerExplanationCheck":8102,"review":38752,"regenerate":13688}}
[linear_inequalities/medium/mc] 1/2 (라운드 3, 통과 0/1, 호출 14)
{"event":"problem_generation_pipeline_timing","requested":10,"accepted":9,"shortfall":1,"stoppedReason":"time_cap","timeMs":{"total":220809,"generate":144652,"figure":20209,"contractRepair":2116,"answerExplanationCheck":49149,"review":177570,"regenerate":36537}}
[nonlinear_equations_systems/medium/mc] 9/15 (라운드 1, 통과 9/10, 호출 5)
{"event":"problem_generation_item_accepted","elapsedMs":149942,"acceptedSoFar":2}
{"event":"problem_generation_item_accepted","elapsedMs":52843,"acceptedSoFar":1}
{"event":"problem_generation_item_accepted","elapsedMs":55540,"acceptedSoFar":2}
{"event":"problem_generation_item_accepted","elapsedMs":55682,"acceptedSoFar":3}
{"event":"problem_generation_item_accepted","elapsedMs":389994,"acceptedSoFar":4}
{"event":"problem_generation_pipeline_timing","requested":4,"accepted":4,"shortfall":0,"stoppedReason":"target_met","timeMs":{"total":389995,"generate":146284,"figure":0,"contractRepair":0,"answerExplanationCheck":55450,"review":182299,"regenerate":95927}}
[equivalent_expressions/hard/mc] 4/4 (라운드 1, 통과 4/4, 호출 9.75)
{"event":"problem_generation_pipeline_timing","requested":3,"accepted":2,"shortfall":1,"stoppedReason":"candidate_cap","timeMs":{"total":200161,"generate":68002,"figure":0,"contractRepair":0,"answerExplanationCheck":32661,"review":139280,"regenerate":27845}}
[equivalent_expressions/medium/mc] 8/9 (라운드 2, 통과 2/3, 호출 12.5)
[pipeline] 자료 생성 실패: plane AI 가 만든 그림 데이터가 규격에 맞지 않습니다 — 객체 f 의 kind 를 모릅니다: quadratic (받은 데이터: {"type":"plane","axes":{"x":{"min":-2,"max":6,"step":1,"title":"x"},"y":{"min":-2,"max":8,"step":1,"title":"y"}},"objects":[{"id":"f","kind":"quadratic","fn":"quadratic","params":[1,-4,4],"label":"y = x^2 - 4x + k"}]})
{"event":"problem_generation_item_accepted","elapsedMs":92302,"acceptedSoFar":1}
{"event":"problem_generation_pipeline_timing","requested":1,"accepted":1,"shortfall":0,"stoppedReason":"target_met","timeMs":{"total":92302,"generate":28031,"figure":5513,"contractRepair":6391,"answerExplanationCheck":8050,"review":30079,"regenerate":14205}}
[linear_inequalities/medium/mc] 2/2 (라운드 4, 통과 1/1, 호출 14)
{"event":"problem_generation_item_accepted","elapsedMs":18056,"acceptedSoFar":1}
[pipeline] 자료 생성 실패: plane AI 가 만든 그림 데이터가 규격에 맞지 않습니다 — 알 수 없는 그림 type: undefined (받은 데이터: {"axes":{"x":{"min":-2,"max":8,"step":1,"title":"Time (minutes)"},"y":{"min":0,"max":12,"step":1,"title":"Depth (meters)"}},"objects":[{"id":"V","kind":"point","at":[3,2],"label":"(3, 2)"},{"id":"P","kind":"point","at":[1,10],"label":"(1, 10)"},{"id":"f","kind":"function","fn":"quadratic","params":[2,-12,20],"label":"h"}]})
{"event":"problem_generation_item_accepted","elapsedMs":84914,"acceptedSoFar":1}
[pipeline] 자료 생성 실패: plane AI 가 만든 그림 데이터가 규격에 맞지 않습니다 — 객체 f 의 kind 를 모릅니다: quadratic (받은 데이터: {"type":"plane","axes":{"x":{"min":-2,"max":6,"step":1,"title":"x"},"y":{"min":-2,"max":8,"step":1,"title":"y"}},"objects":[{"id":"f","kind":"quadratic","fn":"quadratic","params":[1,-4,4],"label":"y = x^2 - 4x + k"}]})
{"event":"problem_generation_item_accepted","elapsedMs":25471,"acceptedSoFar":2}
{"event":"problem_generation_pipeline_timing","requested":2,"accepted":2,"shortfall":0,"stoppedReason":"target_met","timeMs":{"total":25471,"generate":14289,"figure":0,"contractRepair":0,"answerExplanationCheck":0,"review":14934,"regenerate":0}}
[nonlinear_functions/medium/spr] 2/2 (라운드 1, 통과 2/2, 호출 1.5)
{"event":"problem_generation_item_accepted","elapsedMs":88549,"acceptedSoFar":2}
{"event":"problem_generation_item_accepted","elapsedMs":99070,"acceptedSoFar":3}
[pipeline] 자료 생성 실패: plane AI 가 만든 그림 데이터가 규격에 맞지 않습니다 — 알 수 없는 그림 type: undefined (받은 데이터: {"axes":{"x":{"min":-3,"max":6,"step":1,"title":"Time (years)"},"y":{"min":-20,"max":20,"step":5,"title":"Trade deficit surplus (billion $)"}},"objects":[{"id":"g","kind":"function","fn":"cubic","params":[1,-4,-7,10],"label":"g","domain":[-3,6]},{"id":"A","kind":"point","at":[-2,0],"label":"(-2, 0)"},{"id":"B","kind":"point","at":[1,0],"label":"(1, 0)"},{"id":"C","kind":"point","at":[5,0],"label":…)
{"event":"problem_generation_item_accepted","elapsedMs":137341,"acceptedSoFar":4}
{"event":"problem_generation_pipeline_timing","requested":4,"accepted":4,"shortfall":0,"stoppedReason":"target_met","timeMs":{"total":137341,"generate":58270,"figure":8393,"contractRepair":0,"answerExplanationCheck":16414,"review":66047,"regenerate":15323}}
[nonlinear_functions/medium/mc] 4/4 (라운드 1, 통과 4/4, 호출 5.75)
{"event":"problem_generation_item_accepted","elapsedMs":109762,"acceptedSoFar":4}
[pipeline] 자료 생성 실패: plane AI 가 만든 그림 데이터가 규격에 맞지 않습니다 — 객체 f 의 kind 를 모릅니다: quadratic (받은 데이터: {"type":"plane","axes":{"x":{"min":-2,"max":10,"step":1,"title":"x"},"y":{"min":-10,"max":20,"step":2,"title":"y"}},"objects":[{"id":"f","kind":"quadratic","fn":"quadratic","params":[1,-6,16],"label":"y = x^2 - 6x + c"},{"id":"l1","kind":"line","slope":2,"intercept":-5,"label":"y = 2x - 5"},{"id":"P","kind":"point","at":[4,3],"label":"P"}]})
[pipeline] 자료 생성 실패: plane AI 가 만든 그림 데이터가 규격에 맞지 않습니다 — objects 가 하나 이상 필요합니다. (받은 데이터: {"type":"plane","axes":{"x":{"min":-5,"max":10,"step":1,"title":"x"},"y":{"min":-10,"max":15,"step":5,"title":"y"}},"objects":[]})
[pipeline] 자료 생성 실패: plane AI 가 만든 그림 데이터가 규격에 맞지 않습니다 — 그림 데이터가 객체가 아닙니다. (받은 데이터: "{\"type\":\"plane\",\"axes\":{\"x\":{\"min\":0,\"max\":8,\"step\":1,\"title\":\"Horizontal distance (feet)\"},\"y\":{\"min\":0,\"max\":40,\"step\":5,\"title\":\"Height (feet)\"}},\"objects\":[{\"id\":\"f\",\"kind\":\"function\",\"fn\":\"quadratic\",\"params\":[-2,12,-18+32],\"label\":\"y = f(x)\",\"domain\":[0,8]},{\"id\":\"V\",\"kind\":\"point\",\"at\":[3,32],\"label\":\"V\"},{\"id\":\"Z\",\"kin…)
{"event":"problem_generation_item_accepted","elapsedMs":148797,"acceptedSoFar":5}
{"event":"problem_generation_item_accepted","elapsedMs":73005,"acceptedSoFar":1}
{"event":"problem_generation_item_accepted","elapsedMs":73966,"acceptedSoFar":2}
[pipeline] 자료 생성 실패: plane AI 가 만든 그림 데이터가 규격에 맞지 않습니다 — 함수 f(quadratic) 의 params 는 숫자 3개입니다. (받은 데이터: {"type":"plane","axes":{"x":{"min":0,"max":8,"step":1,"title":"Horizontal distance (feet)"},"y":{"min":0,"max":40,"step":5,"title":"Height (feet)"}},"objects":[{"id":"f","kind":"function","fn":"quadratic","params":[-2,12,-18,32],"label":"f","domain":[0,7.5]},{"id":"V","kind":"point","at":[3,32],"label":"V"},{"id":"R","kind":"point","at":[7,0],"label":"(7, 0)"}]})
{"event":"problem_generation_item_accepted","elapsedMs":318375,"acceptedSoFar":2}
{"event":"problem_generation_pipeline_timing","requested":1,"accepted":0,"shortfall":1,"stoppedReason":"candidate_cap","timeMs":{"total":74990,"generate":39867,"figure":21271,"contractRepair":7051,"answerExplanationCheck":0,"review":5206,"regenerate":27696}}
[nonlinear_functions/hard/spr] 0/1 (라운드 1, 통과 0/1, 호출 15)
{"event":"problem_generation_pipeline_timing","requested":1,"accepted":0,"shortfall":1,"stoppedReason":"candidate_cap","timeMs":{"total":96408,"generate":21369,"figure":0,"contractRepair":2033,"answerExplanationCheck":17608,"review":40956,"regenerate":14416}}
[equivalent_expressions/medium/mc] 8/9 (라운드 3, 통과 0/1, 호출 13)
[pipeline] 자료 생성 실패: plane AI 가 만든 그림 데이터가 규격에 맞지 않습니다 — 알 수 없는 그림 type: undefined (받은 데이터: {"axes":{"x":{"min":-2,"max":8,"step":1,"title":"x"},"y":{"min":-2,"max":14,"step":1,"title":"y"}},"objects":[{"id":"f","kind":"function","fn":"quadratic","params":[1,-6,11],"label":"y = x^2 - 6x + 11"},{"id":"l1","kind":"line","slope":-2,"intercept":7,"label":"y = -2x + c"}]})
{"event":"problem_generation_pipeline_timing","requested":4,"accepted":2,"shortfall":2,"stoppedReason":"candidate_cap","timeMs":{"total":323433,"generate":206298,"figure":51446,"contractRepair":5873,"answerExplanationCheck":38643,"review":164921,"regenerate":111159}}
[nonlinear_equations_systems/hard/mc] 2/4 (라운드 1, 통과 2/4, 호출 34)
{"event":"problem_generation_pipeline_timing","requested":2,"accepted":2,"shortfall":0,"stoppedReason":"target_met","timeMs":{"total":95259,"generate":74684,"figure":3096,"contractRepair":7635,"answerExplanationCheck":22115,"review":55279,"regenerate":7137}}
[nonlinear_functions/hard/mc] 2/2 (라운드 1, 통과 2/2, 호출 8.5)
[pipeline] 자료 생성 실패: plane AI 가 만든 그림 데이터가 규격에 맞지 않습니다 — 객체 f 의 kind 를 모릅니다: quadratic (받은 데이터: {"type":"plane","axes":{"x":{"min":-6,"max":9,"step":1,"title":"Time (months)"},"y":{"min":-20,"max":15,"step":5,"title":"Scaled population index"}},"objects":[{"id":"f","kind":"quadratic","fn":"quadratic","params":[1,-2,-15],"label":"y = x^2 - 2x - 15"},{"id":"l1","kind":"line","slope":2,"intercept":-3,"label":"y = 2x - 3"},{"id":"A","kind":"point","at":[6,9],"label":"(6, 9)"},{"id":"B","kind":"p…)
{"event":"problem_generation_item_accepted","elapsedMs":86517,"acceptedSoFar":1}
{"event":"problem_generation_pipeline_timing","requested":1,"accepted":1,"shortfall":0,"stoppedReason":"target_met","timeMs":{"total":93375,"generate":50914,"figure":27103,"contractRepair":0,"answerExplanationCheck":3442,"review":12872,"regenerate":34624}}
[ratios_rates_units/hard/mc] 1/1 (라운드 1, 통과 1/1, 호출 15)
{"event":"problem_generation_item_accepted","elapsedMs":38006,"acceptedSoFar":1}
{"event":"problem_generation_pipeline_timing","requested":1,"accepted":1,"shortfall":0,"stoppedReason":"target_met","timeMs":{"total":38006,"generate":19878,"figure":0,"contractRepair":0,"answerExplanationCheck":6619,"review":11506,"regenerate":0}}
[equivalent_expressions/medium/mc] 9/9 (라운드 4, 통과 1/1, 호출 3)
{"event":"problem_generation_item_accepted","elapsedMs":40618,"acceptedSoFar":1}
{"event":"problem_generation_item_accepted","elapsedMs":207916,"acceptedSoFar":6}
{"event":"problem_generation_pipeline_timing","requested":6,"accepted":6,"shortfall":0,"stoppedReason":"target_met","timeMs":{"total":207916,"generate":116596,"figure":19522,"contractRepair":0,"answerExplanationCheck":35383,"review":82819,"regenerate":37671}}
[nonlinear_equations_systems/medium/mc] 15/15 (라운드 2, 통과 6/6, 호출 4.83)
{"event":"problem_generation_item_accepted","elapsedMs":11566,"acceptedSoFar":1}
{"event":"problem_generation_pipeline_timing","requested":1,"accepted":1,"shortfall":0,"stoppedReason":"target_met","timeMs":{"total":11566,"generate":8673,"figure":0,"contractRepair":0,"answerExplanationCheck":0,"review":2855,"regenerate":0}}
[inference_margin_error/easy/spr] 1/1 (라운드 1, 통과 1/1, 호출 2)
{"event":"problem_generation_item_accepted","elapsedMs":14349,"acceptedSoFar":1}
{"event":"problem_generation_pipeline_timing","requested":1,"accepted":1,"shortfall":0,"stoppedReason":"target_met","timeMs":{"total":14351,"generate":8203,"figure":0,"contractRepair":0,"answerExplanationCheck":0,"review":6141,"regenerate":0}}
[lines_angles_triangles/easy/spr] 1/1 (라운드 1, 통과 1/1, 호출 2)
{"event":"problem_generation_pipeline_timing","requested":1,"accepted":1,"shortfall":0,"stoppedReason":"target_met","timeMs":{"total":64619,"generate":30467,"figure":12347,"contractRepair":0,"answerExplanationCheck":0,"review":15110,"regenerate":16790}}
[nonlinear_functions/hard/spr] 1/1 (라운드 2, 통과 1/1, 호출 9)
[pipeline] 자료 생성 실패: data AI 가 만든 그림 데이터가 규격에 맞지 않습니다 — 그림 데이터가 객체가 아닙니다. (받은 데이터: "{\"type\":\"data\",\"kind\":\"scatter\",\"points\":[[0.5,0.5],[0.8,0.7],[1.0,0.8],[1.2,0.9],[1.3,1.0],[1.5,1.0],[1.6,1.2],[1.8,1.3],[2.0,1.4],[2.2,1.5],[2.4,1.6],[2.6,1.7]],\"fitLine\":{\"slope\":0.6,\"intercept\":0.2},\"xTitle\":\"Open-ocean speed (meters per second)\",\"yTitle\":\"Coastal-approach speed (meters per second)\"}}\n")
{"event":"problem_generation_item_accepted","elapsedMs":59156,"acceptedSoFar":1}
{"event":"problem_generation_item_accepted","elapsedMs":32198,"acceptedSoFar":1}
{"event":"problem_generation_item_accepted","elapsedMs":32666,"acceptedSoFar":2}
{"event":"problem_generation_pipeline_timing","requested":2,"accepted":2,"shortfall":0,"stoppedReason":"target_met","timeMs":{"total":32666,"generate":20696,"figure":0,"contractRepair":0,"answerExplanationCheck":5116,"review":18348,"regenerate":0}}
[lines_angles_triangles/easy/mc] 2/2 (라운드 1, 통과 2/2, 호출 2.5)
{"event":"problem_generation_item_accepted","elapsedMs":45099,"acceptedSoFar":1}
{"event":"problem_generation_pipeline_timing","requested":1,"accepted":1,"shortfall":0,"stoppedReason":"target_met","timeMs":{"total":45099,"generate":32631,"figure":0,"contractRepair":0,"answerExplanationCheck":2401,"review":10066,"regenerate":0}}
[inference_margin_error/easy/mc] 1/1 (라운드 1, 통과 1/1, 호출 4)
{"event":"problem_generation_item_accepted","elapsedMs":16125,"acceptedSoFar":1}
{"event":"problem_generation_item_accepted","elapsedMs":16843,"acceptedSoFar":2}
{"event":"problem_generation_pipeline_timing","requested":2,"accepted":2,"shortfall":0,"stoppedReason":"target_met","timeMs":{"total":16843,"generate":12736,"figure":0,"contractRepair":0,"answerExplanationCheck":0,"review":7478,"regenerate":0}}
[lines_angles_triangles/medium/spr] 2/2 (라운드 1, 통과 2/2, 호출 1.5)
{"event":"problem_generation_pipeline_timing","requested":1,"accepted":1,"shortfall":0,"stoppedReason":"target_met","timeMs":{"total":71943,"generate":40456,"figure":15273,"contractRepair":0,"answerExplanationCheck":0,"review":8893,"regenerate":26003}}
[ratios_rates_units/hard/spr] 1/1 (라운드 1, 통과 1/1, 호출 10)
{"event":"problem_generation_item_accepted","elapsedMs":86365,"acceptedSoFar":1}
{"event":"problem_generation_item_accepted","elapsedMs":86940,"acceptedSoFar":2}
{"event":"problem_generation_item_accepted","elapsedMs":8553,"acceptedSoFar":1}
{"event":"problem_generation_pipeline_timing","requested":1,"accepted":1,"shortfall":0,"stoppedReason":"target_met","timeMs":{"total":8553,"generate":5176,"figure":0,"contractRepair":0,"answerExplanationCheck":0,"review":3369,"regenerate":0}}
[right_triangles_trigonometry/easy/spr] 1/1 (라운드 1, 통과 1/1, 호출 2)
[pipeline] 자료 생성 실패: plane AI 가 만든 그림 데이터가 규격에 맞지 않습니다 — 알 수 없는 그림 type: undefined (받은 데이터: {"axes":{"x":{"min":-2,"max":8,"step":1,"title":"x"},"y":{"min":-2,"max":10,"step":1,"title":"y"}},"objects":[{"id":"f","kind":"function","fn":"quadratic","params":[1,-6,9],"label":"y = f(x)","domain":[-1,7]},{"id":"V","kind":"point","at":[3,0],"label":"(3, 0)"}]})
[pipeline] 자료 생성 실패: parallel_transversal AI 가 만든 그림 데이터가 규격에 맞지 않습니다 — angles[] 는 at:[평행선, 횡단선] 과 region(NE|NW|SE|SW) 이 필요합니다. (받은 데이터: {"type":"parallel_transversal","parallel":["m","n"],"transversals":[{"id":"k"},{"id":"j"}],"points":[{"id":"A","on":["m","k"]},{"id":"B","on":["m","j"]},{"id":"C","on":["n","k"]},{"id":"D","on":["n","j"]},{"id":"E","on":["k","j"]}],"angles":[{"at":["m","k"],"region":"N","label":"50°"},{"at":["m","j"],"region":"N","label":"65°"},{"at":["k","j"],"region":"N","label":"x°"}],"crossing":{"side":"below"…)
{"event":"problem_generation_item_accepted","elapsedMs":22932,"acceptedSoFar":1}
{"event":"problem_generation_pipeline_timing","requested":1,"accepted":1,"shortfall":0,"stoppedReason":"target_met","timeMs":{"total":22932,"generate":10590,"figure":0,"contractRepair":0,"answerExplanationCheck":2234,"review":10107,"regenerate":0}}
[right_triangles_trigonometry/easy/mc] 1/1 (라운드 1, 통과 1/1, 호출 3)
{"event":"problem_generation_pipeline_timing","requested":2,"accepted":2,"shortfall":0,"stoppedReason":"target_met","timeMs":{"total":107442,"generate":96210,"figure":10944,"contractRepair":0,"answerExplanationCheck":13813,"review":30187,"regenerate":23655}}
[nonlinear_equations_systems/hard/mc] 4/4 (라운드 2, 통과 2/2, 호출 7)
{"event":"problem_generation_item_accepted","elapsedMs":42742,"acceptedSoFar":1}
{"event":"problem_generation_pipeline_timing","requested":1,"accepted":1,"shortfall":0,"stoppedReason":"target_met","timeMs":{"total":42743,"generate":3378,"figure":7978,"contractRepair":6236,"answerExplanationCheck":0,"review":3631,"regenerate":21501}}
[lines_angles_triangles/hard/spr] 1/1 (라운드 1, 통과 1/1, 호출 8)
{"event":"problem_generation_item_accepted","elapsedMs":49637,"acceptedSoFar":1}
[pipeline] 자료 생성 실패: triangle AI 가 만든 그림 데이터가 규격에 맞지 않습니다 — sides[].between 은 서로 다른 꼭짓점 2개여야 합니다. (받은 데이터: {"type":"triangle","vertices":["A","B","C"],"kind":"right","rightAngleAt":"B","sides":[{"between":["A","D"],"label":"9"}],"altitude":{"from":"B","foot":"D","label":"12"}})
[pipeline] 자료 생성 실패: triangle AI 가 만든 그림 데이터가 규격에 맞지 않습니다 — 직각 꼭짓점 Q 에는 각 라벨을 따로 두지 않습니다(직각 표시가 대신합니다). (받은 데이터: {"type":"triangle","vertices":["T","Q","P"],"kind":"right","rightAngleAt":"Q","sides":[{"between":["T","Q"],"label":"120"}],"angles":[{"at":"P","label":"58°"},{"at":"Q","label":"34°"}],"notToScale":true})
{"event":"problem_generation_item_accepted","elapsedMs":72197,"acceptedSoFar":1}
[pipeline] 자료 생성 실패: parallel_transversal AI 가 만든 그림 데이터가 규격에 맞지 않습니다 — angles[] 는 at:[평행선, 횡단선] 과 region(NE|NW|SE|SW) 이 필요합니다. (받은 데이터: {"type":"parallel_transversal","parallel":["m","n"],"transversals":[{"id":"k","perpendicular":true},{"id":"j"}],"points":[{"id":"F","on":["m","k"]},{"id":"G","on":["m","j"]},{"id":"E","on":["k","j"]}],"angles":[{"at":["m","j"],"region":"S","label":"(4x + 6)°"},{"at":["k","j"],"region":"N","label":"(6x - 26)°"}],"crossing":{"side":"below"},"notToScale":true})
{"event":"problem_generation_item_accepted","elapsedMs":77021,"acceptedSoFar":2}
[pipeline] 자료 생성 실패: triangle AI 가 만든 그림 데이터가 규격에 맞지 않습니다 — sides[].between 은 서로 다른 꼭짓점 2개여야 합니다. (받은 데이터: {"type":"triangle","vertices":["A","B","C"],"kind":"right","rightAngleAt":"B","sides":[{"between":["A","D"],"label":"9"},{"between":["D","C"],"label":"DC"}],"altitude":{"from":"B","foot":"D","label":"12"},"notToScale":true})
[pipeline] 자료 생성 실패: triangle AI 가 만든 그림 데이터가 규격에 맞지 않습니다 — 직각 꼭짓점 Q 에는 각 라벨을 따로 두지 않습니다(직각 표시가 대신합니다). (받은 데이터: {"type":"triangle","vertices":["T","Q","P"],"kind":"right","rightAngleAt":"Q","sides":[{"between":["T","Q"],"label":"120"}],"angles":[{"at":"P","label":"58°"},{"at":"Q","label":"34°"}],"notToScale":true})
{"event":"problem_generation_item_accepted","elapsedMs":86654,"acceptedSoFar":3}
{"event":"problem_generation_item_accepted","elapsedMs":89451,"acceptedSoFar":4}
{"event":"problem_generation_pipeline_timing","requested":1,"accepted":0,"shortfall":1,"stoppedReason":"candidate_cap","timeMs":{"total":51221,"generate":28098,"figure":18119,"contractRepair":0,"answerExplanationCheck":0,"review":0,"regenerate":25742}}
[right_triangles_trigonometry/hard/spr] 0/1 (라운드 1, 통과 0/1, 호출 15)
[pipeline] 자료 생성 실패: triangle AI 가 만든 그림 데이터가 규격에 맞지 않습니다 — sides[].between 은 서로 다른 꼭짓점 2개여야 합니다. (받은 데이터: {"type":"triangle","vertices":["A","B","C"],"kind":"right","rightAngleAt":"B","sides":[{"between":["B","D"],"label":"12"},{"between":["A","D"],"label":"9"},{"between":["D","C"],"label":"x"}],"altitude":{"from":"B","foot":"D","label":"12"}})
[pipeline] 자료 생성 실패: triangle AI 가 만든 그림 데이터가 규격에 맞지 않습니다 — 직각 꼭짓점 B 에는 각 라벨을 따로 두지 않습니다(직각 표시가 대신합니다). (받은 데이터: {"type":"triangle","vertices":["T","B","Q"],"kind":"right","rightAngleAt":"B","sides":[{"between":["T","B"],"label":"120"}],"angles":[{"at":"B","label":"90°"},{"at":"Q","label":"34°"}],"notToScale":true})
{"event":"problem_generation_pipeline_timing","requested":1,"accepted":0,"shortfall":1,"stoppedReason":"candidate_cap","timeMs":{"total":68681,"generate":40722,"figure":13419,"contractRepair":0,"answerExplanationCheck":0,"review":0,"regenerate":39254}}
[right_triangles_trigonometry/hard/mc] 0/1 (라운드 1, 통과 0/1, 호출 12)
{"event":"problem_generation_pipeline_timing","requested":1,"accepted":1,"shortfall":0,"stoppedReason":"target_met","timeMs":{"total":84695,"generate":34425,"figure":14320,"contractRepair":0,"answerExplanationCheck":3124,"review":9861,"regenerate":38141}}
[lines_angles_triangles/hard/mc] 1/1 (라운드 1, 통과 1/1, 호출 11)
[pipeline] 자료 생성 실패: triangle AI 가 만든 그림 데이터가 규격에 맞지 않습니다 — sides[].between 은 서로 다른 꼭짓점 2개여야 합니다. (받은 데이터: {"type":"triangle","vertices":["C","A","B"],"kind":"right","rightAngleAt":"C","sides":[{"between":["A","D"],"label":"4"},{"between":["D","B"],"label":"9"}],"altitude":{"from":"C","foot":"D","label":"CD"},"notToScale":true})
[pipeline] 자료 생성 실패: triangle AI 가 만든 그림 데이터가 규격에 맞지 않습니다 — sides[].between 은 서로 다른 꼭짓점 2개여야 합니다. (받은 데이터: {"type":"triangle","vertices":["C","A","B"],"kind":"right","rightAngleAt":"C","sides":[{"between":["A","D"],"label":"4"},{"between":["D","B"],"label":"9"}],"altitude":{"from":"C","foot":"D","label":"CD"}})
{"event":"problem_generation_item_accepted","elapsedMs":37755,"acceptedSoFar":1}
[pipeline] 자료 생성 실패: triangle AI 가 만든 그림 데이터가 규격에 맞지 않습니다 — sides[].between 은 서로 다른 꼭짓점 2개여야 합니다. (받은 데이터: {"type":"triangle","vertices":["A","B","C"],"kind":"right","rightAngleAt":"C","sides":[{"between":["A","D"],"label":"4"},{"between":["D","B"],"label":"9"}],"altitude":{"from":"C","foot":"D","label":"CD"}})
{"event":"problem_generation_pipeline_timing","requested":1,"accepted":1,"shortfall":0,"stoppedReason":"target_met","timeMs":{"total":45013,"generate":24939,"figure":5064,"contractRepair":0,"answerExplanationCheck":0,"review":12813,"regenerate":15008}}
[right_triangles_trigonometry/hard/spr] 1/1 (라운드 2, 통과 1/1, 호출 7)
{"event":"problem_generation_item_accepted","elapsedMs":142835,"acceptedSoFar":5}
{"event":"problem_generation_item_accepted","elapsedMs":54760,"acceptedSoFar":1}
{"event":"problem_generation_pipeline_timing","requested":1,"accepted":1,"shortfall":0,"stoppedReason":"target_met","timeMs":{"total":63436,"generate":39567,"figure":9467,"contractRepair":1647,"answerExplanationCheck":3066,"review":10474,"regenerate":14382}}
[right_triangles_trigonometry/hard/mc] 1/1 (라운드 2, 통과 1/1, 호출 11)
{"event":"problem_generation_item_accepted","elapsedMs":196487,"acceptedSoFar":6}
{"event":"problem_generation_pipeline_timing","requested":6,"accepted":6,"shortfall":0,"stoppedReason":"target_met","timeMs":{"total":196487,"generate":90791,"figure":16937,"contractRepair":2487,"answerExplanationCheck":20503,"review":102471,"regenerate":38679}}
[lines_angles_triangles/medium/mc] 6/6 (라운드 1, 통과 6/6, 호출 5.67)
생성 완료
