{"event":"problem_generation_item_accepted","elapsedMs":74406,"acceptedSoFar":1}
{"event":"problem_generation_item_accepted","elapsedMs":75736,"acceptedSoFar":2}
{"event":"problem_generation_item_accepted","elapsedMs":82460,"acceptedSoFar":1}
{"event":"problem_generation_item_accepted","elapsedMs":90120,"acceptedSoFar":1}
{"event":"problem_generation_item_accepted","elapsedMs":91026,"acceptedSoFar":2}
{"event":"problem_generation_item_accepted","elapsedMs":92263,"acceptedSoFar":3}
{"event":"problem_generation_item_accepted","elapsedMs":92511,"acceptedSoFar":1}
{"event":"problem_generation_item_accepted","elapsedMs":92884,"acceptedSoFar":2}
{"event":"problem_generation_item_accepted","elapsedMs":93390,"acceptedSoFar":1}
{"event":"problem_generation_item_accepted","elapsedMs":94501,"acceptedSoFar":2}
{"event":"problem_generation_item_accepted","elapsedMs":95169,"acceptedSoFar":3}
{"event":"problem_generation_item_accepted","elapsedMs":96126,"acceptedSoFar":1}
{"event":"problem_generation_item_accepted","elapsedMs":98379,"acceptedSoFar":3}
{"event":"problem_generation_item_accepted","elapsedMs":102930,"acceptedSoFar":2}
{"event":"problem_generation_item_accepted","elapsedMs":108760,"acceptedSoFar":4}
{"event":"problem_generation_item_accepted","elapsedMs":110425,"acceptedSoFar":4}
{"event":"problem_generation_item_accepted","elapsedMs":112371,"acceptedSoFar":4}
{"event":"problem_generation_item_accepted","elapsedMs":115087,"acceptedSoFar":1}
{"event":"problem_generation_item_accepted","elapsedMs":115152,"acceptedSoFar":5}
{"event":"problem_generation_item_accepted","elapsedMs":115180,"acceptedSoFar":3}
{"event":"problem_generation_item_accepted","elapsedMs":117718,"acceptedSoFar":3}
{"event":"problem_generation_item_accepted","elapsedMs":119240,"acceptedSoFar":2}
{"event":"problem_generation_item_accepted","elapsedMs":119524,"acceptedSoFar":1}
{"event":"problem_generation_item_accepted","elapsedMs":121179,"acceptedSoFar":5}
{"event":"problem_generation_item_accepted","elapsedMs":122956,"acceptedSoFar":3}
{"event":"problem_generation_item_accepted","elapsedMs":124544,"acceptedSoFar":6}
{"event":"problem_generation_item_accepted","elapsedMs":125041,"acceptedSoFar":5}
{"event":"problem_generation_item_accepted","elapsedMs":125089,"acceptedSoFar":6}
{"event":"problem_generation_item_accepted","elapsedMs":125822,"acceptedSoFar":2}
{"event":"problem_generation_item_accepted","elapsedMs":128284,"acceptedSoFar":4}
{"event":"problem_generation_item_accepted","elapsedMs":134432,"acceptedSoFar":4}
{"event":"problem_generation_item_accepted","elapsedMs":135245,"acceptedSoFar":7}
[pipeline] 자료 생성 실패: data AI 가 만든 그림 데이터가 규격에 맞지 않습니다 — facts[] 는 label 과 value(숫자 또는 짧은 글), 선택 unit 이 필요합니다. (받은 데이터: {"type":"data","kind":"statement","title":"Bus Network Redesign Review","facts":[{"label":"Neighborhood route frequency before reassignment","value":10,"unit":"minutes between buses"},{"label":"Neighborhood route frequency after reassignment","value":22,"unit":"minutes between buses"},{"label":"Neighborhood route ridership change","value":"roughly flat","unit":""},{"label":"Express route ridership…)
{"event":"problem_generation_item_accepted","elapsedMs":136099,"acceptedSoFar":8}
{"event":"problem_generation_item_accepted","elapsedMs":136281,"acceptedSoFar":9}
{"event":"problem_generation_item_accepted","elapsedMs":139227,"acceptedSoFar":3}
{"event":"problem_generation_item_accepted","elapsedMs":142101,"acceptedSoFar":5}
{"event":"problem_generation_item_accepted","elapsedMs":144337,"acceptedSoFar":4}
{"event":"problem_generation_item_accepted","elapsedMs":152240,"acceptedSoFar":1}
{"event":"problem_generation_item_accepted","elapsedMs":152567,"acceptedSoFar":6}
{"event":"problem_generation_item_accepted","elapsedMs":156900,"acceptedSoFar":5}
{"event":"problem_generation_item_accepted","elapsedMs":159171,"acceptedSoFar":7}
{"event":"problem_generation_item_accepted","elapsedMs":159192,"acceptedSoFar":6}
{"event":"problem_generation_item_accepted","elapsedMs":159383,"acceptedSoFar":1}
{"event":"problem_generation_item_accepted","elapsedMs":159527,"acceptedSoFar":2}
{"event":"problem_generation_item_accepted","elapsedMs":160081,"acceptedSoFar":7}
{"event":"problem_generation_item_accepted","elapsedMs":160408,"acceptedSoFar":8}
{"event":"problem_generation_item_accepted","elapsedMs":160748,"acceptedSoFar":2}
{"event":"problem_generation_item_accepted","elapsedMs":161493,"acceptedSoFar":4}
{"event":"problem_generation_item_accepted","elapsedMs":163198,"acceptedSoFar":5}
{"event":"problem_generation_item_accepted","elapsedMs":164642,"acceptedSoFar":3}
{"event":"problem_generation_item_accepted","elapsedMs":167155,"acceptedSoFar":8}
{"event":"problem_generation_pipeline_timing","requested":8,"accepted":8,"shortfall":0,"stoppedReason":"target_met","timeMs":{"total":167156,"generate":232186,"figure":2129,"contractRepair":50444,"answerExplanationCheck":34169,"review":107784,"regenerate":47508}}
[boundaries/hard/mc] 8/8 (라운드 1, 통과 8/8, 호출 4.75)
{"event":"problem_generation_item_accepted","elapsedMs":169020,"acceptedSoFar":2}
{"event":"problem_generation_item_accepted","elapsedMs":169157,"acceptedSoFar":3}
{"event":"problem_generation_item_accepted","elapsedMs":172836,"acceptedSoFar":5}
{"event":"problem_generation_item_accepted","elapsedMs":173235,"acceptedSoFar":4}
{"event":"problem_generation_item_accepted","elapsedMs":174501,"acceptedSoFar":4}
{"event":"problem_generation_item_accepted","elapsedMs":177587,"acceptedSoFar":7}
{"event":"problem_generation_item_accepted","elapsedMs":181964,"acceptedSoFar":5}
{"event":"problem_generation_item_accepted","elapsedMs":182554,"acceptedSoFar":6}
{"event":"problem_generation_pipeline_timing","requested":5,"accepted":5,"shortfall":0,"stoppedReason":"target_met","timeMs":{"total":183541,"generate":179170,"figure":0,"contractRepair":19826,"answerExplanationCheck":43554,"review":116181,"regenerate":67737}}
[command_of_evidence_text/hard/mc] 5/5 (라운드 1, 통과 5/5, 호출 6)
{"event":"problem_generation_pipeline_timing","requested":5,"accepted":5,"shortfall":0,"stoppedReason":"target_met","timeMs":{"total":184438,"generate":181351,"figure":0,"contractRepair":3800,"answerExplanationCheck":46150,"review":191423,"regenerate":18850}}
[cross_text_connections/hard/mc] 5/5 (라운드 1, 통과 5/5, 호출 10.4)
{"event":"problem_generation_item_accepted","elapsedMs":189921,"acceptedSoFar":7}
{"event":"problem_generation_item_accepted","elapsedMs":195902,"acceptedSoFar":5}
{"event":"problem_generation_item_accepted","elapsedMs":208630,"acceptedSoFar":6}
{"event":"problem_generation_item_accepted","elapsedMs":213106,"acceptedSoFar":8}
{"event":"problem_generation_item_accepted","elapsedMs":217844,"acceptedSoFar":7}
{"event":"problem_generation_pipeline_timing","requested":5,"accepted":5,"shortfall":0,"stoppedReason":"target_met","timeMs":{"total":225474,"generate":237742,"figure":0,"contractRepair":2927,"answerExplanationCheck":35685,"review":102653,"regenerate":45041}}
[text_structure_purpose/hard/mc] 5/5 (라운드 1, 통과 5/5, 호출 4.8)
{"event":"problem_generation_pipeline_timing","requested":5,"accepted":2,"shortfall":3,"stoppedReason":"candidate_cap","timeMs":{"total":225957,"generate":74606,"figure":7394,"contractRepair":29451,"answerExplanationCheck":36713,"review":156855,"regenerate":56035}}
[inferences/medium/mc] 2/5 (라운드 1, 통과 2/5, 호출 25)
{"event":"problem_generation_item_accepted","elapsedMs":228632,"acceptedSoFar":10}
{"event":"problem_generation_pipeline_timing","requested":10,"accepted":10,"shortfall":0,"stoppedReason":"target_met","timeMs":{"total":228632,"generate":214591,"figure":0,"contractRepair":0,"answerExplanationCheck":57800,"review":179514,"regenerate":86546}}
[words_in_context/hard/mc] 10/15 (라운드 1, 통과 10/10, 호출 5)
{"event":"problem_generation_item_accepted","elapsedMs":230562,"acceptedSoFar":8}
{"event":"problem_generation_item_accepted","elapsedMs":49302,"acceptedSoFar":1}
{"event":"problem_generation_item_accepted","elapsedMs":49795,"acceptedSoFar":2}
[pipeline] 자료 생성 실패: data AI 가 만든 그림 데이터가 규격에 맞지 않습니다 — statement.note 는 300자 이내입니다. (받은 데이터: {"type":"data","kind":"statement","title":"Reading Passage: Coral Reef Recovery and Thermal Stress History","facts":[{"label":"Main topic","value":"Coral bleaching recovery and thermal stress history"},{"label":"Question type","value":"Main idea"}],"note":"For decades, ecologists studying coral bleaching assumed that a reef's recovery depended almost entirely on water temperature returning to norm…)
[pipeline] 자료 생성 실패: plane AI 가 만든 그림 데이터가 규격에 맞지 않습니다 — 알 수 없는 그림 type: undefined (받은 데이터: {"axes":{"x":{"min":-8,"max":8,"step":1,"title":"Time (hours)"},"y":{"min":-8,"max":8,"step":1,"title":"Depth setting (meters)"}},"objects":[{"id":"A","kind":"point","at":[-3,4],"label":"(-3, 4)"},{"id":"B","kind":"point","at":[6,-2],"label":"(6, -2)"},{"id":"l1","kind":"line","through":["A","B"],"label":"ℓ"},{"id":"f","kind":"function","fn":"linear","params":[-0.3333333333333333,-3],"label":"y = …)
{"event":"problem_generation_pipeline_timing","requested":8,"accepted":8,"shortfall":0,"stoppedReason":"target_met","timeMs":{"total":240645,"generate":248161,"figure":0,"contractRepair":3398,"answerExplanationCheck":85254,"review":285760,"regenerate":82639}}
[inferences/hard/mc] 8/8 (라운드 1, 통과 8/8, 호출 9.5)
{"event":"problem_generation_item_accepted","elapsedMs":77475,"acceptedSoFar":1}
[pipeline] 자료 생성 실패: data AI 가 만든 그림 데이터가 규격에 맞지 않습니다 — title 은 90자 이내 문자열입니다. (받은 데이터: {"type":"data","kind":"table","title":"Reef Recovery by Thermal Exposure History (post-event temperature identical across all sites)","columns":["Site","Moderate stress episodes (20 yrs)","Most severe single event","Coral cover restored after 3 years (%)"],"rows":[["Site A",8,"Mild",71],["Site B",6,"Mild",68],["Site C",1,"Severe",34],["Site D",0,"Severe",29]]})
{"event":"problem_generation_pipeline_timing","requested":10,"accepted":8,"shortfall":2,"stoppedReason":"time_cap","timeMs":{"total":253336,"generate":237119,"figure":11163,"contractRepair":25535,"answerExplanationCheck":78043,"review":171322,"regenerate":100348}}
[central_ideas_details/hard/mc] 8/11 (라운드 1, 통과 8/10, 호출 6.63)
{"event":"problem_generation_pipeline_timing","requested":2,"accepted":2,"shortfall":0,"stoppedReason":"target_met","timeMs":{"total":73447,"generate":55861,"figure":0,"contractRepair":2034,"answerExplanationCheck":0,"review":49887,"regenerate":7316}}
[linear_equations_one_var/hard/spr] 2/2 (라운드 1, 통과 2/2, 호출 5)
{"event":"problem_generation_item_accepted","elapsedMs":92137,"acceptedSoFar":2}
[pipeline] 자료 생성 실패: plane AI 가 만든 그림 데이터가 규격에 맞지 않습니다 — 알 수 없는 그림 type: undefined (받은 데이터: {"axes":{"x":{"min":-6,"max":8,"step":1,"title":"x"},"y":{"min":-6,"max":8,"step":1,"title":"y"}},"objects":[{"id":"A","kind":"point","at":[-4,-2],"label":"A"},{"id":"B","kind":"point","at":[4,6],"label":"B"},{"id":"P","kind":"point","at":[2,4],"label":"P"},{"id":"l","kind":"line","through":["A","B"],"label":"ℓ"}]})
{"event":"problem_generation_item_accepted","elapsedMs":36946,"acceptedSoFar":1}
{"event":"problem_generation_item_accepted","elapsedMs":267824,"acceptedSoFar":8}
{"event":"problem_generation_item_accepted","elapsedMs":107145,"acceptedSoFar":3}
{"event":"problem_generation_item_accepted","elapsedMs":278226,"acceptedSoFar":9}
{"event":"problem_generation_pipeline_timing","requested":1,"accepted":1,"shortfall":0,"stoppedReason":"target_met","timeMs":{"total":54099,"generate":28970,"figure":10733,"contractRepair":0,"answerExplanationCheck":0,"review":7972,"regenerate":14378}}
[linear_equations_two_var/hard/spr] 1/1 (라운드 1, 통과 1/1, 호출 9)
[pipeline] 자료 생성 실패: plane AI 가 만든 그림 데이터가 규격에 맞지 않습니다 — objects 가 하나 이상 필요합니다. (받은 데이터: {"type":"plane","axes":{"x":{"min":-5,"max":5,"step":1,"title":"x"},"y":{"min":-5,"max":5,"step":1,"title":"y"}},"objects":[]})
{"event":"problem_generation_pipeline_timing","requested":10,"accepted":9,"shortfall":1,"stoppedReason":"time_cap","timeMs":{"total":285718,"generate":290979,"figure":0,"contractRepair":15351,"answerExplanationCheck":81071,"review":195454,"regenerate":231244}}
[rhetorical_synthesis/hard/mc] 9/11 (라운드 1, 통과 9/10, 호출 7.67)
{"event":"problem_generation_item_accepted","elapsedMs":120203,"acceptedSoFar":4}
{"event":"problem_generation_item_accepted","elapsedMs":103073,"acceptedSoFar":1}
{"event":"problem_generation_item_accepted","elapsedMs":68679,"acceptedSoFar":1}
{"event":"problem_generation_item_accepted","elapsedMs":38436,"acceptedSoFar":1}
{"event":"problem_generation_item_accepted","elapsedMs":300171,"acceptedSoFar":9}
{"event":"problem_generation_pipeline_timing","requested":10,"accepted":9,"shortfall":1,"stoppedReason":"time_cap","timeMs":{"total":300171,"generate":287950,"figure":0,"contractRepair":9344,"answerExplanationCheck":64004,"review":193675,"regenerate":132144}}
[transitions/hard/mc] 9/15 (라운드 1, 통과 9/10, 호출 5)
{"event":"problem_generation_item_accepted","elapsedMs":76990,"acceptedSoFar":2}
{"event":"problem_generation_item_accepted","elapsedMs":76194,"acceptedSoFar":1}
{"event":"problem_generation_item_accepted","elapsedMs":138963,"acceptedSoFar":5}
{"event":"problem_generation_item_accepted","elapsedMs":148753,"acceptedSoFar":6}
{"event":"problem_generation_item_accepted","elapsedMs":132091,"acceptedSoFar":2}
{"event":"problem_generation_item_accepted","elapsedMs":90787,"acceptedSoFar":2}
{"event":"problem_generation_item_accepted","elapsedMs":80922,"acceptedSoFar":1}
{"event":"problem_generation_item_accepted","elapsedMs":98141,"acceptedSoFar":3}
{"event":"problem_generation_pipeline_timing","requested":3,"accepted":3,"shortfall":0,"stoppedReason":"target_met","timeMs":{"total":98141,"generate":55222,"figure":0,"contractRepair":1866,"answerExplanationCheck":17828,"review":48371,"regenerate":0}}
[inferences/medium/mc] 5/5 (라운드 2, 통과 3/3, 호출 4)
{"event":"problem_generation_item_accepted","elapsedMs":106351,"acceptedSoFar":3}
{"event":"problem_generation_pipeline_timing","requested":3,"accepted":1,"shortfall":2,"stoppedReason":"candidate_cap","timeMs":{"total":85507,"generate":54136,"figure":48669,"contractRepair":5652,"answerExplanationCheck":0,"review":72456,"regenerate":68305}}
[systems_linear/hard/spr] 1/3 (라운드 1, 통과 1/3, 호출 38)
{"event":"problem_generation_item_accepted","elapsedMs":95547,"acceptedSoFar":1}
{"event":"problem_generation_item_accepted","elapsedMs":98174,"acceptedSoFar":2}
{"event":"problem_generation_item_accepted","elapsedMs":99537,"acceptedSoFar":3}
{"event":"problem_generation_item_accepted","elapsedMs":128957,"acceptedSoFar":4}
{"event":"problem_generation_item_accepted","elapsedMs":78114,"acceptedSoFar":1}
{"event":"problem_generation_item_accepted","elapsedMs":80266,"acceptedSoFar":2}
{"event":"problem_generation_item_accepted","elapsedMs":125928,"acceptedSoFar":2}
{"event":"problem_generation_item_accepted","elapsedMs":43468,"acceptedSoFar":1}
{"event":"problem_generation_pipeline_timing","requested":3,"accepted":3,"shortfall":0,"stoppedReason":"target_met","timeMs":{"total":118697,"generate":125577,"figure":0,"contractRepair":9038,"answerExplanationCheck":28704,"review":72391,"regenerate":0}}
[central_ideas_details/hard/mc] 11/11 (라운드 2, 통과 3/3, 호출 6.67)
{"event":"problem_generation_item_accepted","elapsedMs":72865,"acceptedSoFar":1}
{"event":"problem_generation_item_accepted","elapsedMs":145367,"acceptedSoFar":5}
{"event":"problem_generation_item_accepted","elapsedMs":88978,"acceptedSoFar":1}
{"event":"problem_generation_pipeline_timing","requested":6,"accepted":6,"shortfall":0,"stoppedReason":"target_met","timeMs":{"total":210281,"generate":125019,"figure":0,"contractRepair":3286,"answerExplanationCheck":75859,"review":248648,"regenerate":125236}}
[linear_equations_one_var/hard/mc] 6/6 (라운드 1, 통과 6/6, 호출 8.5)
{"event":"problem_generation_item_accepted","elapsedMs":92751,"acceptedSoFar":2}
{"event":"problem_generation_item_accepted","elapsedMs":39239,"acceptedSoFar":1}
{"event":"problem_generation_item_accepted","elapsedMs":86882,"acceptedSoFar":2}
{"event":"problem_generation_item_accepted","elapsedMs":147414,"acceptedSoFar":3}
{"event":"problem_generation_item_accepted","elapsedMs":46171,"acceptedSoFar":2}
[pipeline] 자료 생성 실패: plane AI 가 만든 그림 데이터가 규격에 맞지 않습니다 — 알 수 없는 그림 type: undefined (받은 데이터: {"axes":{"x":{"min":-6,"max":6,"step":1,"title":"x"},"y":{"min":-6,"max":6,"step":1,"title":"y"}},"objects":[{"id":"A","kind":"point","at":[-4,-2],"label":"A"},{"id":"B","kind":"point","at":[2,4],"label":"B"},{"id":"l","kind":"line","through":["A","B"],"label":"ℓ"}]})
{"event":"problem_generation_pipeline_timing","requested":1,"accepted":1,"shortfall":0,"stoppedReason":"target_met","timeMs":{"total":67783,"generate":31785,"figure":0,"contractRepair":0,"answerExplanationCheck":0,"review":39567,"regenerate":8106}}
[equivalent_expressions/hard/spr] 1/1 (라운드 1, 통과 1/1, 호출 6)
{"event":"problem_generation_item_accepted","elapsedMs":104285,"acceptedSoFar":3}
{"event":"problem_generation_pipeline_timing","requested":2,"accepted":2,"shortfall":0,"stoppedReason":"target_met","timeMs":{"total":62718,"generate":52691,"figure":14512,"contractRepair":0,"answerExplanationCheck":0,"review":28911,"regenerate":27792}}
[systems_linear/hard/spr] 3/3 (라운드 2, 통과 2/2, 호출 7.5)
{"event":"problem_generation_pipeline_timing","requested":2,"accepted":2,"shortfall":0,"stoppedReason":"target_met","timeMs":{"total":125088,"generate":92080,"figure":0,"contractRepair":11423,"answerExplanationCheck":26515,"review":64068,"regenerate":42947}}
[rhetorical_synthesis/hard/mc] 11/11 (라운드 2, 통과 2/2, 호출 8.5)
{"event":"problem_generation_item_accepted","elapsedMs":142350,"acceptedSoFar":3}
{"event":"problem_generation_item_accepted","elapsedMs":146535,"acceptedSoFar":4}
{"event":"problem_generation_pipeline_timing","requested":4,"accepted":4,"shortfall":0,"stoppedReason":"target_met","timeMs":{"total":146535,"generate":74215,"figure":0,"contractRepair":5714,"answerExplanationCheck":44201,"review":87302,"regenerate":61858}}
[equivalent_expressions/hard/mc] 4/4 (라운드 1, 통과 4/4, 호출 5.5)
{"event":"problem_generation_item_accepted","elapsedMs":50305,"acceptedSoFar":1}
[pipeline] 자료 생성 실패: plane AI 가 만든 그림 데이터가 규격에 맞지 않습니다 — 객체 f 의 kind 를 모릅니다: exponential (받은 데이터: {"type":"plane","axes":{"x":{"min":-1,"max":5,"step":1,"title":"Time (hours)"},"y":{"min":0,"max":12,"step":1,"title":"Population (thousands)"}},"objects":[{"id":"f","kind":"exponential","fn":"exponential","params":[6,0.5,4],"label":"P","domain":[-1,5]},{"id":"asym","kind":"line","slope":0,"intercept":4,"label":"y = 4"},{"id":"A","kind":"point","at":[0,10],"label":"(0, 10)"},{"id":"B","kind":"poin…)
{"event":"problem_generation_item_accepted","elapsedMs":53783,"acceptedSoFar":2}
{"event":"problem_generation_item_accepted","elapsedMs":56286,"acceptedSoFar":3}
{"event":"problem_generation_item_accepted","elapsedMs":251736,"acceptedSoFar":3}
{"event":"problem_generation_pipeline_timing","requested":5,"accepted":5,"shortfall":0,"stoppedReason":"target_met","timeMs":{"total":210410,"generate":122118,"figure":0,"contractRepair":10782,"answerExplanationCheck":68621,"review":193498,"regenerate":92895}}
[words_in_context/hard/mc] 15/15 (라운드 2, 통과 5/5, 호출 11.2)
[pipeline] 자료 생성 실패: parallel_transversal AI 가 만든 그림 데이터가 규격에 맞지 않습니다 — angles[] 는 at:[평행선, 횡단선] 과 region(NE|NW|SE|SW) 이 필요합니다. (받은 데이터: {"type":"parallel_transversal","parallel":["m","n"],"transversals":[{"id":"k"},{"id":"j"}],"points":[{"id":"A","on":["m","k"]},{"id":"B","on":["m","j"]},{"id":"C","on":["n","k"]},{"id":"D","on":["n","j"]},{"id":"E","on":["k","j"]}],"angles":[{"at":["k","n"],"region":"S","label":"128°"},{"at":["j","n"],"region":"S","label":"146°"},{"at":["k","j"],"region":"N","label":"x°"}],"crossing":{"side":"belo…)
{"event":"problem_generation_item_accepted","elapsedMs":260641,"acceptedSoFar":4}
{"event":"problem_generation_pipeline_timing","requested":3,"accepted":3,"shortfall":0,"stoppedReason":"target_met","timeMs":{"total":69211,"generate":71087,"figure":7840,"contractRepair":0,"answerExplanationCheck":0,"review":38736,"regenerate":6506}}
[nonlinear_functions/hard/spr] 3/3 (라운드 1, 통과 3/3, 호출 3.33)
{"event":"problem_generation_pipeline_timing","requested":4,"accepted":4,"shortfall":0,"stoppedReason":"target_met","timeMs":{"total":265643,"generate":200477,"figure":66559,"contractRepair":0,"answerExplanationCheck":41969,"review":83159,"regenerate":116266}}
[linear_equations_two_var/hard/mc] 4/4 (라운드 1, 통과 4/4, 호출 13.75)
{"event":"problem_generation_item_accepted","elapsedMs":46668,"acceptedSoFar":1}
{"event":"problem_generation_item_accepted","elapsedMs":79927,"acceptedSoFar":1}
[pipeline] 자료 생성 실패: triangle AI 가 만든 그림 데이터가 규격에 맞지 않습니다 — second.scale 은 0.4~1.6 사이 숫자입니다. (받은 데이터: {"type":"triangle","vertices":["A","B","C"],"kind":"scalene","sides":[{"between":["A","B"],"label":"40"}],"angles":[{"at":"A","label":"52°"},{"at":"B","label":"71°"}],"second":{"vertices":["D","E","F"],"scale":0.25,"sides":[{"between":["D","E"],"label":"10"}],"angles":[{"at":"D","label":"52°"},{"at":"E","label":"71°"}]}})
[pipeline] 자료 생성 실패: parallel_transversal AI 가 만든 그림 데이터가 규격에 맞지 않습니다 — parallel 은 평행선 이름 2개(위, 아래)여야 합니다. 평행선이 3개 이상이면 이 템플릿으로 그릴 수 없습니다. (받은 데이터: {"type":"parallel_transversal","parallel":["Elm Street","Oak Street"],"transversals":[{"id":"Birch Street"},{"id":"Cedar Street","perpendicular":true}],"points":[{"id":"P","on":["Elm Street","Birch Street"]},{"id":"Q","on":["Oak Street","Birch Street"]},{"id":"R","on":["Birch Street","Cedar Street"]}],"angles":[{"at":["Elm Street","Birch Street"],"region":"SE","label":"65°"},{"at":["Birch Street",…)
{"event":"problem_generation_item_accepted","elapsedMs":82791,"acceptedSoFar":2}
{"event":"problem_generation_item_accepted","elapsedMs":83591,"acceptedSoFar":3}
[pipeline] 자료 생성 실패: triangle AI 가 만든 그림 데이터가 규격에 맞지 않습니다 — second.scale 은 0.4~1.6 사이 숫자입니다. (받은 데이터: {"type":"triangle","vertices":["A","B","C"],"kind":"scalene","sides":[{"between":["A","B"],"label":"40"}],"angles":[{"at":"A","label":"52°"},{"at":"B","label":"71°"}],"second":{"vertices":["D","E","F"],"scale":0.25,"sides":[{"between":["D","E"],"label":"10"}],"angles":[{"at":"D","label":"52°"},{"at":"E","label":"71°"}]}})
[pipeline] 자료 생성 실패: parallel_transversal AI 가 만든 그림 데이터가 규격에 맞지 않습니다 — parallel 은 평행선 이름 2개(위, 아래)여야 합니다. 평행선이 3개 이상이면 이 템플릿으로 그릴 수 없습니다. (받은 데이터: {"type":"parallel_transversal","parallel":["Elm Street","Oak Street"],"transversals":[{"id":"Birch Street"},{"id":"Cedar Street","perpendicular":true}],"points":[{"id":"P","on":["Elm Street","Birch Street"]},{"id":"Q","on":["Oak Street","Birch Street"]},{"id":"S","on":["Elm Street","Cedar Street"]},{"id":"T","on":["Oak Street","Cedar Street"]},{"id":"V","on":["Birch Street","Cedar Street"]}],"angl…)
{"event":"problem_generation_item_accepted","elapsedMs":97360,"acceptedSoFar":4}
{"event":"problem_generation_item_accepted","elapsedMs":97964,"acceptedSoFar":5}
{"event":"problem_generation_item_accepted","elapsedMs":98357,"acceptedSoFar":6}
{"event":"problem_generation_pipeline_timing","requested":1,"accepted":1,"shortfall":0,"stoppedReason":"target_met","timeMs":{"total":73686,"generate":34531,"figure":16638,"contractRepair":0,"answerExplanationCheck":0,"review":12124,"regenerate":22493}}
[lines_angles_triangles/hard/spr] 1/1 (라운드 1, 통과 1/1, 호출 9)
[pipeline] 자료 생성 실패: triangle AI 가 만든 그림 데이터가 규격에 맞지 않습니다 — second.scale 은 0.4~1.6 사이 숫자입니다. (받은 데이터: {"type":"triangle","vertices":["A","B","C"],"kind":"scalene","sides":[{"between":["A","B"],"label":"40"}],"angles":[{"at":"A","label":"52°"},{"at":"B","label":"71°"}],"second":{"vertices":["D","E","F"],"scale":0.25,"sides":[{"between":["D","E"],"label":"10"}],"angles":[{"at":"D","label":"52°"},{"at":"E","label":"71°"}]}})
{"event":"problem_generation_item_accepted","elapsedMs":109709,"acceptedSoFar":7}
[pipeline] 자료 생성 실패: parallel_transversal AI 가 만든 그림 데이터가 규격에 맞지 않습니다 — parallel 은 평행선 이름 2개(위, 아래)여야 합니다. 평행선이 3개 이상이면 이 템플릿으로 그릴 수 없습니다. (받은 데이터: {"type":"parallel_transversal","parallel":["Elm Street","Oak Street"],"transversals":[{"id":"Birch Street"},{"id":"Cedar Street","perpendicular":true}],"points":[{"id":"P","on":["Elm Street","Birch Street"]},{"id":"Q","on":["Oak Street","Birch Street"]},{"id":"S","on":["Elm Street","Cedar Street"]},{"id":"T","on":["Oak Street","Cedar Street"]},{"id":"V","on":["Birch Street","Cedar Street"]}],"angl…)
{"event":"problem_generation_item_accepted","elapsedMs":116166,"acceptedSoFar":8}
{"event":"problem_generation_item_accepted","elapsedMs":110847,"acceptedSoFar":1}
{"event":"problem_generation_pipeline_timing","requested":8,"accepted":8,"shortfall":0,"stoppedReason":"target_met","timeMs":{"total":146967,"generate":194540,"figure":12399,"contractRepair":3908,"answerExplanationCheck":42772,"review":145785,"regenerate":17904}}
[nonlinear_functions/hard/mc] 8/8 (라운드 1, 통과 8/8, 호출 4.5)
[pipeline] 독립 검사 오류: (input.design.key_relations ?? []).join is not a function
[pipeline] 독립 검사 오류: (input.design.key_relations ?? []).join is not a function
{"event":"problem_generation_item_accepted","elapsedMs":302428,"acceptedSoFar":4}
{"event":"problem_generation_item_accepted","elapsedMs":243363,"acceptedSoFar":4}
{"event":"problem_generation_item_accepted","elapsedMs":253086,"acceptedSoFar":5}
{"event":"problem_generation_item_accepted","elapsedMs":324973,"acceptedSoFar":5}
{"event":"problem_generation_item_accepted","elapsedMs":268690,"acceptedSoFar":6}
{"event":"problem_generation_pipeline_timing","requested":6,"accepted":6,"shortfall":0,"stoppedReason":"target_met","timeMs":{"total":268690,"generate":215362,"figure":0,"contractRepair":1617,"answerExplanationCheck":34383,"review":131913,"regenerate":202499}}
[transitions/hard/mc] 15/15 (라운드 2, 통과 6/6, 호출 6.83)
{"event":"problem_generation_item_accepted","elapsedMs":334334,"acceptedSoFar":6}
{"event":"problem_generation_item_accepted","elapsedMs":353308,"acceptedSoFar":7}
{"event":"problem_generation_pipeline_timing","requested":8,"accepted":7,"shortfall":1,"stoppedReason":"candidate_cap","timeMs":{"total":353309,"generate":287205,"figure":72388,"contractRepair":15612,"answerExplanationCheck":87540,"review":266723,"regenerate":169891}}
[systems_linear/hard/mc] 7/8 (라운드 1, 통과 7/8, 호출 13.71)
{"event":"problem_generation_item_accepted","elapsedMs":222078,"acceptedSoFar":2}
{"event":"problem_generation_item_accepted","elapsedMs":225082,"acceptedSoFar":3}
{"event":"problem_generation_item_accepted","elapsedMs":225530,"acceptedSoFar":4}
{"event":"problem_generation_pipeline_timing","requested":4,"accepted":4,"shortfall":0,"stoppedReason":"target_met","timeMs":{"total":256725,"generate":198890,"figure":48972,"contractRepair":24827,"answerExplanationCheck":21713,"review":116642,"regenerate":158123}}
[lines_angles_triangles/hard/mc] 4/4 (라운드 1, 통과 4/4, 호출 14.5)
{"event":"problem_generation_item_accepted","elapsedMs":107672,"acceptedSoFar":1}
{"event":"problem_generation_pipeline_timing","requested":1,"accepted":1,"shortfall":0,"stoppedReason":"target_met","timeMs":{"total":141588,"generate":93069,"figure":6371,"contractRepair":0,"answerExplanationCheck":9013,"review":31407,"regenerate":16310}}
[systems_linear/hard/mc] 8/8 (라운드 2, 통과 1/1, 호출 10)
생성 완료
