{"event":"problem_generation_item_accepted","elapsedMs":62412,"acceptedSoFar":1}
{"event":"problem_generation_item_accepted","elapsedMs":63140,"acceptedSoFar":2}
{"event":"problem_generation_item_accepted","elapsedMs":63292,"acceptedSoFar":3}
{"event":"problem_generation_item_accepted","elapsedMs":76969,"acceptedSoFar":1}
{"event":"problem_generation_item_accepted","elapsedMs":77026,"acceptedSoFar":1}
{"event":"problem_generation_item_accepted","elapsedMs":77631,"acceptedSoFar":4}
{"event":"problem_generation_item_accepted","elapsedMs":78427,"acceptedSoFar":2}
{"event":"problem_generation_item_accepted","elapsedMs":80704,"acceptedSoFar":3}
{"event":"problem_generation_item_accepted","elapsedMs":82863,"acceptedSoFar":5}
{"event":"problem_generation_item_accepted","elapsedMs":85985,"acceptedSoFar":6}
{"event":"problem_generation_item_accepted","elapsedMs":86826,"acceptedSoFar":2}
{"event":"problem_generation_item_accepted","elapsedMs":89621,"acceptedSoFar":1}
{"event":"problem_generation_item_accepted","elapsedMs":92031,"acceptedSoFar":1}
{"event":"problem_generation_item_accepted","elapsedMs":93689,"acceptedSoFar":7}
{"event":"problem_generation_item_accepted","elapsedMs":97343,"acceptedSoFar":2}
{"event":"problem_generation_item_accepted","elapsedMs":98879,"acceptedSoFar":1}
{"event":"problem_generation_item_accepted","elapsedMs":99696,"acceptedSoFar":2}
{"event":"problem_generation_item_accepted","elapsedMs":101663,"acceptedSoFar":1}
{"event":"problem_generation_item_accepted","elapsedMs":102430,"acceptedSoFar":3}
{"event":"problem_generation_item_accepted","elapsedMs":106825,"acceptedSoFar":3}
{"event":"problem_generation_item_accepted","elapsedMs":107755,"acceptedSoFar":3}
{"event":"problem_generation_item_accepted","elapsedMs":107856,"acceptedSoFar":4}
{"event":"problem_generation_item_accepted","elapsedMs":111225,"acceptedSoFar":4}
{"event":"problem_generation_pipeline_timing","requested":4,"accepted":4,"shortfall":0,"stoppedReason":"target_met","timeMs":{"total":111226,"generate":58418,"figure":0,"contractRepair":8316,"answerExplanationCheck":24528,"review":59007,"regenerate":10839}}
[command_of_evidence_text/easy/mc] 4/4 (라운드 1, 통과 4/4, 호출 4.75)
{"event":"problem_generation_item_accepted","elapsedMs":114308,"acceptedSoFar":2}
{"event":"problem_generation_item_accepted","elapsedMs":114311,"acceptedSoFar":4}
{"event":"problem_generation_item_accepted","elapsedMs":115927,"acceptedSoFar":5}
{"event":"problem_generation_item_accepted","elapsedMs":116476,"acceptedSoFar":8}
{"event":"problem_generation_pipeline_timing","requested":8,"accepted":8,"shortfall":0,"stoppedReason":"target_met","timeMs":{"total":116476,"generate":72177,"figure":0,"contractRepair":9386,"answerExplanationCheck":32608,"review":118248,"regenerate":6587}}
[words_in_context/medium/mc] 8/8 (라운드 1, 통과 8/8, 호출 4.13)
{"event":"problem_generation_item_accepted","elapsedMs":117264,"acceptedSoFar":4}
{"event":"problem_generation_item_accepted","elapsedMs":123660,"acceptedSoFar":1}
{"event":"problem_generation_item_accepted","elapsedMs":123978,"acceptedSoFar":2}
{"event":"problem_generation_item_accepted","elapsedMs":124769,"acceptedSoFar":2}
{"event":"problem_generation_item_accepted","elapsedMs":124799,"acceptedSoFar":3}
{"event":"problem_generation_item_accepted","elapsedMs":127066,"acceptedSoFar":1}
{"event":"problem_generation_item_accepted","elapsedMs":137270,"acceptedSoFar":5}
{"event":"problem_generation_item_accepted","elapsedMs":139175,"acceptedSoFar":3}
{"event":"problem_generation_item_accepted","elapsedMs":140660,"acceptedSoFar":6}
{"event":"problem_generation_item_accepted","elapsedMs":142013,"acceptedSoFar":4}
{"event":"problem_generation_item_accepted","elapsedMs":142282,"acceptedSoFar":3}
{"event":"problem_generation_item_accepted","elapsedMs":142647,"acceptedSoFar":5}
{"event":"problem_generation_item_accepted","elapsedMs":151809,"acceptedSoFar":5}
{"event":"problem_generation_item_accepted","elapsedMs":153232,"acceptedSoFar":1}
{"event":"problem_generation_item_accepted","elapsedMs":154183,"acceptedSoFar":2}
{"event":"problem_generation_item_accepted","elapsedMs":156176,"acceptedSoFar":4}
{"event":"problem_generation_item_accepted","elapsedMs":156310,"acceptedSoFar":4}
{"event":"problem_generation_item_accepted","elapsedMs":158185,"acceptedSoFar":2}
{"event":"problem_generation_item_accepted","elapsedMs":161461,"acceptedSoFar":7}
{"event":"problem_generation_item_accepted","elapsedMs":161727,"acceptedSoFar":5}
{"event":"problem_generation_item_accepted","elapsedMs":162997,"acceptedSoFar":8}
{"event":"problem_generation_item_accepted","elapsedMs":163370,"acceptedSoFar":9}
{"event":"problem_generation_item_accepted","elapsedMs":168867,"acceptedSoFar":6}
{"event":"problem_generation_item_accepted","elapsedMs":172011,"acceptedSoFar":3}
{"event":"problem_generation_pipeline_timing","requested":5,"accepted":5,"shortfall":0,"stoppedReason":"target_met","timeMs":{"total":172115,"generate":172787,"figure":0,"contractRepair":16375,"answerExplanationCheck":42393,"review":140838,"regenerate":101889}}
[command_of_evidence_text/hard/mc] 5/5 (라운드 1, 통과 5/5, 호출 8.4)
{"event":"problem_generation_item_accepted","elapsedMs":173053,"acceptedSoFar":6}
{"event":"problem_generation_item_accepted","elapsedMs":173272,"acceptedSoFar":6}
{"event":"problem_generation_item_accepted","elapsedMs":174250,"acceptedSoFar":4}
{"event":"problem_generation_item_accepted","elapsedMs":175971,"acceptedSoFar":5}
{"event":"problem_generation_item_accepted","elapsedMs":176081,"acceptedSoFar":5}
{"event":"problem_generation_item_accepted","elapsedMs":176168,"acceptedSoFar":10}
{"event":"problem_generation_pipeline_timing","requested":10,"accepted":10,"shortfall":0,"stoppedReason":"target_met","timeMs":{"total":176169,"generate":257167,"figure":0,"contractRepair":5132,"answerExplanationCheck":74569,"review":179871,"regenerate":58931}}
[text_structure_purpose/hard/mc] 10/15 (라운드 1, 통과 10/10, 호출 4.4)
{"event":"problem_generation_item_accepted","elapsedMs":181337,"acceptedSoFar":6}
{"event":"problem_generation_item_accepted","elapsedMs":182369,"acceptedSoFar":3}
{"event":"problem_generation_item_accepted","elapsedMs":188826,"acceptedSoFar":6}
{"event":"problem_generation_item_accepted","elapsedMs":193037,"acceptedSoFar":7}
{"event":"problem_generation_item_accepted","elapsedMs":193542,"acceptedSoFar":7}
{"event":"problem_generation_item_accepted","elapsedMs":85862,"acceptedSoFar":1}
{"event":"problem_generation_item_accepted","elapsedMs":197510,"acceptedSoFar":8}
{"event":"problem_generation_item_accepted","elapsedMs":89766,"acceptedSoFar":2}
{"event":"problem_generation_item_accepted","elapsedMs":89877,"acceptedSoFar":3}
{"event":"problem_generation_item_accepted","elapsedMs":201340,"acceptedSoFar":9}
{"event":"problem_generation_item_accepted","elapsedMs":90968,"acceptedSoFar":4}
{"event":"problem_generation_pipeline_timing","requested":4,"accepted":4,"shortfall":0,"stoppedReason":"target_met","timeMs":{"total":90969,"generate":73256,"figure":0,"contractRepair":0,"answerExplanationCheck":20279,"review":43157,"regenerate":0}}
[cross_text_connections/medium/mc] 4/4 (라운드 1, 통과 4/4, 호출 2.25)
{"event":"problem_generation_item_accepted","elapsedMs":206653,"acceptedSoFar":7}
{"event":"problem_generation_item_accepted","elapsedMs":211489,"acceptedSoFar":8}
{"event":"problem_generation_item_accepted","elapsedMs":212682,"acceptedSoFar":9}
{"event":"problem_generation_item_accepted","elapsedMs":218044,"acceptedSoFar":8}
{"event":"problem_generation_item_accepted","elapsedMs":222370,"acceptedSoFar":10}
{"event":"problem_generation_pipeline_timing","requested":10,"accepted":10,"shortfall":0,"stoppedReason":"target_met","timeMs":{"total":222370,"generate":295445,"figure":1842,"contractRepair":12627,"answerExplanationCheck":56642,"review":140755,"regenerate":29651}}
[central_ideas_details/hard/mc] 10/11 (라운드 1, 통과 10/10, 호출 4.2)
{"event":"problem_generation_item_accepted","elapsedMs":129746,"acceptedSoFar":1}
{"event":"problem_generation_item_accepted","elapsedMs":132061,"acceptedSoFar":2}
{"event":"problem_generation_item_accepted","elapsedMs":132221,"acceptedSoFar":3}
{"event":"problem_generation_item_accepted","elapsedMs":252259,"acceptedSoFar":7}
{"event":"problem_generation_item_accepted","elapsedMs":257818,"acceptedSoFar":7}
{"event":"problem_generation_pipeline_timing","requested":10,"accepted":7,"shortfall":3,"stoppedReason":"time_cap","timeMs":{"total":257818,"generate":187769,"figure":0,"contractRepair":2758,"answerExplanationCheck":97707,"review":276022,"regenerate":152962}}
[words_in_context/hard/mc] 7/15 (라운드 1, 통과 7/10, 호출 11.43)
{"event":"problem_generation_item_accepted","elapsedMs":86157,"acceptedSoFar":1}
{"event":"problem_generation_item_accepted","elapsedMs":86893,"acceptedSoFar":2}
{"event":"problem_generation_item_accepted","elapsedMs":86945,"acceptedSoFar":3}
{"event":"problem_generation_item_accepted","elapsedMs":146457,"acceptedSoFar":4}
{"event":"problem_generation_item_accepted","elapsedMs":148021,"acceptedSoFar":5}
{"event":"problem_generation_item_accepted","elapsedMs":275336,"acceptedSoFar":4}
{"event":"problem_generation_item_accepted","elapsedMs":103435,"acceptedSoFar":4}
{"event":"problem_generation_item_accepted","elapsedMs":103800,"acceptedSoFar":5}
{"event":"problem_generation_item_accepted","elapsedMs":276109,"acceptedSoFar":5}
{"event":"problem_generation_item_accepted","elapsedMs":105371,"acceptedSoFar":6}
{"event":"problem_generation_item_accepted","elapsedMs":278877,"acceptedSoFar":10}
{"event":"problem_generation_pipeline_timing","requested":10,"accepted":8,"shortfall":2,"stoppedReason":"time_cap","timeMs":{"total":279451,"generate":278681,"figure":0,"contractRepair":11784,"answerExplanationCheck":75627,"review":300774,"regenerate":93509}}
[inferences/hard/mc] 8/11 (라운드 1, 통과 8/10, 호출 9.75)
{"event":"problem_generation_item_accepted","elapsedMs":280055,"acceptedSoFar":8}
{"event":"problem_generation_item_accepted","elapsedMs":164330,"acceptedSoFar":6}
{"event":"problem_generation_item_accepted","elapsedMs":281728,"acceptedSoFar":9}
{"event":"problem_generation_pipeline_timing","requested":9,"accepted":9,"shortfall":0,"stoppedReason":"target_met","timeMs":{"total":281728,"generate":192451,"figure":8946,"contractRepair":9456,"answerExplanationCheck":67937,"review":184494,"regenerate":66951}}
[command_of_evidence_text/medium/mc] 9/9 (라운드 1, 통과 9/9, 호출 6)
{"event":"problem_generation_item_accepted","elapsedMs":281970,"acceptedSoFar":6}
{"event":"problem_generation_item_accepted","elapsedMs":171760,"acceptedSoFar":7}
{"event":"problem_generation_item_accepted","elapsedMs":89626,"acceptedSoFar":1}
{"event":"problem_generation_item_accepted","elapsedMs":123082,"acceptedSoFar":7}
{"event":"problem_generation_item_accepted","elapsedMs":125290,"acceptedSoFar":8}
{"event":"problem_generation_item_accepted","elapsedMs":297572,"acceptedSoFar":7}
{"event":"problem_generation_item_accepted","elapsedMs":297947,"acceptedSoFar":8}
{"event":"problem_generation_item_accepted","elapsedMs":126495,"acceptedSoFar":9}
{"event":"problem_generation_item_accepted","elapsedMs":102747,"acceptedSoFar":2}
{"event":"problem_generation_item_accepted","elapsedMs":104170,"acceptedSoFar":3}
{"event":"problem_generation_item_accepted","elapsedMs":307231,"acceptedSoFar":9}
{"event":"problem_generation_item_accepted","elapsedMs":105380,"acceptedSoFar":4}
[pipeline] 자료 생성 실패: data AI 가 만든 그림 데이터가 규격에 맞지 않습니다 — facts[] 는 label 과 value(숫자 또는 짧은 글), 선택 unit 이 필요합니다. (받은 데이터: {"type":"data","kind":"statement","title":"Octopus Behavior Studies","facts":[{"label":"Site","value":"Octopolis (wild, Australia)","unit":""},{"label":"Space/shelter condition (wild)","value":"Adequate","unit":""},{"label":"Observed behavior (wild)","value":"Ritualized displays (arm-raising, color changes) before eviction","unit":""},{"label":"Outcome (wild)","value":"Reduced frequency of physica…)
{"event":"problem_generation_item_accepted","elapsedMs":89306,"acceptedSoFar":1}
{"event":"problem_generation_pipeline_timing","requested":1,"accepted":1,"shortfall":0,"stoppedReason":"target_met","timeMs":{"total":90333,"generate":48442,"figure":0,"contractRepair":0,"answerExplanationCheck":11206,"review":50538,"regenerate":0}}
[central_ideas_details/hard/mc] 11/11 (라운드 2, 통과 1/1, 호출 13)
{"event":"problem_generation_item_accepted","elapsedMs":143500,"acceptedSoFar":10}
{"event":"problem_generation_pipeline_timing","requested":10,"accepted":10,"shortfall":0,"stoppedReason":"target_met","timeMs":{"total":143500,"generate":196401,"figure":0,"contractRepair":19154,"answerExplanationCheck":61913,"review":142009,"regenerate":12577}}
[rhetorical_synthesis/hard/mc] 10/15 (라운드 1, 통과 10/10, 호출 3.7)
{"event":"problem_generation_item_accepted","elapsedMs":320345,"acceptedSoFar":10}
{"event":"problem_generation_pipeline_timing","requested":10,"accepted":10,"shortfall":0,"stoppedReason":"target_met","timeMs":{"total":320346,"generate":254755,"figure":0,"contractRepair":26447,"answerExplanationCheck":57899,"review":191956,"regenerate":53713}}
[inferences/medium/mc] 10/15 (라운드 1, 통과 10/10, 호출 5.8)
{"event":"problem_generation_item_accepted","elapsedMs":123741,"acceptedSoFar":5}
{"event":"problem_generation_item_accepted","elapsedMs":152030,"acceptedSoFar":1}
{"event":"problem_generation_item_accepted","elapsedMs":217486,"acceptedSoFar":8}
{"event":"problem_generation_item_accepted","elapsedMs":83247,"acceptedSoFar":1}
{"event":"problem_generation_pipeline_timing","requested":10,"accepted":10,"shortfall":0,"stoppedReason":"target_met","timeMs":{"total":344315,"generate":333201,"figure":33490,"contractRepair":16562,"answerExplanationCheck":81107,"review":212094,"regenerate":143851}}
[command_of_evidence_quant/hard/mc] 10/11 (라운드 1, 통과 10/10, 호출 6.7)
{"event":"problem_generation_item_accepted","elapsedMs":168645,"acceptedSoFar":2}
{"event":"problem_generation_item_accepted","elapsedMs":146376,"acceptedSoFar":6}
{"event":"problem_generation_item_accepted","elapsedMs":80560,"acceptedSoFar":1}
{"event":"problem_generation_item_accepted","elapsedMs":79999,"acceptedSoFar":1}
{"event":"problem_generation_item_accepted","elapsedMs":104064,"acceptedSoFar":2}
{"event":"problem_generation_item_accepted","elapsedMs":186274,"acceptedSoFar":3}
{"event":"problem_generation_item_accepted","elapsedMs":186411,"acceptedSoFar":4}
{"event":"problem_generation_item_accepted","elapsedMs":161152,"acceptedSoFar":7}
{"event":"problem_generation_item_accepted","elapsedMs":82679,"acceptedSoFar":2}
[pipeline] 독립 검사 오류: (raw.difficulty_reasons ?? []).map is not a function
{"event":"problem_generation_item_accepted","elapsedMs":84296,"acceptedSoFar":3}
{"event":"problem_generation_item_accepted","elapsedMs":84417,"acceptedSoFar":4}
{"event":"problem_generation_item_accepted","elapsedMs":190269,"acceptedSoFar":5}
{"event":"problem_generation_item_accepted","elapsedMs":260910,"acceptedSoFar":9}
{"event":"problem_generation_pipeline_timing","requested":10,"accepted":9,"shortfall":1,"stoppedReason":"time_cap","timeMs":{"total":260911,"generate":274902,"figure":0,"contractRepair":10185,"answerExplanationCheck":62131,"review":244445,"regenerate":118439}}
[cross_text_connections/hard/mc] 9/11 (라운드 1, 통과 9/10, 호출 7.89)
{"event":"problem_generation_item_accepted","elapsedMs":98897,"acceptedSoFar":2}
{"event":"problem_generation_item_accepted","elapsedMs":98415,"acceptedSoFar":5}
{"event":"problem_generation_item_accepted","elapsedMs":99399,"acceptedSoFar":6}
{"event":"problem_generation_item_accepted","elapsedMs":103416,"acceptedSoFar":7}
{"event":"problem_generation_item_accepted","elapsedMs":107044,"acceptedSoFar":3}
{"event":"problem_generation_item_accepted","elapsedMs":132132,"acceptedSoFar":3}
{"event":"problem_generation_pipeline_timing","requested":5,"accepted":5,"shortfall":0,"stoppedReason":"target_met","timeMs":{"total":216773,"generate":215706,"figure":0,"contractRepair":1932,"answerExplanationCheck":31491,"review":101759,"regenerate":83771}}
[text_structure_purpose/hard/mc] 15/15 (라운드 2, 통과 5/5, 호출 6.2)
{"event":"problem_generation_pipeline_timing","requested":3,"accepted":3,"shortfall":0,"stoppedReason":"target_met","timeMs":{"total":113984,"generate":119401,"figure":0,"contractRepair":3778,"answerExplanationCheck":29500,"review":100491,"regenerate":0}}
[inferences/hard/mc] 11/11 (라운드 2, 통과 3/3, 호출 8.67)
{"event":"problem_generation_item_accepted","elapsedMs":116589,"acceptedSoFar":8}
{"event":"problem_generation_item_accepted","elapsedMs":120010,"acceptedSoFar":9}
{"event":"problem_generation_item_accepted","elapsedMs":89349,"acceptedSoFar":1}
LaTeX-incompatible input and strict mode is set to 'warn': Unicode text character "많" used in math mode [unicodeTextInMathMode]
LaTeX-incompatible input and strict mode is set to 'warn': Unicode text character "으" used in math mode [unicodeTextInMathMode]
LaTeX-incompatible input and strict mode is set to 'warn': Unicode text character "므" used in math mode [unicodeTextInMathMode]
LaTeX-incompatible input and strict mode is set to 'warn': Unicode text character "로" used in math mode [unicodeTextInMathMode]
LaTeX-incompatible input and strict mode is set to 'warn': Unicode text character "추" used in math mode [unicodeTextInMathMode]
LaTeX-incompatible input and strict mode is set to 'warn': Unicode text character "가" used in math mode [unicodeTextInMathMode]
LaTeX-incompatible input and strict mode is set to 'warn': Unicode text character "된" used in math mode [unicodeTextInMathMode]
LaTeX-incompatible input and strict mode is set to 'warn': Unicode text character "마" used in math mode [unicodeTextInMathMode]
LaTeX-incompatible input and strict mode is set to 'warn': Unicode text character "일" used in math mode [unicodeTextInMathMode]
LaTeX-incompatible input and strict mode is set to 'warn': Unicode text character "에" used in math mode [unicodeTextInMathMode]
LaTeX-incompatible input and strict mode is set to 'warn': Unicode text character "대" used in math mode [unicodeTextInMathMode]
LaTeX-incompatible input and strict mode is set to 'warn': Unicode text character "한" used in math mode [unicodeTextInMathMode]
LaTeX-incompatible input and strict mode is set to 'warn': Unicode text character "요" used in math mode [unicodeTextInMathMode]
LaTeX-incompatible input and strict mode is set to 'warn': Unicode text character "금" used in math mode [unicodeTextInMathMode]
LaTeX-incompatible input and strict mode is set to 'warn': Unicode text character "이" used in math mode [unicodeTextInMathMode]
{"event":"problem_generation_item_accepted","elapsedMs":89555,"acceptedSoFar":2}
{"event":"problem_generation_item_accepted","elapsedMs":90454,"acceptedSoFar":3}
{"event":"problem_generation_item_accepted","elapsedMs":148223,"acceptedSoFar":4}
LaTeX-incompatible input and strict mode is set to 'warn': Unicode text character "더" used in math mode [unicodeTextInMathMode]
LaTeX-incompatible input and strict mode is set to 'warn': Unicode text character "많" used in math mode [unicodeTextInMathMode]
LaTeX-incompatible input and strict mode is set to 'warn': Unicode text character "으" used in math mode [unicodeTextInMathMode]
LaTeX-incompatible input and strict mode is set to 'warn': Unicode text character "므" used in math mode [unicodeTextInMathMode]
LaTeX-incompatible input and strict mode is set to 'warn': Unicode text character "로" used in math mode [unicodeTextInMathMode]
LaTeX-incompatible input and strict mode is set to 'warn': Unicode text character "추" used in math mode [unicodeTextInMathMode]
LaTeX-incompatible input and strict mode is set to 'warn': Unicode text character "가" used in math mode [unicodeTextInMathMode]
LaTeX-incompatible input and strict mode is set to 'warn': Unicode text character "된" used in math mode [unicodeTextInMathMode]
LaTeX-incompatible input and strict mode is set to 'warn': Unicode text character "마" used in math mode [unicodeTextInMathMode]
LaTeX-incompatible input and strict mode is set to 'warn': Unicode text character "일" used in math mode [unicodeTextInMathMode]
LaTeX-incompatible input and strict mode is set to 'warn': Unicode text character "에" used in math mode [unicodeTextInMathMode]
LaTeX-incompatible input and strict mode is set to 'warn': Unicode text character "대" used in math mode [unicodeTextInMathMode]
LaTeX-incompatible input and strict mode is set to 'warn': Unicode text character "한" used in math mode [unicodeTextInMathMode]
LaTeX-incompatible input and strict mode is set to 'warn': Unicode text character "요" used in math mode [unicodeTextInMathMode]
LaTeX-incompatible input and strict mode is set to 'warn': Unicode text character "금" used in math mode [unicodeTextInMathMode]
LaTeX-incompatible input and strict mode is set to 'warn': Unicode text character "이" used in math mode [unicodeTextInMathMode]
{"event":"problem_generation_item_accepted","elapsedMs":153845,"acceptedSoFar":5}
{"event":"problem_generation_item_accepted","elapsedMs":99433,"acceptedSoFar":4}
{"event":"problem_generation_item_accepted","elapsedMs":210422,"acceptedSoFar":8}
{"event":"problem_generation_item_accepted","elapsedMs":97183,"acceptedSoFar":1}
{"event":"problem_generation_item_accepted","elapsedMs":104483,"acceptedSoFar":2}
{"event":"problem_generation_item_accepted","elapsedMs":107714,"acceptedSoFar":5}
{"event":"problem_generation_item_accepted","elapsedMs":109235,"acceptedSoFar":6}
{"event":"problem_generation_item_accepted","elapsedMs":166349,"acceptedSoFar":6}
{"event":"problem_generation_item_accepted","elapsedMs":111318,"acceptedSoFar":3}
LaTeX-incompatible input and strict mode is set to 'warn': Unicode text character "마" used in math mode [unicodeTextInMathMode]
LaTeX-incompatible input and strict mode is set to 'warn': Unicode text character "일" used in math mode [unicodeTextInMathMode]
LaTeX-incompatible input and strict mode is set to 'warn': Unicode text character "에" used in math mode [unicodeTextInMathMode]
LaTeX-incompatible input and strict mode is set to 'warn': Unicode text character "대" used in math mode [unicodeTextInMathMode]
LaTeX-incompatible input and strict mode is set to 'warn': Unicode text character "한" used in math mode [unicodeTextInMathMode]
LaTeX-incompatible input and strict mode is set to 'warn': Unicode text character "요" used in math mode [unicodeTextInMathMode]
LaTeX-incompatible input and strict mode is set to 'warn': Unicode text character "금" used in math mode [unicodeTextInMathMode]
LaTeX-incompatible input and strict mode is set to 'warn': Unicode text character "차" used in math mode [unicodeTextInMathMode]
LaTeX-incompatible input and strict mode is set to 'warn': Unicode text character "이" used in math mode [unicodeTextInMathMode]
LaTeX-incompatible input and strict mode is set to 'warn': Unicode text character "를" used in math mode [unicodeTextInMathMode]
LaTeX-incompatible input and strict mode is set to 'warn': Unicode text character "마" used in math mode [unicodeTextInMathMode]
LaTeX-incompatible input and strict mode is set to 'warn': Unicode text character "일" used in math mode [unicodeTextInMathMode]
LaTeX-incompatible input and strict mode is set to 'warn': Unicode text character "전" used in math mode [unicodeTextInMathMode]
LaTeX-incompatible input and strict mode is set to 'warn': Unicode text character "체" used in math mode [unicodeTextInMathMode]
LaTeX-incompatible input and strict mode is set to 'warn': Unicode text character "에" used in math mode [unicodeTextInMathMode]
LaTeX-incompatible input and strict mode is set to 'warn': Unicode text character "적" used in math mode [unicodeTextInMathMode]
LaTeX-incompatible input and strict mode is set to 'warn': Unicode text character "용" used in math mode [unicodeTextInMathMode]
LaTeX-incompatible input and strict mode is set to 'warn': Unicode text character "해" used in math mode [unicodeTextInMathMode]
LaTeX-incompatible input and strict mode is set to 'warn': Unicode text character "로" used in math mode [unicodeTextInMathMode]
LaTeX-incompatible input and strict mode is set to 'warn': Unicode text character "잘" used in math mode [unicodeTextInMathMode]
LaTeX-incompatible input and strict mode is set to 'warn': Unicode text character "못" used in math mode [unicodeTextInMathMode]
LaTeX-incompatible input and strict mode is set to 'warn': Unicode text character "계" used in math mode [unicodeTextInMathMode]
LaTeX-incompatible input and strict mode is set to 'warn': Unicode text character "산" used in math mode [unicodeTextInMathMode]
LaTeX-incompatible input and strict mode is set to 'warn': Unicode text character "한" used in math mode [unicodeTextInMathMode]
LaTeX-incompatible input and strict mode is set to 'warn': Unicode text character "뒤" used in math mode [unicodeTextInMathMode]
LaTeX-incompatible input and strict mode is set to 'warn': Unicode text character "에" used in math mode [unicodeTextInMathMode]
LaTeX-incompatible input and strict mode is set to 'warn': Unicode text character "서" used in math mode [unicodeTextInMathMode]
LaTeX-incompatible input and strict mode is set to 'warn': Unicode text character "을" used in math mode [unicodeTextInMathMode]
LaTeX-incompatible input and strict mode is set to 'warn': Unicode text character "으" used in math mode [unicodeTextInMathMode]
LaTeX-incompatible input and strict mode is set to 'warn': Unicode text character "로" used in math mode [unicodeTextInMathMode]
LaTeX-incompatible input and strict mode is set to 'warn': Unicode text character "잘" used in math mode [unicodeTextInMathMode]
LaTeX-incompatible input and strict mode is set to 'warn': Unicode text character "못" used in math mode [unicodeTextInMathMode]
LaTeX-incompatible input and strict mode is set to 'warn': Unicode text character "구" used in math mode [unicodeTextInMathMode]
LaTeX-incompatible input and strict mode is set to 'warn': Unicode text character "했" used in math mode [unicodeTextInMathMode]
LaTeX-incompatible input and strict mode is set to 'warn': Unicode text character "을" used in math mode [unicodeTextInMathMode]
LaTeX-incompatible input and strict mode is set to 'warn': Unicode text character "때" used in math mode [unicodeTextInMathMode]
LaTeX-incompatible input and strict mode is set to 'warn': Unicode text character "예" used in math mode [unicodeTextInMathMode]
LaTeX-incompatible input and strict mode is set to 'warn': Unicode text character "을" used in math mode [unicodeTextInMathMode]
LaTeX-incompatible input and strict mode is set to 'warn': Unicode text character "로" used in math mode [unicodeTextInMathMode]
LaTeX-incompatible input and strict mode is set to 'warn': Unicode text character "나" used in math mode [unicodeTextInMathMode]
LaTeX-incompatible input and strict mode is set to 'warn': Unicode text character "누" used in math mode [unicodeTextInMathMode]
LaTeX-incompatible input and strict mode is set to 'warn': Unicode text character "는" used in math mode [unicodeTextInMathMode]
LaTeX-incompatible input and strict mode is set to 'warn': Unicode text character "오" used in math mode [unicodeTextInMathMode]
LaTeX-incompatible input and strict mode is set to 'warn': Unicode text character "류" used in math mode [unicodeTextInMathMode]
LaTeX-incompatible input and strict mode is set to 'warn': Unicode text character "에" used in math mode [unicodeTextInMathMode]
LaTeX-incompatible input and strict mode is set to 'warn': Unicode text character "서" used in math mode [unicodeTextInMathMode]
{"event":"problem_generation_item_accepted","elapsedMs":101356,"acceptedSoFar":1}
{"event":"problem_generation_pipeline_timing","requested":1,"accepted":1,"shortfall":0,"stoppedReason":"target_met","timeMs":{"total":102016,"generate":79342,"figure":0,"contractRepair":0,"answerExplanationCheck":15971,"review":28710,"regenerate":0}}
[command_of_evidence_quant/hard/mc] 11/11 (라운드 2, 통과 1/1, 호출 6)
{"event":"problem_generation_item_accepted","elapsedMs":131737,"acceptedSoFar":4}
{"event":"problem_generation_item_accepted","elapsedMs":56720,"acceptedSoFar":1}
{"event":"problem_generation_pipeline_timing","requested":6,"accepted":6,"shortfall":0,"stoppedReason":"target_met","timeMs":{"total":168495,"generate":163582,"figure":0,"contractRepair":11920,"answerExplanationCheck":37368,"review":146512,"regenerate":36671}}
[linear_equations_one_var/hard/mc] 6/6 (라운드 1, 통과 6/6, 호출 5.83)
{"event":"problem_generation_item_accepted","elapsedMs":293125,"acceptedSoFar":9}
{"event":"problem_generation_item_accepted","elapsedMs":178641,"acceptedSoFar":1}
{"event":"problem_generation_item_accepted","elapsedMs":246225,"acceptedSoFar":7}
{"event":"problem_generation_pipeline_timing","requested":8,"accepted":7,"shortfall":1,"stoppedReason":"time_cap","timeMs":{"total":246226,"generate":182826,"figure":0,"contractRepair":8213,"answerExplanationCheck":71322,"review":241454,"regenerate":113210}}
[words_in_context/hard/mc] 14/15 (라운드 2, 통과 7/8, 호출 10.71)
{"event":"problem_generation_item_accepted","elapsedMs":302248,"acceptedSoFar":10}
{"event":"problem_generation_item_accepted","elapsedMs":184260,"acceptedSoFar":2}
{"event":"problem_generation_pipeline_timing","requested":10,"accepted":10,"shortfall":0,"stoppedReason":"target_met","timeMs":{"total":306680,"generate":290180,"figure":6278,"contractRepair":26289,"answerExplanationCheck":66255,"review":176870,"regenerate":166699}}
[transitions/hard/mc] 10/15 (라운드 1, 통과 10/10, 호출 5.4)
{"event":"problem_generation_item_accepted","elapsedMs":66030,"acceptedSoFar":1}
{"event":"problem_generation_item_accepted","elapsedMs":119899,"acceptedSoFar":1}
{"event":"problem_generation_item_accepted","elapsedMs":193078,"acceptedSoFar":3}
{"event":"problem_generation_item_accepted","elapsedMs":255991,"acceptedSoFar":10}
{"event":"problem_generation_pipeline_timing","requested":10,"accepted":10,"shortfall":0,"stoppedReason":"target_met","timeMs":{"total":255993,"generate":245279,"figure":0,"contractRepair":2989,"answerExplanationCheck":66415,"review":185000,"regenerate":47800}}
[boundaries/hard/mc] 10/11 (라운드 1, 통과 10/10, 호출 3.9)
{"event":"problem_generation_pipeline_timing","requested":1,"accepted":1,"shortfall":0,"stoppedReason":"target_met","timeMs":{"total":91807,"generate":55616,"figure":20507,"contractRepair":0,"answerExplanationCheck":0,"review":10409,"regenerate":15666}}
[linear_functions/hard/spr] 1/1 (라운드 1, 통과 1/1, 호출 10)
{"event":"problem_generation_item_accepted","elapsedMs":245110,"acceptedSoFar":5}
{"event":"problem_generation_item_accepted","elapsedMs":168778,"acceptedSoFar":2}
{"event":"problem_generation_pipeline_timing","requested":5,"accepted":3,"shortfall":2,"stoppedReason":"candidate_cap","timeMs":{"total":246206,"generate":136645,"figure":5658,"contractRepair":7987,"answerExplanationCheck":28946,"review":145947,"regenerate":26368}}
[inferences/medium/mc] 13/15 (라운드 2, 통과 3/5, 호출 14.33)
{"event":"problem_generation_item_accepted","elapsedMs":62841,"acceptedSoFar":1}
{"event":"problem_generation_item_accepted","elapsedMs":176341,"acceptedSoFar":3}
{"event":"problem_generation_pipeline_timing","requested":5,"accepted":5,"shortfall":0,"stoppedReason":"target_met","timeMs":{"total":260275,"generate":205081,"figure":0,"contractRepair":23558,"answerExplanationCheck":35577,"review":111376,"regenerate":160952}}
[rhetorical_synthesis/hard/mc] 15/15 (라운드 2, 통과 5/5, 호출 9.2)
{"event":"problem_generation_item_accepted","elapsedMs":187777,"acceptedSoFar":2}
{"event":"problem_generation_item_accepted","elapsedMs":50931,"acceptedSoFar":1}
{"event":"problem_generation_pipeline_timing","requested":1,"accepted":1,"shortfall":0,"stoppedReason":"target_met","timeMs":{"total":51089,"generate":34352,"figure":0,"contractRepair":4793,"answerExplanationCheck":8214,"review":20304,"regenerate":0}}
[boundaries/hard/mc] 11/11 (라운드 2, 통과 1/1, 호출 7)
{"event":"problem_generation_item_accepted","elapsedMs":212543,"acceptedSoFar":1}
{"event":"problem_generation_item_accepted","elapsedMs":214982,"acceptedSoFar":2}
{"event":"problem_generation_item_accepted","elapsedMs":111295,"acceptedSoFar":1}
{"event":"problem_generation_item_accepted","elapsedMs":54533,"acceptedSoFar":1}
{"event":"problem_generation_item_accepted","elapsedMs":85206,"acceptedSoFar":1}
{"event":"problem_generation_item_accepted","elapsedMs":113153,"acceptedSoFar":2}
{"event":"problem_generation_item_accepted","elapsedMs":116924,"acceptedSoFar":3}
{"event":"problem_generation_item_accepted","elapsedMs":117840,"acceptedSoFar":4}
{"event":"problem_generation_item_accepted","elapsedMs":91628,"acceptedSoFar":2}
{"event":"problem_generation_pipeline_timing","requested":2,"accepted":2,"shortfall":0,"stoppedReason":"target_met","timeMs":{"total":208867,"generate":99049,"figure":0,"contractRepair":10585,"answerExplanationCheck":0,"review":93402,"regenerate":37874}}
[linear_equations_one_var/hard/spr] 2/2 (라운드 1, 통과 2/2, 호출 16)
{"event":"problem_generation_item_accepted","elapsedMs":64054,"acceptedSoFar":2}
{"event":"problem_generation_item_accepted","elapsedMs":123664,"acceptedSoFar":5}
{"event":"problem_generation_item_accepted","elapsedMs":96089,"acceptedSoFar":3}
LaTeX-incompatible input and strict mode is set to 'warn': Unicode text character "차" used in math mode [unicodeTextInMathMode]
LaTeX-incompatible input and strict mode is set to 'warn': Unicode text character "이" used in math mode [unicodeTextInMathMode]
LaTeX-incompatible input and strict mode is set to 'warn': Unicode text character "나" used in math mode [unicodeTextInMathMode]
LaTeX-incompatible input and strict mode is set to 'warn': Unicode text character "나" used in math mode [unicodeTextInMathMode]
LaTeX-incompatible input and strict mode is set to 'warn': Unicode text character "반" used in math mode [unicodeTextInMathMode]
LaTeX-incompatible input and strict mode is set to 'warn': Unicode text character "올" used in math mode [unicodeTextInMathMode]
LaTeX-incompatible input and strict mode is set to 'warn': Unicode text character "림" used in math mode [unicodeTextInMathMode]
LaTeX-incompatible input and strict mode is set to 'warn': Unicode text character "오" used in math mode [unicodeTextInMathMode]
LaTeX-incompatible input and strict mode is set to 'warn': Unicode text character "차" used in math mode [unicodeTextInMathMode]
LaTeX-incompatible input and strict mode is set to 'warn': Unicode text character "로" used in math mode [unicodeTextInMathMode]
LaTeX-incompatible input and strict mode is set to 'warn': Unicode text character "간" used in math mode [unicodeTextInMathMode]
LaTeX-incompatible input and strict mode is set to 'warn': Unicode text character "주" used in math mode [unicodeTextInMathMode]
LaTeX-incompatible input and strict mode is set to 'warn': Unicode text character "따" used in math mode [unicodeTextInMathMode]
LaTeX-incompatible input and strict mode is set to 'warn': Unicode text character "라" used in math mode [unicodeTextInMathMode]
LaTeX-incompatible input and strict mode is set to 'warn': Unicode text character "서" used in math mode [unicodeTextInMathMode]
LaTeX-incompatible input and strict mode is set to 'warn': Unicode text character "작" used in math mode [unicodeTextInMathMode]
LaTeX-incompatible input and strict mode is set to 'warn': Unicode text character "년" used in math mode [unicodeTextInMathMode]
LaTeX-incompatible input and strict mode is set to 'warn': Unicode text character "플" used in math mode [unicodeTextInMathMode]
LaTeX-incompatible input and strict mode is set to 'warn': Unicode text character "롯" used in math mode [unicodeTextInMathMode]
LaTeX-incompatible input and strict mode is set to 'warn': Unicode text character "당" used in math mode [unicodeTextInMathMode]
LaTeX-incompatible input and strict mode is set to 'warn': Unicode text character "요" used in math mode [unicodeTextInMathMode]
LaTeX-incompatible input and strict mode is set to 'warn': Unicode text character "금" used in math mode [unicodeTextInMathMode]
LaTeX-incompatible input and strict mode is set to 'warn': Unicode text character "은" used in math mode [unicodeTextInMathMode]
{"event":"problem_generation_item_accepted","elapsedMs":103459,"acceptedSoFar":4}
{"event":"problem_generation_item_accepted","elapsedMs":135026,"acceptedSoFar":6}
{"event":"problem_generation_item_accepted","elapsedMs":112727,"acceptedSoFar":5}
{"event":"problem_generation_pipeline_timing","requested":5,"accepted":5,"shortfall":0,"stoppedReason":"target_met","timeMs":{"total":112727,"generate":153928,"figure":3009,"contractRepair":0,"answerExplanationCheck":21198,"review":57474,"regenerate":67265}}
[transitions/hard/mc] 15/15 (라운드 2, 통과 5/5, 호출 4)
{"event":"problem_generation_pipeline_timing","requested":2,"accepted":2,"shortfall":0,"stoppedReason":"target_met","timeMs":{"total":83889,"generate":55105,"figure":28305,"contractRepair":0,"answerExplanationCheck":0,"review":37938,"regenerate":43868}}
[linear_equations_two_var/hard/spr] 2/2 (라운드 1, 통과 2/2, 호출 12.5)
{"event":"problem_generation_item_accepted","elapsedMs":56427,"acceptedSoFar":1}
{"event":"problem_generation_pipeline_timing","requested":1,"accepted":1,"shortfall":0,"stoppedReason":"target_met","timeMs":{"total":122927,"generate":36074,"figure":0,"contractRepair":0,"answerExplanationCheck":19530,"review":47159,"regenerate":32974}}
[words_in_context/hard/mc] 15/15 (라운드 3, 통과 1/1, 호출 16)
LaTeX-incompatible input and strict mode is set to 'warn': Unicode text character "는" used in math mode [unicodeTextInMathMode]
LaTeX-incompatible input and strict mode is set to 'warn': Unicode text character "인" used in math mode [unicodeTextInMathMode]
LaTeX-incompatible input and strict mode is set to 'warn': Unicode text character "당" used in math mode [unicodeTextInMathMode]
LaTeX-incompatible input and strict mode is set to 'warn': Unicode text character "가" used in math mode [unicodeTextInMathMode]
{"event":"problem_generation_item_accepted","elapsedMs":48830,"acceptedSoFar":1}
{"event":"problem_generation_item_accepted","elapsedMs":73862,"acceptedSoFar":2}
{"event":"problem_generation_pipeline_timing","requested":2,"accepted":2,"shortfall":0,"stoppedReason":"target_met","timeMs":{"total":73862,"generate":34077,"figure":0,"contractRepair":4754,"answerExplanationCheck":10041,"review":37826,"regenerate":0}}
[inferences/medium/mc] 15/15 (라운드 3, 통과 2/2, 호출 5)
{"event":"problem_generation_item_accepted","elapsedMs":54299,"acceptedSoFar":2}
LaTeX-incompatible input and strict mode is set to 'warn': Unicode text character "는" used in math mode [unicodeTextInMathMode]
LaTeX-incompatible input and strict mode is set to 'warn': Unicode text character "인" used in math mode [unicodeTextInMathMode]
LaTeX-incompatible input and strict mode is set to 'warn': Unicode text character "당" used in math mode [unicodeTextInMathMode]
LaTeX-incompatible input and strict mode is set to 'warn': Unicode text character "가" used in math mode [unicodeTextInMathMode]
{"event":"problem_generation_item_accepted","elapsedMs":58829,"acceptedSoFar":3}
{"event":"problem_generation_item_accepted","elapsedMs":75969,"acceptedSoFar":1}
{"event":"problem_generation_pipeline_timing","requested":2,"accepted":2,"shortfall":0,"stoppedReason":"target_met","timeMs":{"total":275274,"generate":209216,"figure":0,"contractRepair":0,"answerExplanationCheck":25263,"review":137079,"regenerate":15468}}
[cross_text_connections/hard/mc] 11/11 (라운드 2, 통과 2/2, 호출 18)
{"event":"problem_generation_pipeline_timing","requested":6,"accepted":6,"shortfall":0,"stoppedReason":"target_met","timeMs":{"total":173073,"generate":180344,"figure":28953,"contractRepair":13207,"answerExplanationCheck":22324,"review":70174,"regenerate":68111}}
[linear_equations_two_var/hard/mc] 6/6 (라운드 1, 통과 6/6, 호출 5.5)
LaTeX-incompatible input and strict mode is set to 'warn': Unicode text character "는" used in math mode [unicodeTextInMathMode]
LaTeX-incompatible input and strict mode is set to 'warn': Unicode text character "인" used in math mode [unicodeTextInMathMode]
LaTeX-incompatible input and strict mode is set to 'warn': Unicode text character "당" used in math mode [unicodeTextInMathMode]
LaTeX-incompatible input and strict mode is set to 'warn': Unicode text character "가" used in math mode [unicodeTextInMathMode]
LaTeX-incompatible input and strict mode is set to 'warn': Unicode text character "는" used in math mode [unicodeTextInMathMode]
LaTeX-incompatible input and strict mode is set to 'warn': Unicode text character "인" used in math mode [unicodeTextInMathMode]
LaTeX-incompatible input and strict mode is set to 'warn': Unicode text character "당" used in math mode [unicodeTextInMathMode]
LaTeX-incompatible input and strict mode is set to 'warn': Unicode text character "가" used in math mode [unicodeTextInMathMode]
[pipeline] 독립 검사 오류: (input.design.key_relations ?? []).join is not a function
[pipeline] 독립 검사 오류: (input.design.key_relations ?? []).join is not a function
{"event":"problem_generation_item_accepted","elapsedMs":89645,"acceptedSoFar":2}
{"event":"problem_generation_item_accepted","elapsedMs":274231,"acceptedSoFar":4}
[pipeline] 자료 생성 실패: plane AI 가 만든 그림 데이터가 규격에 맞지 않습니다 — 알 수 없는 그림 type: undefined (받은 데이터: {"axes":{"x":{"min":0,"max":16,"step":2,"title":"Time (weeks)"},"y":{"min":0,"max":80,"step":10,"title":"Height (cm)"}},"objects":[{"id":"HA","kind":"function","fn":"linear","params":[4,10],"label":"H_A","domain":[0,16]},{"id":"HB","kind":"function","fn":"linear","params":[2.5,19],"label":"H_B","domain":[0,16]}]})
{"event":"problem_generation_item_accepted","elapsedMs":51556,"acceptedSoFar":1}
LaTeX-incompatible input and strict mode is set to 'warn': Unicode text character "는" used in math mode [unicodeTextInMathMode]
LaTeX-incompatible input and strict mode is set to 'warn': Unicode text character "인" used in math mode [unicodeTextInMathMode]
LaTeX-incompatible input and strict mode is set to 'warn': Unicode text character "당" used in math mode [unicodeTextInMathMode]
LaTeX-incompatible input and strict mode is set to 'warn': Unicode text character "가" used in math mode [unicodeTextInMathMode]
{"event":"problem_generation_item_accepted","elapsedMs":102244,"acceptedSoFar":3}
{"event":"problem_generation_item_accepted","elapsedMs":89380,"acceptedSoFar":4}
{"event":"problem_generation_pipeline_timing","requested":4,"accepted":4,"shortfall":0,"stoppedReason":"target_met","timeMs":{"total":89380,"generate":70205,"figure":40453,"contractRepair":6702,"answerExplanationCheck":0,"review":45571,"regenerate":49536}}
[systems_linear/hard/spr] 4/4 (라운드 1, 통과 4/4, 호출 6.25)
LaTeX-incompatible input and strict mode is set to 'warn': Unicode text character "는" used in math mode [unicodeTextInMathMode]
LaTeX-incompatible input and strict mode is set to 'warn': Unicode text character "인" used in math mode [unicodeTextInMathMode]
LaTeX-incompatible input and strict mode is set to 'warn': Unicode text character "당" used in math mode [unicodeTextInMathMode]
LaTeX-incompatible input and strict mode is set to 'warn': Unicode text character "가" used in math mode [unicodeTextInMathMode]
{"event":"problem_generation_pipeline_timing","requested":4,"accepted":4,"shortfall":0,"stoppedReason":"target_met","timeMs":{"total":290482,"generate":274368,"figure":35848,"contractRepair":0,"answerExplanationCheck":30326,"review":78463,"regenerate":52767}}
[linear_functions/hard/mc] 4/4 (라운드 1, 통과 4/4, 호출 9)
{"event":"problem_generation_item_accepted","elapsedMs":57449,"acceptedSoFar":1}
{"event":"problem_generation_item_accepted","elapsedMs":58362,"acceptedSoFar":2}
{"event":"problem_generation_item_accepted","elapsedMs":109790,"acceptedSoFar":4}
{"event":"problem_generation_item_accepted","elapsedMs":64054,"acceptedSoFar":1}
{"event":"problem_generation_item_accepted","elapsedMs":67377,"acceptedSoFar":2}
{"event":"problem_generation_item_accepted","elapsedMs":68150,"acceptedSoFar":3}
{"event":"problem_generation_pipeline_timing","requested":2,"accepted":1,"shortfall":1,"stoppedReason":"candidate_cap","timeMs":{"total":77519,"generate":56993,"figure":28912,"contractRepair":11248,"answerExplanationCheck":0,"review":17008,"regenerate":48455}}
[linear_inequalities/hard/spr] 1/2 (라운드 1, 통과 1/2, 호출 25)
{"event":"problem_generation_item_accepted","elapsedMs":79462,"acceptedSoFar":4}
{"event":"problem_generation_pipeline_timing","requested":2,"accepted":2,"shortfall":0,"stoppedReason":"target_met","timeMs":{"total":75726,"generate":71062,"figure":10964,"contractRepair":0,"answerExplanationCheck":0,"review":20536,"regenerate":16695}}
[equivalent_expressions/hard/spr] 2/2 (라운드 1, 통과 2/2, 호출 8)
{"event":"problem_generation_item_accepted","elapsedMs":82986,"acceptedSoFar":5}
{"event":"problem_generation_item_accepted","elapsedMs":56077,"acceptedSoFar":1}
{"event":"problem_generation_item_accepted","elapsedMs":56522,"acceptedSoFar":2}
{"event":"problem_generation_item_accepted","elapsedMs":60550,"acceptedSoFar":3}
{"event":"problem_generation_item_accepted","elapsedMs":61162,"acceptedSoFar":4}
{"event":"problem_generation_item_accepted","elapsedMs":148422,"acceptedSoFar":5}
{"event":"problem_generation_item_accepted","elapsedMs":85694,"acceptedSoFar":1}
{"event":"problem_generation_item_accepted","elapsedMs":87898,"acceptedSoFar":2}
{"event":"problem_generation_item_accepted","elapsedMs":88996,"acceptedSoFar":3}
[pipeline] 자료 생성 실패: plane AI 가 만든 그림 데이터가 규격에 맞지 않습니다 — 객체 g 의 kind 를 모릅니다: cubic (받은 데이터: {"type":"plane","axes":{"x":{"min":0,"max":16,"step":2,"title":"Number of looms (x)"},"y":{"min":-170,"max":110,"step":20,"title":"Profit (thousands of dollars)"}},"objects":[{"id":"g","kind":"cubic","fn":"cubic","params":[1,-20,84,0],"label":"g","domain":[0,16]},{"id":"A","kind":"point","at":[0,0],"label":"(0,0)"},{"id":"B","kind":"point","at":[6,0],"label":"(6,0)"},{"id":"C","kind":"point","at":…)
[pipeline] 자료 생성 실패: plane AI 가 만든 그림 데이터가 규격에 맞지 않습니다 — 교점 X 의 of 는 직선 id 2개여야 합니다. (받은 데이터: {"type":"plane","axes":{"x":{"min":0,"max":100,"step":10,"title":"Number of frames (x)"},"y":{"min":0,"max":10000,"step":1000,"title":"Cost/Revenue (dollars)"}},"objects":[{"id":"C","kind":"function","fn":"linear","params":[50,4000],"label":"C","domain":[0,100]},{"id":"R","kind":"function","fn":"linear","params":[90,1000],"label":"R","domain":[0,100]},{"id":"X","kind":"intersection","of":["C","R"]…)
{"event":"problem_generation_item_accepted","elapsedMs":131567,"acceptedSoFar":1}
{"event":"problem_generation_item_accepted","elapsedMs":82680,"acceptedSoFar":1}
{"event":"problem_generation_item_accepted","elapsedMs":103370,"acceptedSoFar":4}
{"event":"problem_generation_item_accepted","elapsedMs":103529,"acceptedSoFar":5}
{"event":"problem_generation_item_accepted","elapsedMs":103801,"acceptedSoFar":6}
{"event":"problem_generation_item_accepted","elapsedMs":94871,"acceptedSoFar":2}
{"event":"problem_generation_pipeline_timing","requested":1,"accepted":0,"shortfall":1,"stoppedReason":"candidate_cap","timeMs":{"total":72173,"generate":45270,"figure":19546,"contractRepair":0,"answerExplanationCheck":0,"review":0,"regenerate":31852}}
[ratios_rates_units/hard/spr] 0/1 (라운드 1, 통과 0/1, 호출 14)
{"event":"problem_generation_pipeline_timing","requested":4,"accepted":4,"shortfall":0,"stoppedReason":"target_met","timeMs":{"total":100422,"generate":100367,"figure":9660,"contractRepair":0,"answerExplanationCheck":0,"review":53289,"regenerate":13496}}
[nonlinear_functions/hard/spr] 4/4 (라운드 1, 통과 4/4, 호출 3.5)
{"event":"problem_generation_item_accepted","elapsedMs":116494,"acceptedSoFar":7}
{"event":"problem_generation_item_accepted","elapsedMs":118145,"acceptedSoFar":8}
{"event":"problem_generation_item_accepted","elapsedMs":112639,"acceptedSoFar":3}
{"event":"problem_generation_item_accepted","elapsedMs":166946,"acceptedSoFar":2}
{"event":"problem_generation_item_accepted","elapsedMs":69760,"acceptedSoFar":1}
{"event":"problem_generation_pipeline_timing","requested":1,"accepted":1,"shortfall":0,"stoppedReason":"target_met","timeMs":{"total":77264,"generate":37699,"figure":15532,"contractRepair":0,"answerExplanationCheck":0,"review":9795,"regenerate":46284}}
[percentages/hard/spr] 1/1 (라운드 1, 통과 1/1, 호출 14)
{"event":"problem_generation_item_accepted","elapsedMs":141844,"acceptedSoFar":9}
{"event":"problem_generation_item_accepted","elapsedMs":212222,"acceptedSoFar":6}
{"event":"problem_generation_item_accepted","elapsedMs":187079,"acceptedSoFar":3}
LaTeX-incompatible input and strict mode is set to 'warn': Unicode text character "이" used in math mode [unicodeTextInMathMode]
LaTeX-incompatible input and strict mode is set to 'warn': Unicode text character "어" used in math mode [unicodeTextInMathMode]
LaTeX-incompatible input and strict mode is set to 'warn': Unicode text character "야" used in math mode [unicodeTextInMathMode]
LaTeX-incompatible input and strict mode is set to 'warn': Unicode text character "한" used in math mode [unicodeTextInMathMode]
LaTeX-incompatible input and strict mode is set to 'warn': Unicode text character "다" used in math mode [unicodeTextInMathMode]
LaTeX-incompatible input and strict mode is set to 'warn': Unicode text character "는" used in math mode [unicodeTextInMathMode]
LaTeX-incompatible input and strict mode is set to 'warn': Unicode text character "것" used in math mode [unicodeTextInMathMode]
LaTeX-incompatible input and strict mode is set to 'warn': Unicode text character "이" used in math mode [unicodeTextInMathMode]
LaTeX-incompatible input and strict mode is set to 'warn': Unicode text character "므" used in math mode [unicodeTextInMathMode]
LaTeX-incompatible input and strict mode is set to 'warn': Unicode text character "로" used in math mode [unicodeTextInMathMode]
LaTeX-incompatible input and strict mode is set to 'warn': Unicode text character "즉" used in math mode [unicodeTextInMathMode]
LaTeX-incompatible input and strict mode is set to 'warn': Unicode text character "두" used in math mode [unicodeTextInMathMode]
LaTeX-incompatible input and strict mode is set to 'warn': Unicode text character "조" used in math mode [unicodeTextInMathMode]
LaTeX-incompatible input and strict mode is set to 'warn': Unicode text character "건" used in math mode [unicodeTextInMathMode]
LaTeX-incompatible input and strict mode is set to 'warn': Unicode text character "을" used in math mode [unicodeTextInMathMode]
LaTeX-incompatible input and strict mode is set to 'warn': Unicode text character "동" used in math mode [unicodeTextInMathMode]
LaTeX-incompatible input and strict mode is set to 'warn': Unicode text character "시" used in math mode [unicodeTextInMathMode]
LaTeX-incompatible input and strict mode is set to 'warn': Unicode text character "에" used in math mode [unicodeTextInMathMode]
LaTeX-incompatible input and strict mode is set to 'warn': Unicode text character "만" used in math mode [unicodeTextInMathMode]
LaTeX-incompatible input and strict mode is set to 'warn': Unicode text character "족" used in math mode [unicodeTextInMathMode]
LaTeX-incompatible input and strict mode is set to 'warn': Unicode text character "하" used in math mode [unicodeTextInMathMode]
LaTeX-incompatible input and strict mode is set to 'warn': Unicode text character "려" used in math mode [unicodeTextInMathMode]
LaTeX-incompatible input and strict mode is set to 'warn': Unicode text character "면" used in math mode [unicodeTextInMathMode]
LaTeX-incompatible input and strict mode is set to 'warn': Unicode text character "이" used in math mode [unicodeTextInMathMode]
LaTeX-incompatible input and strict mode is set to 'warn': Unicode text character "어" used in math mode [unicodeTextInMathMode]
LaTeX-incompatible input and strict mode is set to 'warn': Unicode text character "야" used in math mode [unicodeTextInMathMode]
LaTeX-incompatible input and strict mode is set to 'warn': Unicode text character "한" used in math mode [unicodeTextInMathMode]
LaTeX-incompatible input and strict mode is set to 'warn': Unicode text character "다" used in math mode [unicodeTextInMathMode]
LaTeX-incompatible input and strict mode is set to 'warn': Unicode text character "오" used in math mode [unicodeTextInMathMode]
LaTeX-incompatible input and strict mode is set to 'warn': Unicode text character "답" used in math mode [unicodeTextInMathMode]
LaTeX-incompatible input and strict mode is set to 'warn': Unicode text character "는" used in math mode [unicodeTextInMathMode]
LaTeX-incompatible input and strict mode is set to 'warn': Unicode text character "첫" used in math mode [unicodeTextInMathMode]
LaTeX-incompatible input and strict mode is set to 'warn': Unicode text character "번" used in math mode [unicodeTextInMathMode]
LaTeX-incompatible input and strict mode is set to 'warn': Unicode text character "째" used in math mode [unicodeTextInMathMode]
LaTeX-incompatible input and strict mode is set to 'warn': Unicode text character "조" used in math mode [unicodeTextInMathMode]
LaTeX-incompatible input and strict mode is set to 'warn': Unicode text character "건" used in math mode [unicodeTextInMathMode]
LaTeX-incompatible input and strict mode is set to 'warn': Unicode text character "만" used in math mode [unicodeTextInMathMode]
LaTeX-incompatible input and strict mode is set to 'warn': Unicode text character "반" used in math mode [unicodeTextInMathMode]
LaTeX-incompatible input and strict mode is set to 'warn': Unicode text character "영" used in math mode [unicodeTextInMathMode]
LaTeX-incompatible input and strict mode is set to 'warn': Unicode text character "하" used in math mode [unicodeTextInMathMode]
LaTeX-incompatible input and strict mode is set to 'warn': Unicode text character "고" used in math mode [unicodeTextInMathMode]
LaTeX-incompatible input and strict mode is set to 'warn': Unicode text character "두" used in math mode [unicodeTextInMathMode]
LaTeX-incompatible input and strict mode is set to 'warn': Unicode text character "번" used in math mode [unicodeTextInMathMode]
LaTeX-incompatible input and strict mode is set to 'warn': Unicode text character "째" used in math mode [unicodeTextInMathMode]
LaTeX-incompatible input and strict mode is set to 'warn': Unicode text character "조" used in math mode [unicodeTextInMathMode]
LaTeX-incompatible input and strict mode is set to 'warn': Unicode text character "건" used in math mode [unicodeTextInMathMode]
LaTeX-incompatible input and strict mode is set to 'warn': Unicode text character "최" used in math mode [unicodeTextInMathMode]
LaTeX-incompatible input and strict mode is set to 'warn': Unicode text character "소" used in math mode [unicodeTextInMathMode]
LaTeX-incompatible input and strict mode is set to 'warn': Unicode text character "비" used in math mode [unicodeTextInMathMode]
LaTeX-incompatible input and strict mode is set to 'warn': Unicode text character "용" used in math mode [unicodeTextInMathMode]
LaTeX-incompatible input and strict mode is set to 'warn': Unicode text character "달" used in math mode [unicodeTextInMathMode]
LaTeX-incompatible input and strict mode is set to 'warn': Unicode text character "러" used in math mode [unicodeTextInMathMode]
LaTeX-incompatible input and strict mode is set to 'warn': Unicode text character "을" used in math mode [unicodeTextInMathMode]
LaTeX-incompatible input and strict mode is set to 'warn': Unicode text character "빠" used in math mode [unicodeTextInMathMode]
LaTeX-incompatible input and strict mode is set to 'warn': Unicode text character "뜨" used in math mode [unicodeTextInMathMode]
LaTeX-incompatible input and strict mode is set to 'warn': Unicode text character "렸" used in math mode [unicodeTextInMathMode]
LaTeX-incompatible input and strict mode is set to 'warn': Unicode text character "다" used in math mode [unicodeTextInMathMode]
LaTeX-incompatible input and strict mode is set to 'warn': Unicode text character "오" used in math mode [unicodeTextInMathMode]
LaTeX-incompatible input and strict mode is set to 'warn': Unicode text character "답" used in math mode [unicodeTextInMathMode]
LaTeX-incompatible input and strict mode is set to 'warn': Unicode text character "는" used in math mode [unicodeTextInMathMode]
LaTeX-incompatible input and strict mode is set to 'warn': Unicode text character "두" used in math mode [unicodeTextInMathMode]
LaTeX-incompatible input and strict mode is set to 'warn': Unicode text character "번" used in math mode [unicodeTextInMathMode]
LaTeX-incompatible input and strict mode is set to 'warn': Unicode text character "째" used in math mode [unicodeTextInMathMode]
LaTeX-incompatible input and strict mode is set to 'warn': Unicode text character "조" used in math mode [unicodeTextInMathMode]
LaTeX-incompatible input and strict mode is set to 'warn': Unicode text character "건" used in math mode [unicodeTextInMathMode]
LaTeX-incompatible input and strict mode is set to 'warn': Unicode text character "만" used in math mode [unicodeTextInMathMode]
LaTeX-incompatible input and strict mode is set to 'warn': Unicode text character "반" used in math mode [unicodeTextInMathMode]
LaTeX-incompatible input and strict mode is set to 'warn': Unicode text character "영" used in math mode [unicodeTextInMathMode]
LaTeX-incompatible input and strict mode is set to 'warn': Unicode text character "하" used in math mode [unicodeTextInMathMode]
LaTeX-incompatible input and strict mode is set to 'warn': Unicode text character "고" used in math mode [unicodeTextInMathMode]
LaTeX-incompatible input and strict mode is set to 'warn': Unicode text character "첫" used in math mode [unicodeTextInMathMode]
LaTeX-incompatible input and strict mode is set to 'warn': Unicode text character "번" used in math mode [unicodeTextInMathMode]
LaTeX-incompatible input and strict mode is set to 'warn': Unicode text character "째" used in math mode [unicodeTextInMathMode]
LaTeX-incompatible input and strict mode is set to 'warn': Unicode text character "조" used in math mode [unicodeTextInMathMode]
LaTeX-incompatible input and strict mode is set to 'warn': Unicode text character "건" used in math mode [unicodeTextInMathMode]
LaTeX-incompatible input and strict mode is set to 'warn': Unicode text character "가" used in math mode [unicodeTextInMathMode]
LaTeX-incompatible input and strict mode is set to 'warn': Unicode text character "격" used in math mode [unicodeTextInMathMode]
LaTeX-incompatible input and strict mode is set to 'warn': Unicode text character "비" used in math mode [unicodeTextInMathMode]
LaTeX-incompatible input and strict mode is set to 'warn': Unicode text character "교" used in math mode [unicodeTextInMathMode]
LaTeX-incompatible input and strict mode is set to 'warn': Unicode text character "을" used in math mode [unicodeTextInMathMode]
LaTeX-incompatible input and strict mode is set to 'warn': Unicode text character "빠" used in math mode [unicodeTextInMathMode]
LaTeX-incompatible input and strict mode is set to 'warn': Unicode text character "뜨" used in math mode [unicodeTextInMathMode]
LaTeX-incompatible input and strict mode is set to 'warn': Unicode text character "렸" used in math mode [unicodeTextInMathMode]
LaTeX-incompatible input and strict mode is set to 'warn': Unicode text character "다" used in math mode [unicodeTextInMathMode]
LaTeX-incompatible input and strict mode is set to 'warn': Unicode text character "오" used in math mode [unicodeTextInMathMode]
LaTeX-incompatible input and strict mode is set to 'warn': Unicode text character "답" used in math mode [unicodeTextInMathMode]
LaTeX-incompatible input and strict mode is set to 'warn': Unicode text character "는" used in math mode [unicodeTextInMathMode]
LaTeX-incompatible input and strict mode is set to 'warn': Unicode text character "교" used in math mode [unicodeTextInMathMode]
LaTeX-incompatible input and strict mode is set to 'warn': Unicode text character "점" used in math mode [unicodeTextInMathMode]
LaTeX-incompatible input and strict mode is set to 'warn': Unicode text character "의" used in math mode [unicodeTextInMathMode]
LaTeX-incompatible input and strict mode is set to 'warn': Unicode text character "좌" used in math mode [unicodeTextInMathMode]
LaTeX-incompatible input and strict mode is set to 'warn': Unicode text character "표" used in math mode [unicodeTextInMathMode]
LaTeX-incompatible input and strict mode is set to 'warn': Unicode text character "달" used in math mode [unicodeTextInMathMode]
LaTeX-incompatible input and strict mode is set to 'warn': Unicode text character "러" used in math mode [unicodeTextInMathMode]
LaTeX-incompatible input and strict mode is set to 'warn': Unicode text character "를" used in math mode [unicodeTextInMathMode]
LaTeX-incompatible input and strict mode is set to 'warn': Unicode text character "값" used in math mode [unicodeTextInMathMode]
LaTeX-incompatible input and strict mode is set to 'warn': Unicode text character "으" used in math mode [unicodeTextInMathMode]
LaTeX-incompatible input and strict mode is set to 'warn': Unicode text character "로" used in math mode [unicodeTextInMathMode]
LaTeX-incompatible input and strict mode is set to 'warn': Unicode text character "착" used in math mode [unicodeTextInMathMode]
LaTeX-incompatible input and strict mode is set to 'warn': Unicode text character "각" used in math mode [unicodeTextInMathMode]
LaTeX-incompatible input and strict mode is set to 'warn': Unicode text character "하" used in math mode [unicodeTextInMathMode]
LaTeX-incompatible input and strict mode is set to 'warn': Unicode text character "거" used in math mode [unicodeTextInMathMode]
LaTeX-incompatible input and strict mode is set to 'warn': Unicode text character "나" used in math mode [unicodeTextInMathMode]
LaTeX-incompatible input and strict mode is set to 'warn': Unicode text character "부" used in math mode [unicodeTextInMathMode]
LaTeX-incompatible input and strict mode is set to 'warn': Unicode text character "등" used in math mode [unicodeTextInMathMode]
LaTeX-incompatible input and strict mode is set to 'warn': Unicode text character "식" used in math mode [unicodeTextInMathMode]
LaTeX-incompatible input and strict mode is set to 'warn': Unicode text character "을" used in math mode [unicodeTextInMathMode]
LaTeX-incompatible input and strict mode is set to 'warn': Unicode text character "잘" used in math mode [unicodeTextInMathMode]
LaTeX-incompatible input and strict mode is set to 'warn': Unicode text character "못" used in math mode [unicodeTextInMathMode]
LaTeX-incompatible input and strict mode is set to 'warn': Unicode text character "풀" used in math mode [unicodeTextInMathMode]
LaTeX-incompatible input and strict mode is set to 'warn': Unicode text character "어" used in math mode [unicodeTextInMathMode]
LaTeX-incompatible input and strict mode is set to 'warn': Unicode text character "상" used in math mode [unicodeTextInMathMode]
LaTeX-incompatible input and strict mode is set to 'warn': Unicode text character "한" used in math mode [unicodeTextInMathMode]
LaTeX-incompatible input and strict mode is set to 'warn': Unicode text character "을" used in math mode [unicodeTextInMathMode]
LaTeX-incompatible input and strict mode is set to 'warn': Unicode text character "으" used in math mode [unicodeTextInMathMode]
LaTeX-incompatible input and strict mode is set to 'warn': Unicode text character "로" used in math mode [unicodeTextInMathMode]
LaTeX-incompatible input and strict mode is set to 'warn': Unicode text character "계" used in math mode [unicodeTextInMathMode]
LaTeX-incompatible input and strict mode is set to 'warn': Unicode text character "산" used in math mode [unicodeTextInMathMode]
LaTeX-incompatible input and strict mode is set to 'warn': Unicode text character "한" used in math mode [unicodeTextInMathMode]
LaTeX-incompatible input and strict mode is set to 'warn': Unicode text character "경" used in math mode [unicodeTextInMathMode]
LaTeX-incompatible input and strict mode is set to 'warn': Unicode text character "우" used in math mode [unicodeTextInMathMode]
LaTeX-incompatible input and strict mode is set to 'warn': Unicode text character "예" used in math mode [unicodeTextInMathMode]
LaTeX-incompatible input and strict mode is set to 'warn': Unicode text character "을" used in math mode [unicodeTextInMathMode]
{"event":"problem_generation_item_accepted","elapsedMs":214461,"acceptedSoFar":7}
{"event":"problem_generation_item_accepted","elapsedMs":219418,"acceptedSoFar":8}
[pipeline] 자료 생성 실패: plane AI 가 만든 그림 데이터가 규격에 맞지 않습니다 — 직선 l3 는 through 두 점 또는 slope/intercept 가 필요합니다. (받은 데이터: {"type":"plane","axes":{"x":{"min":0,"max":950,"step":100,"title":"Oyster units (x)"},"y":{"min":0,"max":950,"step":100,"title":"Clam units (y)"}},"objects":[{"id":"l1","kind":"line","slope":-1,"intercept":900,"label":"ℓ1"},{"id":"l2","kind":"line","slope":2,"intercept":0,"label":"ℓ2"},{"id":"l3","kind":"line","slope":null,"intercept":null,"label":"ℓ3"},{"id":"X","kind":"intersection","of":["l1","…)
{"event":"problem_generation_item_accepted","elapsedMs":225237,"acceptedSoFar":9}
{"event":"problem_generation_item_accepted","elapsedMs":106243,"acceptedSoFar":1}
{"event":"problem_generation_item_accepted","elapsedMs":192722,"acceptedSoFar":6}
{"event":"problem_generation_pipeline_timing","requested":6,"accepted":6,"shortfall":0,"stoppedReason":"target_met","timeMs":{"total":194618,"generate":141325,"figure":2411,"contractRepair":0,"answerExplanationCheck":51545,"review":124104,"regenerate":26637}}
[equivalent_expressions/hard/mc] 6/6 (라운드 1, 통과 6/6, 호출 4.83)
[pipeline] 자료 생성 실패: plane AI 가 만든 그림 데이터가 규격에 맞지 않습니다 — 직선 l3 는 through 두 점 또는 slope/intercept 가 필요합니다. (받은 데이터: {"type":"plane","axes":{"x":{"min":0,"max":950,"step":100,"title":"Oyster units (x)"},"y":{"min":0,"max":950,"step":100,"title":"Clam units (y)"}},"objects":[{"id":"l1","kind":"line","slope":-1,"intercept":900,"label":"ℓ1"},{"id":"l2","kind":"line","slope":2,"intercept":0,"label":"ℓ2"},{"id":"l3","kind":"line","slope":null,"intercept":null,"label":"ℓ3","vertical":true,"x":150},{"id":"A","kind":"po…)
{"event":"problem_generation_item_accepted","elapsedMs":67592,"acceptedSoFar":1}
{"event":"problem_generation_item_accepted","elapsedMs":221350,"acceptedSoFar":4}
[pipeline] 자료 생성 실패: data AI 가 만든 그림 데이터가 규격에 맞지 않습니다 — 그림 데이터가 객체가 아닙니다. (받은 데이터: "{\"type\":\"data\",\"kind\":\"scatter\",\"points\":[[10,65],[14,85],[18,100],[20,115],[24,130],[28,150],[32,165],[36,185],[42,210],[50,245]],\"fitLine\":{\"slope\":4.5,\"intercept\":20},\"xTitle\":\"Surface area (square feet)\",\"yTitle\":\"Sale price (thousands of dollars)\"}}")
{"event":"problem_generation_item_accepted","elapsedMs":140671,"acceptedSoFar":1}
[pipeline] 자료 생성 실패: plane AI 가 만든 그림 데이터가 규격에 맞지 않습니다 — 부등식 q3 는 op(<=|<|>=|>) 와 slope/intercept 가 필요합니다. (받은 데이터: {"type":"plane","axes":{"x":{"min":-50,"max":950,"step":100,"title":"Oyster units (x)"},"y":{"min":-50,"max":950,"step":100,"title":"Clam units (y)"}},"objects":[{"id":"l1","kind":"line","slope":-1,"intercept":900,"label":"ℓ1"},{"id":"l2","kind":"line","slope":2,"intercept":0,"label":"ℓ2"},{"id":"l3","kind":"line","slope":null,"intercept":null,"label":"ℓ3","through":["A150","B150"]},{"id":"A150","…)
{"event":"problem_generation_pipeline_timing","requested":1,"accepted":1,"shortfall":0,"stoppedReason":"target_met","timeMs":{"total":133667,"generate":93889,"figure":17472,"contractRepair":0,"answerExplanationCheck":0,"review":12351,"regenerate":22289}}
[linear_inequalities/hard/spr] 2/2 (라운드 2, 통과 1/1, 호출 9)
{"event":"problem_generation_item_accepted","elapsedMs":194677,"acceptedSoFar":10}
{"event":"problem_generation_pipeline_timing","requested":10,"accepted":10,"shortfall":0,"stoppedReason":"target_met","timeMs":{"total":194837,"generate":224175,"figure":25535,"contractRepair":4415,"answerExplanationCheck":51076,"review":119844,"regenerate":26486}}
[nonlinear_functions/hard/mc] 10/11 (라운드 1, 통과 10/10, 호출 3.8)
{"event":"problem_generation_item_accepted","elapsedMs":234871,"acceptedSoFar":5}
{"event":"problem_generation_pipeline_timing","requested":1,"accepted":1,"shortfall":0,"stoppedReason":"target_met","timeMs":{"total":87274,"generate":58868,"figure":13931,"contractRepair":0,"answerExplanationCheck":0,"review":8721,"regenerate":14468}}
[ratios_rates_units/hard/spr] 1/1 (라운드 2, 통과 1/1, 호출 10)
{"event":"problem_generation_item_accepted","elapsedMs":265628,"acceptedSoFar":10}
{"event":"problem_generation_pipeline_timing","requested":10,"accepted":10,"shortfall":0,"stoppedReason":"target_met","timeMs":{"total":265628,"generate":225130,"figure":55811,"contractRepair":17210,"answerExplanationCheck":76858,"review":155383,"regenerate":134739}}
[systems_linear/hard/mc] 10/11 (라운드 1, 통과 10/10, 호출 7.3)
[pipeline] 독립 검사 오류: (input.design.key_relations ?? []).join is not a function
[pipeline] 자료 생성 실패: parallel_transversal AI 가 만든 그림 데이터가 규격에 맞지 않습니다 — angles[] 는 at:[평행선, 횡단선] 과 region(NE|NW|SE|SW) 이 필요합니다. (받은 데이터: {"type":"parallel_transversal","parallel":["m","n"],"transversals":[{"id":"k"},{"id":"j"}],"points":[{"id":"A","on":["m","k"]},{"id":"B","on":["n","k"]},{"id":"C","on":["m","j"]},{"id":"D","on":["n","j"]},{"id":"E","on":["k","j"]}],"angles":[{"at":["m","k"],"region":"S","label":"52°"},{"at":["k","j"],"region":"N","label":"x°"}],"crossing":{"side":"below"},"notToScale":true})
[pipeline] 독립 검사 오류: (input.design.key_relations ?? []).join is not a function
{"event":"problem_generation_item_accepted","elapsedMs":42885,"acceptedSoFar":1}
[pipeline] 자료 생성 실패: triangle AI 가 만든 그림 데이터가 규격에 맞지 않습니다 — rightAngleAt 은 꼭짓점 이름이어야 합니다. (받은 데이터: {"type":"triangle","vertices":["P","Q","R"],"kind":"right","rightAngleAt":"S","angles":[{"at":"Q","label":"","tick":0},{"at":"R","label":"x°"}],"notToScale":true,"second":null,"altitude":{"from":"P","foot":"S","label":""}})
{"event":"problem_generation_item_accepted","elapsedMs":89952,"acceptedSoFar":1}
{"event":"problem_generation_pipeline_timing","requested":1,"accepted":1,"shortfall":0,"stoppedReason":"target_met","timeMs":{"total":54015,"generate":32484,"figure":7355,"contractRepair":8108,"answerExplanationCheck":0,"review":10389,"regenerate":6045}}
[lines_angles_triangles/hard/spr] 1/1 (라운드 1, 통과 1/1, 호출 9)
[pipeline] 자료 생성 실패: triangle AI 가 만든 그림 데이터가 규격에 맞지 않습니다 — rightAngleAt 은 꼭짓점 이름이어야 합니다. (받은 데이터: {"type":"triangle","vertices":["P","Q","R"],"kind":"right","rightAngleAt":"S","notToScale":true,"altitude":{"from":"P","foot":"S","label":"PS"},"angles":[{"at":"S","label":"90°"},{"at":"R","label":"x°"}]})
{"event":"problem_generation_item_accepted","elapsedMs":98826,"acceptedSoFar":2}
[pipeline] 자료 생성 실패: plane AI 가 만든 그림 데이터가 규격에 맞지 않습니다 — 객체 f 의 kind 를 모릅니다: quadratic (받은 데이터: {"type":"plane","axes":{"x":{"min":-4,"max":7,"step":1,"title":"x"},"y":{"min":-10,"max":6,"step":1,"title":"y"}},"objects":[{"id":"f","kind":"quadratic","fn":"quadratic","params":[1,-4,-5],"label":"f"},{"id":"V","kind":"point","at":[2,-9],"label":"(2, -9)"},{"id":"Q","kind":"point","at":[5,0],"label":"(5, 0)"}]})
{"event":"problem_generation_item_accepted","elapsedMs":56754,"acceptedSoFar":1}
{"event":"problem_generation_item_accepted","elapsedMs":51839,"acceptedSoFar":1}
[pipeline] 자료 생성 실패: triangle AI 가 만든 그림 데이터가 규격에 맞지 않습니다 — sides[].between 은 서로 다른 꼭짓점 2개여야 합니다. (받은 데이터: {"type":"triangle","vertices":["P","F","L"],"kind":"right","rightAngleAt":"F","sides":[{"between":["P","Q"],"label":"40"}],"angles":[{"at":"P","label":"30°"},{"at":"Q","label":"60°"}],"notToScale":true})
{"event":"problem_generation_pipeline_timing","requested":1,"accepted":1,"shortfall":0,"stoppedReason":"target_met","timeMs":{"total":59519,"generate":37620,"figure":0,"contractRepair":5611,"answerExplanationCheck":8812,"review":21681,"regenerate":0}}
[systems_linear/hard/mc] 11/11 (라운드 2, 통과 1/1, 호출 6)
{"event":"problem_generation_item_accepted","elapsedMs":64488,"acceptedSoFar":1}
[pipeline] 자료 생성 실패: triangle AI 가 만든 그림 데이터가 규격에 맞지 않습니다 — sides[].between 은 서로 다른 꼭짓점 2개여야 합니다. (받은 데이터: {"type":"triangle","vertices":["P","F","L"],"kind":"right","rightAngleAt":"F","sides":[{"between":["P","Q"],"label":"40"},{"between":["F","L"],"label":"x"}],"angles":[{"at":"P","label":"30°"},{"at":"Q","label":"60°"}],"notToScale":true,"second":{"vertices":["Q","F","L"],"sides":[{"between":["F","L"],"label":"x"}],"angles":[{"at":"Q","label":"60°"}]}})
{"event":"problem_generation_pipeline_timing","requested":2,"accepted":1,"shortfall":1,"stoppedReason":"candidate_cap","timeMs":{"total":71075,"generate":62013,"figure":24150,"contractRepair":5071,"answerExplanationCheck":0,"review":10216,"regenerate":65084}}
[right_triangles_trigonometry/hard/spr] 1/2 (라운드 1, 통과 1/2, 호출 25)
{"event":"problem_generation_item_accepted","elapsedMs":83082,"acceptedSoFar":2}
{"event":"problem_generation_item_accepted","elapsedMs":87957,"acceptedSoFar":3}
{"event":"problem_generation_pipeline_timing","requested":1,"accepted":0,"shortfall":1,"stoppedReason":"candidate_cap","timeMs":{"total":88886,"generate":42142,"figure":26719,"contractRepair":0,"answerExplanationCheck":4642,"review":10904,"regenerate":36315}}
[nonlinear_functions/hard/mc] 10/11 (라운드 2, 통과 0/1, 호출 16)
{"event":"problem_generation_pipeline_timing","requested":4,"accepted":1,"shortfall":3,"stoppedReason":"time_cap","timeMs":{"total":247188,"generate":190345,"figure":9367,"contractRepair":0,"answerExplanationCheck":21552,"review":129378,"regenerate":41436}}
[percentages/hard/mc] 1/4 (라운드 1, 통과 1/4, 호출 26)
[pipeline] 독립 검사 오류: (input.design.key_relations ?? []).join is not a function
{"event":"problem_generation_pipeline_timing","requested":4,"accepted":3,"shortfall":1,"stoppedReason":"candidate_cap","timeMs":{"total":277734,"generate":161363,"figure":69211,"contractRepair":0,"answerExplanationCheck":27891,"review":116076,"regenerate":96191}}
[ratios_rates_units/hard/mc] 3/4 (라운드 1, 통과 3/4, 호출 19.33)
[pipeline] 자료 생성 실패: triangle AI 가 만든 그림 데이터가 규격에 맞지 않습니다 — sides[].between 은 서로 다른 꼭짓점 2개여야 합니다. (받은 데이터: {"type":"triangle","vertices":["C","A","B"],"kind":"right","rightAngleAt":"C","altitude":{"from":"C","foot":"D","label":"CD"},"sides":[{"between":["A","D"],"label":"4"},{"between":["D","B"],"label":"9"}]})
{"event":"problem_generation_item_accepted","elapsedMs":43732,"acceptedSoFar":1}
[pipeline] 자료 생성 실패: circle AI 가 만든 그림 데이터가 규격에 맞지 않습니다 — tangents[].external 은 새 이름이어야 합니다. (받은 데이터: {"type":"circle","center":"O","points":[{"id":"A","angle":150},{"id":"B","angle":90},{"id":"P","angle":120}],"radii":[{"to":"A","label":"12"},{"to":"B","label":"12"}],"chords":[{"between":["A","B"],"label":"12","diameter":false}],"centralAngles":[{"between":["A","B"],"label":"60°","right":false}],"tangents":[{"at":"A","external":"P","label":"PA"},{"at":"B","external":"P","label":"PB"}],"notToScale…)
[pipeline] 자료 생성 실패: triangle AI 가 만든 그림 데이터가 규격에 맞지 않습니다 — sides[].between 은 서로 다른 꼭짓점 2개여야 합니다. (받은 데이터: {"type":"triangle","vertices":["C","A","B"],"kind":"right","rightAngleAt":"C","altitude":{"from":"C","foot":"D","label":"CD"},"sides":[{"between":["A","D"],"label":"4"},{"between":["D","B"],"label":"9"}]})
{"event":"problem_generation_pipeline_timing","requested":1,"accepted":1,"shortfall":0,"stoppedReason":"target_met","timeMs":{"total":55172,"generate":28781,"figure":15037,"contractRepair":0,"answerExplanationCheck":0,"review":4087,"regenerate":22170}}
[circles/hard/spr] 1/1 (라운드 1, 통과 1/1, 호출 13)
[pipeline] 자료 생성 실패: triangle AI 가 만든 그림 데이터가 규격에 맞지 않습니다 — sides[].between 은 서로 다른 꼭짓점 2개여야 합니다. (받은 데이터: {"type":"triangle","vertices":["L","P","F"],"kind":"right","rightAngleAt":"F","sides":[{"between":["P","Q"],"label":"40","tick":0}],"angles":[{"at":"P","label":"35°","tick":0},{"at":"Q","label":"50°","tick":0}],"notToScale":true,"second":{"vertices":["L","Q","F"],"sides":[],"angles":[]}})
[pipeline] 자료 생성 실패: triangle AI 가 만든 그림 데이터가 규격에 맞지 않습니다 — sides[].between 은 서로 다른 꼭짓점 2개여야 합니다. (받은 데이터: {"type":"triangle","vertices":["C","A","B"],"kind":"right","rightAngleAt":"C","sides":[{"between":["A","D"],"label":"4"},{"between":["D","B"],"label":"9"}],"altitude":{"from":"C","foot":"D","label":"CD"}})
{"event":"problem_generation_item_accepted","elapsedMs":217256,"acceptedSoFar":1}
[pipeline] 자료 생성 실패: triangle AI 가 만든 그림 데이터가 규격에 맞지 않습니다 — sides[].between 은 서로 다른 꼭짓점 2개여야 합니다. (받은 데이터: {"type":"triangle","vertices":["L","P","F"],"kind":"right","rightAngleAt":"F","sides":[{"between":["P","Q"],"label":"40"},{"between":["F","L"],"label":"h"}],"angles":[{"at":"P","label":"35°"},{"at":"Q","label":"50°"}],"notToScale":true})
{"event":"problem_generation_pipeline_timing","requested":1,"accepted":0,"shortfall":1,"stoppedReason":"candidate_cap","timeMs":{"total":61989,"generate":30121,"figure":13021,"contractRepair":5464,"answerExplanationCheck":0,"review":0,"regenerate":34452}}
[right_triangles_trigonometry/hard/spr] 1/2 (라운드 2, 통과 0/1, 호출 12)
{"event":"problem_generation_item_accepted","elapsedMs":219691,"acceptedSoFar":2}
{"event":"problem_generation_pipeline_timing","requested":6,"accepted":5,"shortfall":1,"stoppedReason":"candidate_cap","timeMs":{"total":384714,"generate":258996,"figure":85416,"contractRepair":38461,"answerExplanationCheck":61182,"review":201633,"regenerate":175676}}
[linear_inequalities/hard/mc] 5/6 (라운드 1, 통과 5/6, 호출 15.4)
[pipeline] 자료 생성 실패: circle AI 가 만든 그림 데이터가 규격에 맞지 않습니다 — chords[].between 은 서로 다른 원 위의 점 2개여야 합니다. (받은 데이터: {"type":"circle","center":"O","points":[{"id":"A","angle":125},{"id":"B","angle":55},{"id":"M","angle":90}],"radii":[{"to":"A","label":"250"},{"to":"B","label":"250"}],"chords":[{"between":["A","B"],"label":"AB","diameter":false},{"between":["O","M"],"label":"OM","diameter":false}],"centralAngles":[{"between":["A","B"],"label":"70°","right":false}],"notToScale":true})
{"event":"problem_generation_item_accepted","elapsedMs":71082,"acceptedSoFar":1}
{"event":"problem_generation_item_accepted","elapsedMs":63790,"acceptedSoFar":1}
{"event":"problem_generation_item_accepted","elapsedMs":244867,"acceptedSoFar":3}
{"event":"problem_generation_item_accepted","elapsedMs":129840,"acceptedSoFar":1}
{"event":"problem_generation_item_accepted","elapsedMs":131206,"acceptedSoFar":2}
[pipeline] 자료 생성 실패: circle AI 가 만든 그림 데이터가 규격에 맞지 않습니다 — chords[].between 은 서로 다른 원 위의 점 2개여야 합니다. (받은 데이터: {"type":"circle","center":"O","points":[{"id":"A","angle":125},{"id":"B","angle":55},{"id":"M","angle":90}],"radii":[{"to":"A","label":"250"},{"to":"B","label":"250"}],"chords":[{"between":["A","B"],"label":"AB","diameter":false},{"between":["O","M"],"label":"OM","diameter":false}],"centralAngles":[{"between":["A","B"],"label":"70°","right":false}],"notToScale":true})
{"event":"problem_generation_item_accepted","elapsedMs":174558,"acceptedSoFar":4}
{"event":"problem_generation_pipeline_timing","requested":1,"accepted":1,"shortfall":0,"stoppedReason":"target_met","timeMs":{"total":79901,"generate":49367,"figure":12371,"contractRepair":0,"answerExplanationCheck":3439,"review":10981,"regenerate":18154}}
[ratios_rates_units/hard/mc] 4/4 (라운드 2, 통과 1/1, 호출 10)
{"event":"problem_generation_item_accepted","elapsedMs":259034,"acceptedSoFar":4}
{"event":"problem_generation_pipeline_timing","requested":4,"accepted":4,"shortfall":0,"stoppedReason":"target_met","timeMs":{"total":259034,"generate":195277,"figure":7392,"contractRepair":20516,"answerExplanationCheck":20593,"review":74229,"regenerate":11179}}
[evaluating_statistical_claims/medium/mc] 4/4 (라운드 1, 통과 4/4, 호출 6.75)
{"event":"problem_generation_item_accepted","elapsedMs":42131,"acceptedSoFar":1}
{"event":"problem_generation_item_accepted","elapsedMs":81937,"acceptedSoFar":1}
[pipeline] 자료 생성 실패: parallel_transversal AI 가 만든 그림 데이터가 규격에 맞지 않습니다 — angles[] 는 at:[평행선, 횡단선] 과 region(NE|NW|SE|SW) 이 필요합니다. (받은 데이터: {"type":"parallel_transversal","parallel":["m","n"],"transversals":[{"id":"k"},{"id":"j"}],"points":[{"id":"A","on":["m","j"]},{"id":"B","on":["n","k"]},{"id":"E","on":["k","j"]}],"crossing":{"side":"below"},"angles":[{"at":["m","j"],"region":"S","label":"(2x + 14)°"},{"at":["k","j"],"region":"N","label":"(3x - 6)°"},{"at":["k","n"],"region":"SW","label":"71°"}],"notToScale":true})
{"event":"problem_generation_pipeline_timing","requested":1,"accepted":1,"shortfall":0,"stoppedReason":"target_met","timeMs":{"total":44314,"generate":24016,"figure":3482,"contractRepair":0,"answerExplanationCheck":0,"review":19336,"regenerate":15580}}
[right_triangles_trigonometry/hard/spr] 2/2 (라운드 3, 통과 1/1, 호출 9)
{"event":"problem_generation_item_accepted","elapsedMs":189632,"acceptedSoFar":5}
[pipeline] 자료 생성 실패: triangle AI 가 만든 그림 데이터가 규격에 맞지 않습니다 — sides[].between 은 서로 다른 꼭짓점 2개여야 합니다. (받은 데이터: {"type":"triangle","vertices":["T","B","Q"],"kind":"right","rightAngleAt":"B","sides":[{"between":["T","B"],"label":"h"},{"between":["P","Q"],"label":"120"}],"angles":[{"at":"T","label":"58°","tick":1},{"at":"T","label":"34°","tick":2}],"notToScale":true,"second":{"vertices":["T","B","P"],"scale":0.6}})
{"event":"problem_generation_pipeline_timing","requested":1,"accepted":1,"shortfall":0,"stoppedReason":"target_met","timeMs":{"total":102621,"generate":32851,"figure":11765,"contractRepair":1691,"answerExplanationCheck":12676,"review":53061,"regenerate":15954}}
[nonlinear_functions/hard/mc] 11/11 (라운드 3, 통과 1/1, 호출 17)
{"event":"problem_generation_item_accepted","elapsedMs":95785,"acceptedSoFar":2}
[pipeline] 독립 검사 오류: (raw.difficulty_reasons ?? []).map is not a function
{"event":"problem_generation_pipeline_timing","requested":4,"accepted":2,"shortfall":2,"stoppedReason":"candidate_cap","timeMs":{"total":291932,"generate":119509,"figure":61487,"contractRepair":22860,"answerExplanationCheck":28179,"review":112362,"regenerate":129882}}
[lines_angles_triangles/hard/mc] 2/4 (라운드 1, 통과 2/4, 호출 28.5)
{"event":"problem_generation_item_accepted","elapsedMs":206820,"acceptedSoFar":3}
{"event":"problem_generation_pipeline_timing","requested":4,"accepted":3,"shortfall":1,"stoppedReason":"candidate_cap","timeMs":{"total":207199,"generate":171885,"figure":81102,"contractRepair":3171,"answerExplanationCheck":22258,"review":48189,"regenerate":137272}}
[circles/hard/mc] 3/4 (라운드 1, 통과 3/4, 호출 21.67)
{"event":"problem_generation_pipeline_timing","requested":1,"accepted":0,"shortfall":1,"stoppedReason":"candidate_cap","timeMs":{"total":101959,"generate":31964,"figure":28301,"contractRepair":0,"answerExplanationCheck":12724,"review":31111,"regenerate":46815}}
[linear_inequalities/hard/mc] 5/6 (라운드 2, 통과 0/1, 호출 19)
{"event":"problem_generation_item_accepted","elapsedMs":265373,"acceptedSoFar":6}
{"event":"problem_generation_pipeline_timing","requested":6,"accepted":6,"shortfall":0,"stoppedReason":"target_met","timeMs":{"total":265374,"generate":242773,"figure":91628,"contractRepair":8365,"answerExplanationCheck":29828,"review":68595,"regenerate":143815}}
[right_triangles_trigonometry/hard/mc] 6/6 (라운드 1, 통과 6/6, 호출 13.83)
{"event":"problem_generation_item_accepted","elapsedMs":193176,"acceptedSoFar":3}
{"event":"problem_generation_pipeline_timing","requested":3,"accepted":3,"shortfall":0,"stoppedReason":"target_met","timeMs":{"total":193176,"generate":115498,"figure":25002,"contractRepair":0,"answerExplanationCheck":25615,"review":51604,"regenerate":84481}}
[percentages/hard/mc] 4/4 (라운드 2, 통과 3/3, 호출 10.67)
{"event":"problem_generation_item_accepted","elapsedMs":54768,"acceptedSoFar":1}
{"event":"problem_generation_item_accepted","elapsedMs":55951,"acceptedSoFar":2}
[pipeline] 자료 생성 실패: circle AI 가 만든 그림 데이터가 규격에 맞지 않습니다 — tangents[].external 은 새 이름이어야 합니다. (받은 데이터: {"type":"circle","center":"O","points":[{"id":"A","angle":150},{"id":"B","angle":30},{"id":"P","angle":210}],"radii":[{"to":"A","label":"12"},{"to":"B","label":"12"}],"chords":[{"between":["A","B"],"label":"AB","diameter":false}],"centralAngles":[{"between":["A","B"],"label":"120°","right":false}],"tangents":[{"at":"A","external":"P","label":"ℓ"}],"notToScale":true})
[pipeline] 자료 생성 실패: circle AI 가 만든 그림 데이터가 규격에 맞지 않습니다 — tangents[].external 은 새 이름이어야 합니다. (받은 데이터: {"type":"circle","center":"O","points":[{"id":"A","angle":150},{"id":"B","angle":30},{"id":"P","angle":0}],"radii":[{"to":"A","label":"12"},{"to":"B","label":"12"}],"chords":[{"between":["A","B"],"label":"AB","diameter":false}],"centralAngles":[{"between":["A","B"],"label":"120°","right":false}],"tangents":[{"at":"A","external":"P","label":"ℓ"}],"notToScale":true})
{"event":"problem_generation_item_accepted","elapsedMs":61936,"acceptedSoFar":1}
{"event":"problem_generation_pipeline_timing","requested":2,"accepted":2,"shortfall":0,"stoppedReason":"target_met","timeMs":{"total":80799,"generate":65738,"figure":12673,"contractRepair":0,"answerExplanationCheck":10953,"review":52506,"regenerate":27490}}
[lines_angles_triangles/hard/mc] 4/4 (라운드 2, 통과 2/2, 호출 7.5)
{"event":"problem_generation_pipeline_timing","requested":1,"accepted":1,"shortfall":0,"stoppedReason":"target_met","timeMs":{"total":72761,"generate":43797,"figure":2865,"contractRepair":3144,"answerExplanationCheck":10896,"review":22766,"regenerate":7404}}
[linear_inequalities/hard/mc] 6/6 (라운드 3, 통과 1/1, 호출 8)
[pipeline] 자료 생성 실패: circle AI 가 만든 그림 데이터가 규격에 맞지 않습니다 — tangents[].external 은 새 이름이어야 합니다. (받은 데이터: {"type":"circle","center":"O","points":[{"id":"A","angle":150},{"id":"B","angle":30},{"id":"P","angle":0}],"radii":[{"to":"A","label":"12"},{"to":"B","label":"12"}],"chords":[{"between":["A","B"],"label":"AB","diameter":false}],"centralAngles":[{"between":["A","B"],"label":"120°","right":false}],"tangents":[{"at":"A","external":"P","label":"ℓ"}],"notToScale":true})
{"event":"problem_generation_pipeline_timing","requested":1,"accepted":0,"shortfall":1,"stoppedReason":"candidate_cap","timeMs":{"total":84615,"generate":56816,"figure":18122,"contractRepair":1770,"answerExplanationCheck":0,"review":0,"regenerate":34417}}
[circles/hard/mc] 3/4 (라운드 2, 통과 0/1, 호출 15)
{"event":"problem_generation_item_accepted","elapsedMs":39696,"acceptedSoFar":1}
{"event":"problem_generation_pipeline_timing","requested":1,"accepted":1,"shortfall":0,"stoppedReason":"target_met","timeMs":{"total":41099,"generate":27863,"figure":0,"contractRepair":0,"answerExplanationCheck":7024,"review":18039,"regenerate":0}}
[circles/hard/mc] 4/4 (라운드 3, 통과 1/1, 호출 5)
생성 완료
