{"event":"problem_generation_item_accepted","elapsedMs":84924,"acceptedSoFar":1}
{"event":"problem_generation_item_accepted","elapsedMs":86592,"acceptedSoFar":2}
{"event":"problem_generation_item_accepted","elapsedMs":86932,"acceptedSoFar":1}
{"event":"problem_generation_item_accepted","elapsedMs":92793,"acceptedSoFar":2}
{"event":"problem_generation_item_accepted","elapsedMs":94794,"acceptedSoFar":3}
{"event":"problem_generation_item_accepted","elapsedMs":106968,"acceptedSoFar":3}
{"event":"problem_generation_item_accepted","elapsedMs":109472,"acceptedSoFar":4}
{"event":"problem_generation_item_accepted","elapsedMs":116777,"acceptedSoFar":1}
{"event":"problem_generation_item_accepted","elapsedMs":117039,"acceptedSoFar":1}
{"event":"problem_generation_item_accepted","elapsedMs":119082,"acceptedSoFar":2}
{"event":"problem_generation_item_accepted","elapsedMs":119103,"acceptedSoFar":5}
{"event":"problem_generation_pipeline_timing","requested":5,"accepted":5,"shortfall":0,"stoppedReason":"target_met","timeMs":{"total":119103,"generate":69531,"figure":0,"contractRepair":17499,"answerExplanationCheck":31849,"review":79418,"regenerate":0}}
[inferences/easy/mc] 5/5 (라운드 1, 통과 5/5, 호출 3.8)
{"event":"problem_generation_item_accepted","elapsedMs":124713,"acceptedSoFar":1}
{"event":"problem_generation_item_accepted","elapsedMs":136050,"acceptedSoFar":2}
{"event":"problem_generation_item_accepted","elapsedMs":138023,"acceptedSoFar":3}
{"event":"problem_generation_item_accepted","elapsedMs":138598,"acceptedSoFar":4}
{"event":"problem_generation_item_accepted","elapsedMs":139441,"acceptedSoFar":2}
{"event":"problem_generation_item_accepted","elapsedMs":144788,"acceptedSoFar":3}
{"event":"problem_generation_item_accepted","elapsedMs":154517,"acceptedSoFar":4}
{"event":"problem_generation_pipeline_timing","requested":3,"accepted":3,"shortfall":0,"stoppedReason":"target_met","timeMs":{"total":155859,"generate":130783,"figure":0,"contractRepair":16991,"answerExplanationCheck":35066,"review":100962,"regenerate":36632}}
[central_ideas_details/hard/mc] 3/3 (라운드 1, 통과 3/3, 호출 10.33)
{"event":"problem_generation_item_accepted","elapsedMs":156411,"acceptedSoFar":5}
{"event":"problem_generation_item_accepted","elapsedMs":157785,"acceptedSoFar":6}
{"event":"problem_generation_item_accepted","elapsedMs":157871,"acceptedSoFar":7}
{"event":"problem_generation_item_accepted","elapsedMs":158207,"acceptedSoFar":5}
{"event":"problem_generation_item_accepted","elapsedMs":163910,"acceptedSoFar":3}
{"event":"problem_generation_item_accepted","elapsedMs":195678,"acceptedSoFar":1}
{"event":"problem_generation_item_accepted","elapsedMs":198201,"acceptedSoFar":8}
{"event":"problem_generation_item_accepted","elapsedMs":203637,"acceptedSoFar":9}
{"event":"problem_generation_pipeline_timing","requested":10,"accepted":9,"shortfall":1,"stoppedReason":"time_cap","timeMs":{"total":203637,"generate":180060,"figure":0,"contractRepair":21406,"answerExplanationCheck":72273,"review":155813,"regenerate":57306}}
[central_ideas_details/medium/mc] 9/18 (라운드 1, 통과 9/10, 호출 5.56)
{"event":"problem_generation_pipeline_timing","requested":3,"accepted":3,"shortfall":0,"stoppedReason":"target_met","timeMs":{"total":208794,"generate":175623,"figure":0,"contractRepair":4926,"answerExplanationCheck":58264,"review":139963,"regenerate":52387}}
[inferences/hard/mc] 3/3 (라운드 1, 통과 3/3, 호출 11.33)
{"event":"problem_generation_item_accepted","elapsedMs":212093,"acceptedSoFar":2}
{"event":"problem_generation_item_accepted","elapsedMs":214740,"acceptedSoFar":3}
{"event":"problem_generation_item_accepted","elapsedMs":223243,"acceptedSoFar":6}
{"event":"problem_generation_pipeline_timing","requested":6,"accepted":6,"shortfall":0,"stoppedReason":"target_met","timeMs":{"total":223243,"generate":134938,"figure":0,"contractRepair":2138,"answerExplanationCheck":37450,"review":90304,"regenerate":50510}}
[central_ideas_details/easy/mc] 6/6 (라운드 1, 통과 6/6, 호출 4.67)
{"event":"problem_generation_item_accepted","elapsedMs":230903,"acceptedSoFar":4}
{"event":"problem_generation_item_accepted","elapsedMs":231082,"acceptedSoFar":5}
{"event":"problem_generation_item_accepted","elapsedMs":112737,"acceptedSoFar":1}
{"event":"problem_generation_item_accepted","elapsedMs":251359,"acceptedSoFar":6}
{"event":"problem_generation_item_accepted","elapsedMs":254060,"acceptedSoFar":7}
{"event":"problem_generation_item_accepted","elapsedMs":255583,"acceptedSoFar":8}
{"event":"problem_generation_item_accepted","elapsedMs":51396,"acceptedSoFar":1}
{"event":"problem_generation_item_accepted","elapsedMs":53122,"acceptedSoFar":2}
{"event":"problem_generation_item_accepted","elapsedMs":121982,"acceptedSoFar":1}
{"event":"problem_generation_item_accepted","elapsedMs":279169,"acceptedSoFar":9}
{"event":"problem_generation_pipeline_timing","requested":10,"accepted":9,"shortfall":1,"stoppedReason":"time_cap","timeMs":{"total":279169,"generate":241179,"figure":0,"contractRepair":20709,"answerExplanationCheck":60461,"review":191943,"regenerate":25849}}
[inferences/medium/mc] 9/15 (라운드 1, 통과 9/10, 호출 6)
{"event":"problem_generation_item_accepted","elapsedMs":77324,"acceptedSoFar":3}
{"event":"problem_generation_item_accepted","elapsedMs":81567,"acceptedSoFar":4}
{"event":"problem_generation_item_accepted","elapsedMs":149314,"acceptedSoFar":2}
{"event":"problem_generation_item_accepted","elapsedMs":97812,"acceptedSoFar":1}
{"event":"problem_generation_item_accepted","elapsedMs":99916,"acceptedSoFar":2}
{"event":"problem_generation_item_accepted","elapsedMs":101584,"acceptedSoFar":3}
{"event":"problem_generation_item_accepted","elapsedMs":154811,"acceptedSoFar":3}
{"event":"problem_generation_item_accepted","elapsedMs":88612,"acceptedSoFar":5}
{"event":"problem_generation_pipeline_timing","requested":5,"accepted":5,"shortfall":0,"stoppedReason":"target_met","timeMs":{"total":88612,"generate":38507,"figure":5169,"contractRepair":2545,"answerExplanationCheck":24180,"review":67938,"regenerate":25007}}
[command_of_evidence_quant/easy/mc] 5/5 (라운드 1, 통과 5/5, 호출 5.2)
{"event":"problem_generation_item_accepted","elapsedMs":166969,"acceptedSoFar":4}
{"event":"problem_generation_item_accepted","elapsedMs":174736,"acceptedSoFar":5}
{"event":"problem_generation_item_accepted","elapsedMs":176948,"acceptedSoFar":6}
{"event":"problem_generation_item_accepted","elapsedMs":184801,"acceptedSoFar":7}
{"event":"problem_generation_item_accepted","elapsedMs":69212,"acceptedSoFar":1}
{"event":"problem_generation_item_accepted","elapsedMs":75516,"acceptedSoFar":2}
{"event":"problem_generation_pipeline_timing","requested":3,"accepted":3,"shortfall":0,"stoppedReason":"target_met","timeMs":{"total":152184,"generate":125706,"figure":3472,"contractRepair":8857,"answerExplanationCheck":34740,"review":67623,"regenerate":32268}}
[command_of_evidence_text/hard/mc] 3/3 (라운드 1, 통과 3/3, 호출 6)
{"event":"problem_generation_item_accepted","elapsedMs":206982,"acceptedSoFar":8}
{"event":"problem_generation_pipeline_timing","requested":10,"accepted":8,"shortfall":2,"stoppedReason":"time_cap","timeMs":{"total":206982,"generate":132741,"figure":0,"contractRepair":19378,"answerExplanationCheck":74679,"review":204860,"regenerate":64884}}
[command_of_evidence_text/medium/mc] 8/17 (라운드 1, 통과 8/10, 호출 8)
{"event":"problem_generation_item_accepted","elapsedMs":256275,"acceptedSoFar":2}
{"event":"problem_generation_item_accepted","elapsedMs":257420,"acceptedSoFar":3}
{"event":"problem_generation_item_accepted","elapsedMs":197447,"acceptedSoFar":1}
{"event":"problem_generation_item_accepted","elapsedMs":90927,"acceptedSoFar":1}
{"event":"problem_generation_item_accepted","elapsedMs":92116,"acceptedSoFar":2}
{"event":"problem_generation_pipeline_timing","requested":5,"accepted":3,"shortfall":2,"stoppedReason":"time_cap","timeMs":{"total":285877,"generate":190763,"figure":0,"contractRepair":21746,"answerExplanationCheck":22737,"review":60442,"regenerate":74078}}
[command_of_evidence_text/easy/mc] 3/5 (라운드 1, 통과 3/5, 호출 12)
{"event":"problem_generation_item_accepted","elapsedMs":93551,"acceptedSoFar":3}
{"event":"problem_generation_item_accepted","elapsedMs":202664,"acceptedSoFar":2}
{"event":"problem_generation_item_accepted","elapsedMs":103780,"acceptedSoFar":4}
{"event":"problem_generation_item_accepted","elapsedMs":105512,"acceptedSoFar":5}
{"event":"problem_generation_item_accepted","elapsedMs":216192,"acceptedSoFar":3}
{"event":"problem_generation_item_accepted","elapsedMs":222643,"acceptedSoFar":4}
{"event":"problem_generation_item_accepted","elapsedMs":115061,"acceptedSoFar":6}
{"event":"problem_generation_item_accepted","elapsedMs":233599,"acceptedSoFar":5}
{"event":"problem_generation_item_accepted","elapsedMs":90369,"acceptedSoFar":1}
{"event":"problem_generation_item_accepted","elapsedMs":250282,"acceptedSoFar":6}
LaTeX-incompatible input and strict mode is set to 'warn': Unicode text character "이" used in math mode [unicodeTextInMathMode]
LaTeX-incompatible input and strict mode is set to 'warn': Unicode text character "고" used in math mode [unicodeTextInMathMode]
LaTeX-incompatible input and strict mode is set to 'warn': Unicode text character "은" used in math mode [unicodeTextInMathMode]
LaTeX-incompatible input and strict mode is set to 'warn': Unicode text character "점" used in math mode [unicodeTextInMathMode]
LaTeX-incompatible input and strict mode is set to 'warn': Unicode text character "이" used in math mode [unicodeTextInMathMode]
LaTeX-incompatible input and strict mode is set to 'warn': Unicode text character "팔" used in math mode [unicodeTextInMathMode]
LaTeX-incompatible input and strict mode is set to 'warn': Unicode text character "려" used in math mode [unicodeTextInMathMode]
LaTeX-incompatible input and strict mode is set to 'warn': Unicode text character "평" used in math mode [unicodeTextInMathMode]
LaTeX-incompatible input and strict mode is set to 'warn': Unicode text character "균" used in math mode [unicodeTextInMathMode]
{"event":"problem_generation_item_accepted","elapsedMs":91935,"acceptedSoFar":1}
{"event":"problem_generation_item_accepted","elapsedMs":251573,"acceptedSoFar":7}
{"event":"problem_generation_item_accepted","elapsedMs":95591,"acceptedSoFar":2}
{"event":"problem_generation_item_accepted","elapsedMs":109430,"acceptedSoFar":2}
{"event":"problem_generation_item_accepted","elapsedMs":267558,"acceptedSoFar":8}
{"event":"problem_generation_pipeline_timing","requested":9,"accepted":8,"shortfall":1,"stoppedReason":"time_cap","timeMs":{"total":267558,"generate":226891,"figure":0,"contractRepair":15255,"answerExplanationCheck":53256,"review":149460,"regenerate":42941}}
[central_ideas_details/medium/mc] 17/18 (라운드 2, 통과 8/9, 호출 5.75)
{"event":"problem_generation_item_accepted","elapsedMs":113615,"acceptedSoFar":3}
{"event":"problem_generation_item_accepted","elapsedMs":116470,"acceptedSoFar":4}
{"event":"problem_generation_item_accepted","elapsedMs":172736,"acceptedSoFar":7}
{"event":"problem_generation_item_accepted","elapsedMs":126947,"acceptedSoFar":5}
{"event":"problem_generation_item_accepted","elapsedMs":133533,"acceptedSoFar":6}
{"event":"problem_generation_item_accepted","elapsedMs":138833,"acceptedSoFar":7}
{"event":"problem_generation_item_accepted","elapsedMs":192064,"acceptedSoFar":8}
{"event":"problem_generation_item_accepted","elapsedMs":193368,"acceptedSoFar":9}
{"event":"problem_generation_pipeline_timing","requested":9,"accepted":9,"shortfall":0,"stoppedReason":"target_met","timeMs":{"total":193368,"generate":179949,"figure":12820,"contractRepair":6600,"answerExplanationCheck":27981,"review":86639,"regenerate":35246}}
[command_of_evidence_quant/medium/mc] 9/9 (라운드 1, 통과 9/9, 호출 3.78)
{"event":"problem_generation_item_accepted","elapsedMs":145801,"acceptedSoFar":8}
{"event":"problem_generation_item_accepted","elapsedMs":104446,"acceptedSoFar":1}
{"event":"problem_generation_pipeline_timing","requested":2,"accepted":2,"shortfall":0,"stoppedReason":"target_met","timeMs":{"total":149235,"generate":96004,"figure":8823,"contractRepair":15328,"answerExplanationCheck":26277,"review":84281,"regenerate":53004}}
[command_of_evidence_quant/hard/mc] 2/2 (라운드 1, 통과 2/2, 호출 12.5)
{"event":"problem_generation_item_accepted","elapsedMs":39656,"acceptedSoFar":1}
{"event":"problem_generation_pipeline_timing","requested":1,"accepted":1,"shortfall":0,"stoppedReason":"target_met","timeMs":{"total":39656,"generate":23785,"figure":0,"contractRepair":0,"answerExplanationCheck":3787,"review":12084,"regenerate":0}}
[central_ideas_details/medium/mc] 18/18 (라운드 3, 통과 1/1, 호출 3)
{"event":"problem_generation_item_accepted","elapsedMs":138654,"acceptedSoFar":2}
{"event":"problem_generation_pipeline_timing","requested":2,"accepted":2,"shortfall":0,"stoppedReason":"target_met","timeMs":{"total":138655,"generate":63511,"figure":0,"contractRepair":5047,"answerExplanationCheck":15997,"review":60418,"regenerate":13463}}
[command_of_evidence_text/easy/mc] 5/5 (라운드 2, 통과 2/2, 호출 10)
{"event":"problem_generation_item_accepted","elapsedMs":215182,"acceptedSoFar":9}
{"event":"problem_generation_pipeline_timing","requested":9,"accepted":9,"shortfall":0,"stoppedReason":"target_met","timeMs":{"total":215182,"generate":152944,"figure":0,"contractRepair":16048,"answerExplanationCheck":58809,"review":158704,"regenerate":20894}}
[command_of_evidence_text/medium/mc] 17/17 (라운드 2, 통과 9/9, 호출 5.33)
{"event":"problem_generation_item_accepted","elapsedMs":79610,"acceptedSoFar":1}
{"event":"problem_generation_item_accepted","elapsedMs":81044,"acceptedSoFar":2}
{"event":"problem_generation_item_accepted","elapsedMs":99301,"acceptedSoFar":1}
{"event":"problem_generation_item_accepted","elapsedMs":100649,"acceptedSoFar":3}
{"event":"problem_generation_item_accepted","elapsedMs":105090,"acceptedSoFar":4}
{"event":"problem_generation_item_accepted","elapsedMs":108608,"acceptedSoFar":5}
{"event":"problem_generation_item_accepted","elapsedMs":78774,"acceptedSoFar":1}
{"event":"problem_generation_item_accepted","elapsedMs":345492,"acceptedSoFar":3}
{"event":"problem_generation_item_accepted","elapsedMs":120839,"acceptedSoFar":2}
{"event":"problem_generation_item_accepted","elapsedMs":82877,"acceptedSoFar":2}
{"event":"problem_generation_item_accepted","elapsedMs":121822,"acceptedSoFar":3}
{"event":"problem_generation_item_accepted","elapsedMs":125186,"acceptedSoFar":6}
{"event":"problem_generation_item_accepted","elapsedMs":94220,"acceptedSoFar":3}
{"event":"problem_generation_item_accepted","elapsedMs":98112,"acceptedSoFar":4}
{"event":"problem_generation_item_accepted","elapsedMs":131203,"acceptedSoFar":1}
{"event":"problem_generation_item_accepted","elapsedMs":98458,"acceptedSoFar":5}
{"event":"problem_generation_item_accepted","elapsedMs":134565,"acceptedSoFar":7}
{"event":"problem_generation_item_accepted","elapsedMs":366689,"acceptedSoFar":4}
{"event":"problem_generation_item_accepted","elapsedMs":369658,"acceptedSoFar":5}
{"event":"problem_generation_item_accepted","elapsedMs":370552,"acceptedSoFar":6}
{"event":"problem_generation_pipeline_timing","requested":6,"accepted":6,"shortfall":0,"stoppedReason":"target_met","timeMs":{"total":370552,"generate":277463,"figure":0,"contractRepair":5254,"answerExplanationCheck":37163,"review":140835,"regenerate":0}}
[inferences/medium/mc] 15/15 (라운드 2, 통과 6/6, 호출 6.5)
{"event":"problem_generation_item_accepted","elapsedMs":115676,"acceptedSoFar":6}
{"event":"problem_generation_item_accepted","elapsedMs":157356,"acceptedSoFar":4}
{"event":"problem_generation_item_accepted","elapsedMs":154176,"acceptedSoFar":8}
{"event":"problem_generation_item_accepted","elapsedMs":159851,"acceptedSoFar":5}
{"event":"problem_generation_item_accepted","elapsedMs":87102,"acceptedSoFar":1}
{"event":"problem_generation_item_accepted","elapsedMs":155340,"acceptedSoFar":2}
{"event":"problem_generation_item_accepted","elapsedMs":122905,"acceptedSoFar":7}
{"event":"problem_generation_item_accepted","elapsedMs":157133,"acceptedSoFar":3}
{"event":"problem_generation_item_accepted","elapsedMs":164051,"acceptedSoFar":6}
{"event":"problem_generation_item_accepted","elapsedMs":126795,"acceptedSoFar":8}
{"event":"problem_generation_pipeline_timing","requested":8,"accepted":8,"shortfall":0,"stoppedReason":"target_met","timeMs":{"total":126795,"generate":104780,"figure":0,"contractRepair":4234,"answerExplanationCheck":42642,"review":107831,"regenerate":34223}}
[text_structure_purpose/easy/mc] 8/8 (라운드 1, 통과 8/8, 호출 3.88)
{"event":"problem_generation_item_accepted","elapsedMs":105219,"acceptedSoFar":2}
{"event":"problem_generation_item_accepted","elapsedMs":106364,"acceptedSoFar":3}
{"event":"problem_generation_item_accepted","elapsedMs":106940,"acceptedSoFar":4}
{"event":"problem_generation_item_accepted","elapsedMs":174128,"acceptedSoFar":4}
{"event":"problem_generation_item_accepted","elapsedMs":183469,"acceptedSoFar":5}
{"event":"problem_generation_item_accepted","elapsedMs":189129,"acceptedSoFar":7}
{"event":"problem_generation_item_accepted","elapsedMs":121864,"acceptedSoFar":5}
{"event":"problem_generation_item_accepted","elapsedMs":134630,"acceptedSoFar":6}
{"event":"problem_generation_item_accepted","elapsedMs":137828,"acceptedSoFar":7}
{"event":"problem_generation_item_accepted","elapsedMs":138988,"acceptedSoFar":8}
{"event":"problem_generation_pipeline_timing","requested":10,"accepted":8,"shortfall":2,"stoppedReason":"time_cap","timeMs":{"total":215009,"generate":90751,"figure":0,"contractRepair":0,"answerExplanationCheck":53019,"review":217067,"regenerate":74272}}
[words_in_context/medium/mc] 8/32 (라운드 1, 통과 8/10, 호출 7.38)
{"event":"problem_generation_item_accepted","elapsedMs":150217,"acceptedSoFar":9}
{"event":"problem_generation_item_accepted","elapsedMs":151606,"acceptedSoFar":10}
{"event":"problem_generation_pipeline_timing","requested":10,"accepted":10,"shortfall":0,"stoppedReason":"target_met","timeMs":{"total":151606,"generate":133356,"figure":0,"contractRepair":6791,"answerExplanationCheck":55269,"review":140944,"regenerate":70631}}
[text_structure_purpose/medium/mc] 10/21 (라운드 1, 통과 10/10, 호출 3.6)
{"event":"problem_generation_pipeline_timing","requested":5,"accepted":5,"shortfall":0,"stoppedReason":"target_met","timeMs":{"total":219444,"generate":174034,"figure":0,"contractRepair":11358,"answerExplanationCheck":48265,"review":167076,"regenerate":80591}}
[words_in_context/hard/mc] 5/5 (라운드 1, 통과 5/5, 호출 10)
{"event":"problem_generation_item_accepted","elapsedMs":236995,"acceptedSoFar":8}
{"event":"problem_generation_item_accepted","elapsedMs":98330,"acceptedSoFar":1}
{"event":"problem_generation_item_accepted","elapsedMs":249109,"acceptedSoFar":9}
{"event":"problem_generation_item_accepted","elapsedMs":250406,"acceptedSoFar":10}
{"event":"problem_generation_pipeline_timing","requested":10,"accepted":10,"shortfall":0,"stoppedReason":"target_met","timeMs":{"total":250406,"generate":165970,"figure":0,"contractRepair":4484,"answerExplanationCheck":62815,"review":222693,"regenerate":71076}}
[words_in_context/easy/mc] 10/11 (라운드 1, 통과 10/10, 호출 7.1)
{"event":"problem_generation_item_accepted","elapsedMs":107801,"acceptedSoFar":2}
{"event":"problem_generation_item_accepted","elapsedMs":110622,"acceptedSoFar":3}
{"event":"problem_generation_item_accepted","elapsedMs":120801,"acceptedSoFar":4}
{"event":"problem_generation_item_accepted","elapsedMs":125579,"acceptedSoFar":5}
{"event":"problem_generation_item_accepted","elapsedMs":30644,"acceptedSoFar":1}
{"event":"problem_generation_pipeline_timing","requested":1,"accepted":1,"shortfall":0,"stoppedReason":"target_met","timeMs":{"total":30645,"generate":15633,"figure":0,"contractRepair":0,"answerExplanationCheck":3921,"review":11087,"regenerate":0}}
[words_in_context/easy/mc] 11/11 (라운드 2, 통과 1/1, 호출 3)
{"event":"problem_generation_item_accepted","elapsedMs":115901,"acceptedSoFar":1}
{"event":"problem_generation_item_accepted","elapsedMs":116860,"acceptedSoFar":2}
{"event":"problem_generation_item_accepted","elapsedMs":122520,"acceptedSoFar":3}
{"event":"problem_generation_item_accepted","elapsedMs":138447,"acceptedSoFar":4}
{"event":"problem_generation_pipeline_timing","requested":5,"accepted":5,"shortfall":0,"stoppedReason":"target_met","timeMs":{"total":163818,"generate":163387,"figure":0,"contractRepair":22183,"answerExplanationCheck":42680,"review":129744,"regenerate":37159}}
[text_structure_purpose/hard/mc] 5/5 (라운드 1, 통과 5/5, 호출 6.8)
{"event":"problem_generation_item_accepted","elapsedMs":85464,"acceptedSoFar":1}
{"event":"problem_generation_item_accepted","elapsedMs":88488,"acceptedSoFar":2}
{"event":"problem_generation_item_accepted","elapsedMs":88945,"acceptedSoFar":3}
{"event":"problem_generation_item_accepted","elapsedMs":98358,"acceptedSoFar":1}
{"event":"problem_generation_item_accepted","elapsedMs":156767,"acceptedSoFar":5}
{"event":"problem_generation_pipeline_timing","requested":5,"accepted":5,"shortfall":0,"stoppedReason":"target_met","timeMs":{"total":156767,"generate":101386,"figure":0,"contractRepair":8650,"answerExplanationCheck":21609,"review":75947,"regenerate":0}}
[cross_text_connections/easy/mc] 5/5 (라운드 1, 통과 5/5, 호출 4.2)
{"event":"problem_generation_item_accepted","elapsedMs":105500,"acceptedSoFar":2}
{"event":"problem_generation_item_accepted","elapsedMs":106262,"acceptedSoFar":4}
{"event":"problem_generation_item_accepted","elapsedMs":107955,"acceptedSoFar":5}
{"event":"problem_generation_item_accepted","elapsedMs":113078,"acceptedSoFar":1}
{"event":"problem_generation_item_accepted","elapsedMs":113150,"acceptedSoFar":2}
{"event":"problem_generation_item_accepted","elapsedMs":125552,"acceptedSoFar":3}
{"event":"problem_generation_item_accepted","elapsedMs":121614,"acceptedSoFar":6}
{"event":"problem_generation_item_accepted","elapsedMs":122893,"acceptedSoFar":7}
{"event":"problem_generation_item_accepted","elapsedMs":124390,"acceptedSoFar":8}
{"event":"problem_generation_item_accepted","elapsedMs":124673,"acceptedSoFar":9}
{"event":"problem_generation_item_accepted","elapsedMs":130800,"acceptedSoFar":4}
{"event":"problem_generation_item_accepted","elapsedMs":133577,"acceptedSoFar":3}
{"event":"problem_generation_item_accepted","elapsedMs":140007,"acceptedSoFar":5}
{"event":"problem_generation_item_accepted","elapsedMs":141333,"acceptedSoFar":6}
{"event":"problem_generation_item_accepted","elapsedMs":138824,"acceptedSoFar":10}
{"event":"problem_generation_pipeline_timing","requested":10,"accepted":10,"shortfall":0,"stoppedReason":"target_met","timeMs":{"total":138824,"generate":125489,"figure":0,"contractRepair":2210,"answerExplanationCheck":57384,"review":137529,"regenerate":13124}}
[text_structure_purpose/medium/mc] 20/21 (라운드 2, 통과 10/10, 호출 3.2)
{"event":"problem_generation_item_accepted","elapsedMs":141375,"acceptedSoFar":4}
{"event":"problem_generation_item_accepted","elapsedMs":153632,"acceptedSoFar":5}
{"event":"problem_generation_item_accepted","elapsedMs":154824,"acceptedSoFar":6}
{"event":"problem_generation_item_accepted","elapsedMs":157953,"acceptedSoFar":7}
{"event":"problem_generation_item_accepted","elapsedMs":83073,"acceptedSoFar":1}
{"event":"problem_generation_item_accepted","elapsedMs":84168,"acceptedSoFar":2}
{"event":"problem_generation_item_accepted","elapsedMs":167682,"acceptedSoFar":8}
{"event":"problem_generation_item_accepted","elapsedMs":120559,"acceptedSoFar":1}
{"event":"problem_generation_item_accepted","elapsedMs":41853,"acceptedSoFar":1}
{"event":"problem_generation_pipeline_timing","requested":1,"accepted":1,"shortfall":0,"stoppedReason":"target_met","timeMs":{"total":41853,"generate":26073,"figure":0,"contractRepair":0,"answerExplanationCheck":4738,"review":11041,"regenerate":0}}
[text_structure_purpose/medium/mc] 21/21 (라운드 3, 통과 1/1, 호출 3)
{"event":"problem_generation_item_accepted","elapsedMs":99461,"acceptedSoFar":3}
{"event":"problem_generation_item_accepted","elapsedMs":86933,"acceptedSoFar":1}
{"event":"problem_generation_item_accepted","elapsedMs":190263,"acceptedSoFar":7}
{"event":"problem_generation_item_accepted","elapsedMs":129646,"acceptedSoFar":2}
{"event":"problem_generation_item_accepted","elapsedMs":191771,"acceptedSoFar":9}
{"event":"problem_generation_item_accepted","elapsedMs":96474,"acceptedSoFar":2}
{"event":"problem_generation_pipeline_timing","requested":10,"accepted":7,"shortfall":3,"stoppedReason":"time_cap","timeMs":{"total":204119,"generate":96675,"figure":2789,"contractRepair":0,"answerExplanationCheck":48127,"review":254664,"regenerate":61676}}
[words_in_context/medium/mc] 15/32 (라운드 2, 통과 7/10, 호출 9.71)
{"event":"problem_generation_item_accepted","elapsedMs":118807,"acceptedSoFar":4}
{"event":"problem_generation_item_accepted","elapsedMs":121676,"acceptedSoFar":5}
{"event":"problem_generation_item_accepted","elapsedMs":112588,"acceptedSoFar":3}
{"event":"problem_generation_item_accepted","elapsedMs":219908,"acceptedSoFar":10}
{"event":"problem_generation_pipeline_timing","requested":10,"accepted":10,"shortfall":0,"stoppedReason":"target_met","timeMs":{"total":219908,"generate":168906,"figure":0,"contractRepair":23063,"answerExplanationCheck":57408,"review":197073,"regenerate":26168}}
[cross_text_connections/medium/mc] 10/12 (라운드 1, 통과 10/10, 호출 5.6)
{"event":"problem_generation_item_accepted","elapsedMs":124148,"acceptedSoFar":4}
{"event":"problem_generation_item_accepted","elapsedMs":126444,"acceptedSoFar":5}
{"event":"problem_generation_item_accepted","elapsedMs":139936,"acceptedSoFar":6}
{"event":"problem_generation_item_accepted","elapsedMs":146158,"acceptedSoFar":7}
{"event":"problem_generation_item_accepted","elapsedMs":67944,"acceptedSoFar":1}
{"event":"problem_generation_item_accepted","elapsedMs":69323,"acceptedSoFar":2}
{"event":"problem_generation_item_accepted","elapsedMs":70450,"acceptedSoFar":3}
{"event":"problem_generation_item_accepted","elapsedMs":80220,"acceptedSoFar":4}
{"event":"problem_generation_item_accepted","elapsedMs":88611,"acceptedSoFar":5}
{"event":"problem_generation_item_accepted","elapsedMs":190398,"acceptedSoFar":6}
{"event":"problem_generation_item_accepted","elapsedMs":220985,"acceptedSoFar":3}
{"event":"problem_generation_pipeline_timing","requested":3,"accepted":3,"shortfall":0,"stoppedReason":"target_met","timeMs":{"total":220986,"generate":123448,"figure":0,"contractRepair":1320,"answerExplanationCheck":33889,"review":148303,"regenerate":124738}}
[cross_text_connections/hard/mc] 3/3 (라운드 1, 통과 3/3, 호출 15)
{"event":"problem_generation_pipeline_timing","requested":5,"accepted":5,"shortfall":0,"stoppedReason":"target_met","timeMs":{"total":100679,"generate":128420,"figure":0,"contractRepair":7853,"answerExplanationCheck":34074,"review":62942,"regenerate":52504}}
[rhetorical_synthesis/hard/mc] 5/5 (라운드 1, 통과 5/5, 호출 4.2)
{"event":"problem_generation_item_accepted","elapsedMs":210819,"acceptedSoFar":7}
{"event":"problem_generation_pipeline_timing","requested":8,"accepted":7,"shortfall":1,"stoppedReason":"time_cap","timeMs":{"total":210820,"generate":126066,"figure":0,"contractRepair":17418,"answerExplanationCheck":32304,"review":95854,"regenerate":106664}}
[rhetorical_synthesis/easy/mc] 7/8 (라운드 1, 통과 7/8, 호출 6.71)
{"event":"problem_generation_item_accepted","elapsedMs":217020,"acceptedSoFar":8}
{"event":"problem_generation_item_accepted","elapsedMs":218104,"acceptedSoFar":9}
{"event":"problem_generation_pipeline_timing","requested":10,"accepted":9,"shortfall":1,"stoppedReason":"time_cap","timeMs":{"total":218104,"generate":161847,"figure":0,"contractRepair":18088,"answerExplanationCheck":45103,"review":128555,"regenerate":130043}}
[rhetorical_synthesis/medium/mc] 9/23 (라운드 1, 통과 9/10, 호출 5.89)
{"event":"problem_generation_item_accepted","elapsedMs":55925,"acceptedSoFar":1}
{"event":"problem_generation_item_accepted","elapsedMs":139587,"acceptedSoFar":1}
{"event":"problem_generation_item_accepted","elapsedMs":61735,"acceptedSoFar":2}
{"event":"problem_generation_item_accepted","elapsedMs":140305,"acceptedSoFar":2}
{"event":"problem_generation_item_accepted","elapsedMs":47981,"acceptedSoFar":1}
{"event":"problem_generation_pipeline_timing","requested":1,"accepted":1,"shortfall":0,"stoppedReason":"target_met","timeMs":{"total":47982,"generate":16643,"figure":0,"contractRepair":1496,"answerExplanationCheck":4695,"review":13737,"regenerate":11403}}
[rhetorical_synthesis/easy/mc] 8/8 (라운드 2, 통과 1/1, 호출 5)
{"event":"problem_generation_item_accepted","elapsedMs":62724,"acceptedSoFar":1}
{"event":"problem_generation_item_accepted","elapsedMs":62865,"acceptedSoFar":2}
{"event":"problem_generation_item_accepted","elapsedMs":63216,"acceptedSoFar":3}
{"event":"problem_generation_item_accepted","elapsedMs":76414,"acceptedSoFar":3}
{"event":"problem_generation_item_accepted","elapsedMs":76507,"acceptedSoFar":4}
{"event":"problem_generation_item_accepted","elapsedMs":156640,"acceptedSoFar":3}
{"event":"problem_generation_item_accepted","elapsedMs":82306,"acceptedSoFar":5}
{"event":"problem_generation_item_accepted","elapsedMs":80857,"acceptedSoFar":4}
{"event":"problem_generation_item_accepted","elapsedMs":162868,"acceptedSoFar":4}
{"event":"problem_generation_item_accepted","elapsedMs":90506,"acceptedSoFar":6}
{"event":"problem_generation_item_accepted","elapsedMs":87930,"acceptedSoFar":5}
{"event":"problem_generation_item_accepted","elapsedMs":93120,"acceptedSoFar":6}
{"event":"problem_generation_item_accepted","elapsedMs":100128,"acceptedSoFar":7}
{"event":"problem_generation_item_accepted","elapsedMs":107218,"acceptedSoFar":8}
{"event":"problem_generation_item_accepted","elapsedMs":168861,"acceptedSoFar":1}
{"event":"problem_generation_item_accepted","elapsedMs":170737,"acceptedSoFar":2}
{"event":"problem_generation_pipeline_timing","requested":2,"accepted":2,"shortfall":0,"stoppedReason":"target_met","timeMs":{"total":170738,"generate":139491,"figure":0,"contractRepair":0,"answerExplanationCheck":7893,"review":22002,"regenerate":30716}}
[cross_text_connections/medium/mc] 12/12 (라운드 2, 통과 2/2, 호출 4.5)
{"event":"problem_generation_item_accepted","elapsedMs":114179,"acceptedSoFar":7}
{"event":"problem_generation_item_accepted","elapsedMs":112452,"acceptedSoFar":9}
{"event":"problem_generation_item_accepted","elapsedMs":195368,"acceptedSoFar":5}
{"event":"problem_generation_item_accepted","elapsedMs":196835,"acceptedSoFar":6}
{"event":"problem_generation_item_accepted","elapsedMs":197290,"acceptedSoFar":7}
{"event":"problem_generation_item_accepted","elapsedMs":116224,"acceptedSoFar":10}
{"event":"problem_generation_pipeline_timing","requested":10,"accepted":10,"shortfall":0,"stoppedReason":"target_met","timeMs":{"total":116224,"generate":82400,"figure":0,"contractRepair":6584,"answerExplanationCheck":42408,"review":148101,"regenerate":43043}}
[transitions/medium/mc] 10/20 (라운드 1, 통과 10/10, 호출 3.2)
{"event":"problem_generation_item_accepted","elapsedMs":92711,"acceptedSoFar":1}
{"event":"problem_generation_item_accepted","elapsedMs":212171,"acceptedSoFar":8}
{"event":"problem_generation_pipeline_timing","requested":10,"accepted":8,"shortfall":2,"stoppedReason":"time_cap","timeMs":{"total":212172,"generate":156403,"figure":0,"contractRepair":2209,"answerExplanationCheck":46802,"review":187956,"regenerate":45070}}
[words_in_context/medium/mc] 23/32 (라운드 3, 통과 8/10, 호출 7.13)
{"event":"problem_generation_item_accepted","elapsedMs":141630,"acceptedSoFar":8}
{"event":"problem_generation_pipeline_timing","requested":8,"accepted":8,"shortfall":0,"stoppedReason":"target_met","timeMs":{"total":141630,"generate":72143,"figure":0,"contractRepair":0,"answerExplanationCheck":35755,"review":131084,"regenerate":24497}}
[transitions/easy/mc] 8/8 (라운드 1, 통과 8/8, 호출 4.13)
{"event":"problem_generation_item_accepted","elapsedMs":112152,"acceptedSoFar":2}
{"event":"problem_generation_item_accepted","elapsedMs":112190,"acceptedSoFar":3}
{"event":"problem_generation_item_accepted","elapsedMs":116902,"acceptedSoFar":4}
{"event":"problem_generation_item_accepted","elapsedMs":96921,"acceptedSoFar":1}
{"event":"problem_generation_item_accepted","elapsedMs":99520,"acceptedSoFar":2}
{"event":"problem_generation_item_accepted","elapsedMs":99655,"acceptedSoFar":3}
{"event":"problem_generation_item_accepted","elapsedMs":56866,"acceptedSoFar":1}
{"event":"problem_generation_item_accepted","elapsedMs":134408,"acceptedSoFar":5}
{"event":"problem_generation_item_accepted","elapsedMs":134593,"acceptedSoFar":6}
{"event":"problem_generation_item_accepted","elapsedMs":134989,"acceptedSoFar":7}
{"event":"problem_generation_item_accepted","elapsedMs":61687,"acceptedSoFar":2}
{"event":"problem_generation_item_accepted","elapsedMs":114505,"acceptedSoFar":4}
{"event":"problem_generation_item_accepted","elapsedMs":67609,"acceptedSoFar":1}
{"event":"problem_generation_item_accepted","elapsedMs":150053,"acceptedSoFar":8}
{"event":"problem_generation_item_accepted","elapsedMs":68543,"acceptedSoFar":2}
{"event":"problem_generation_item_accepted","elapsedMs":70419,"acceptedSoFar":3}
{"event":"problem_generation_item_accepted","elapsedMs":76740,"acceptedSoFar":3}
{"event":"problem_generation_item_accepted","elapsedMs":78318,"acceptedSoFar":4}
{"event":"problem_generation_item_accepted","elapsedMs":78871,"acceptedSoFar":5}
{"event":"problem_generation_item_accepted","elapsedMs":128565,"acceptedSoFar":5}
{"event":"problem_generation_item_accepted","elapsedMs":155731,"acceptedSoFar":9}
{"event":"problem_generation_pipeline_timing","requested":5,"accepted":5,"shortfall":0,"stoppedReason":"target_met","timeMs":{"total":128756,"generate":165327,"figure":5550,"contractRepair":0,"answerExplanationCheck":30834,"review":77058,"regenerate":81145}}
[transitions/hard/mc] 5/5 (라운드 1, 통과 5/5, 호출 4.8)
{"event":"problem_generation_item_accepted","elapsedMs":80882,"acceptedSoFar":4}
{"event":"problem_generation_item_accepted","elapsedMs":70285,"acceptedSoFar":1}
{"event":"problem_generation_item_accepted","elapsedMs":84655,"acceptedSoFar":5}
{"event":"problem_generation_item_accepted","elapsedMs":70620,"acceptedSoFar":2}
{"event":"problem_generation_item_accepted","elapsedMs":72094,"acceptedSoFar":3}
{"event":"problem_generation_item_accepted","elapsedMs":171008,"acceptedSoFar":10}
{"event":"problem_generation_pipeline_timing","requested":10,"accepted":10,"shortfall":0,"stoppedReason":"target_met","timeMs":{"total":171009,"generate":126113,"figure":0,"contractRepair":20543,"answerExplanationCheck":53736,"review":176698,"regenerate":0}}
[rhetorical_synthesis/medium/mc] 19/23 (라운드 2, 통과 10/10, 호출 5.8)
{"event":"problem_generation_item_accepted","elapsedMs":91281,"acceptedSoFar":6}
{"event":"problem_generation_item_accepted","elapsedMs":69785,"acceptedSoFar":1}
{"event":"problem_generation_item_accepted","elapsedMs":70678,"acceptedSoFar":2}
[pipeline] 오답 보정 실패 사유: 2 0 정답 또는 다른 선택지와 중복됩니다.
{"event":"problem_generation_item_accepted","elapsedMs":74337,"acceptedSoFar":3}
{"event":"problem_generation_item_accepted","elapsedMs":97577,"acceptedSoFar":7}
{"event":"problem_generation_item_accepted","elapsedMs":76935,"acceptedSoFar":4}
{"event":"problem_generation_item_accepted","elapsedMs":86966,"acceptedSoFar":4}
{"event":"problem_generation_item_accepted","elapsedMs":90258,"acceptedSoFar":5}
{"event":"problem_generation_item_accepted","elapsedMs":90336,"acceptedSoFar":6}
{"event":"problem_generation_item_accepted","elapsedMs":86841,"acceptedSoFar":5}
{"event":"problem_generation_item_accepted","elapsedMs":118694,"acceptedSoFar":6}
{"event":"problem_generation_item_accepted","elapsedMs":118740,"acceptedSoFar":7}
{"event":"problem_generation_item_accepted","elapsedMs":118845,"acceptedSoFar":8}
{"event":"problem_generation_item_accepted","elapsedMs":93209,"acceptedSoFar":6}
{"event":"problem_generation_item_accepted","elapsedMs":94680,"acceptedSoFar":7}
{"event":"problem_generation_item_accepted","elapsedMs":116862,"acceptedSoFar":8}
{"event":"problem_generation_item_accepted","elapsedMs":105471,"acceptedSoFar":7}
{"event":"problem_generation_item_accepted","elapsedMs":105732,"acceptedSoFar":8}
{"event":"problem_generation_item_accepted","elapsedMs":100644,"acceptedSoFar":8}
{"event":"problem_generation_item_accepted","elapsedMs":137366,"acceptedSoFar":9}
{"event":"problem_generation_item_accepted","elapsedMs":112627,"acceptedSoFar":9}
{"event":"problem_generation_item_accepted","elapsedMs":74781,"acceptedSoFar":1}
{"event":"problem_generation_item_accepted","elapsedMs":75277,"acceptedSoFar":2}
{"event":"problem_generation_item_accepted","elapsedMs":76646,"acceptedSoFar":3}
{"event":"problem_generation_item_accepted","elapsedMs":155344,"acceptedSoFar":9}
{"event":"problem_generation_item_accepted","elapsedMs":67121,"acceptedSoFar":1}
{"event":"problem_generation_item_accepted","elapsedMs":71089,"acceptedSoFar":2}
{"event":"problem_generation_item_accepted","elapsedMs":90561,"acceptedSoFar":4}
{"event":"problem_generation_item_accepted","elapsedMs":96885,"acceptedSoFar":5}
{"event":"problem_generation_item_accepted","elapsedMs":98020,"acceptedSoFar":6}
{"event":"problem_generation_item_accepted","elapsedMs":88253,"acceptedSoFar":3}
{"event":"problem_generation_item_accepted","elapsedMs":188338,"acceptedSoFar":10}
{"event":"problem_generation_pipeline_timing","requested":10,"accepted":10,"shortfall":0,"stoppedReason":"target_met","timeMs":{"total":188338,"generate":124994,"figure":0,"contractRepair":3359,"answerExplanationCheck":49057,"review":121384,"regenerate":55175}}
[transitions/medium/mc] 20/20 (라운드 2, 통과 10/10, 호출 3.2)
{"event":"problem_generation_item_accepted","elapsedMs":176588,"acceptedSoFar":9}
{"event":"problem_generation_pipeline_timing","requested":9,"accepted":9,"shortfall":0,"stoppedReason":"target_met","timeMs":{"total":176588,"generate":95722,"figure":5771,"contractRepair":2828,"answerExplanationCheck":43192,"review":155601,"regenerate":10620}}
[words_in_context/medium/mc] 32/32 (라운드 4, 통과 9/9, 호출 4.67)
{"event":"problem_generation_pipeline_timing","requested":10,"accepted":9,"shortfall":1,"stoppedReason":"time_cap","timeMs":{"total":221137,"generate":93968,"figure":0,"contractRepair":0,"answerExplanationCheck":55814,"review":259548,"regenerate":27715}}
[boundaries/easy/mc] 9/11 (라운드 1, 통과 9/10, 호출 6)
{"event":"problem_generation_item_accepted","elapsedMs":193289,"acceptedSoFar":10}
{"event":"problem_generation_pipeline_timing","requested":10,"accepted":10,"shortfall":0,"stoppedReason":"target_met","timeMs":{"total":193289,"generate":119090,"figure":0,"contractRepair":0,"answerExplanationCheck":49414,"review":183260,"regenerate":15195}}
[boundaries/medium/mc] 10/32 (라운드 1, 통과 10/10, 호출 3.2)
{"event":"problem_generation_item_accepted","elapsedMs":138425,"acceptedSoFar":4}
{"event":"problem_generation_pipeline_timing","requested":4,"accepted":4,"shortfall":0,"stoppedReason":"target_met","timeMs":{"total":138425,"generate":65260,"figure":0,"contractRepair":25208,"answerExplanationCheck":23007,"review":75428,"regenerate":12194}}
[rhetorical_synthesis/medium/mc] 23/23 (라운드 3, 통과 4/4, 호출 6.5)
{"event":"problem_generation_pipeline_timing","requested":6,"accepted":6,"shortfall":0,"stoppedReason":"target_met","timeMs":{"total":180621,"generate":151150,"figure":0,"contractRepair":2797,"answerExplanationCheck":47203,"review":171975,"regenerate":22281}}
[boundaries/hard/mc] 6/6 (라운드 1, 통과 6/6, 호출 4.67)
{"event":"problem_generation_item_accepted","elapsedMs":49452,"acceptedSoFar":1}
{"event":"problem_generation_item_accepted","elapsedMs":86808,"acceptedSoFar":1}
{"event":"problem_generation_item_accepted","elapsedMs":90410,"acceptedSoFar":2}
{"event":"problem_generation_item_accepted","elapsedMs":70218,"acceptedSoFar":2}
{"event":"problem_generation_pipeline_timing","requested":2,"accepted":2,"shortfall":0,"stoppedReason":"target_met","timeMs":{"total":70218,"generate":14444,"figure":0,"contractRepair":0,"answerExplanationCheck":9589,"review":50762,"regenerate":7018}}
[boundaries/easy/mc] 11/11 (라운드 2, 통과 2/2, 호출 8)
{"event":"problem_generation_item_accepted","elapsedMs":70585,"acceptedSoFar":1}
{"event":"problem_generation_item_accepted","elapsedMs":98021,"acceptedSoFar":3}
{"event":"problem_generation_item_accepted","elapsedMs":100033,"acceptedSoFar":4}
{"event":"problem_generation_item_accepted","elapsedMs":80742,"acceptedSoFar":2}
{"event":"problem_generation_item_accepted","elapsedMs":83374,"acceptedSoFar":3}
{"event":"problem_generation_item_accepted","elapsedMs":114722,"acceptedSoFar":5}
{"event":"problem_generation_item_accepted","elapsedMs":91577,"acceptedSoFar":4}
{"event":"problem_generation_item_accepted","elapsedMs":118474,"acceptedSoFar":6}
{"event":"problem_generation_item_accepted","elapsedMs":121478,"acceptedSoFar":1}
{"event":"problem_generation_item_accepted","elapsedMs":120399,"acceptedSoFar":7}
{"event":"problem_generation_item_accepted","elapsedMs":123825,"acceptedSoFar":2}
{"event":"problem_generation_item_accepted","elapsedMs":131862,"acceptedSoFar":8}
{"event":"problem_generation_item_accepted","elapsedMs":135048,"acceptedSoFar":3}
{"event":"problem_generation_item_accepted","elapsedMs":135237,"acceptedSoFar":9}
{"event":"problem_generation_item_accepted","elapsedMs":112144,"acceptedSoFar":5}
{"event":"problem_generation_item_accepted","elapsedMs":145887,"acceptedSoFar":4}
{"event":"problem_generation_pipeline_timing","requested":1,"accepted":0,"shortfall":1,"stoppedReason":"candidate_cap","timeMs":{"total":80301,"generate":31794,"figure":31432,"contractRepair":1921,"answerExplanationCheck":0,"review":19518,"regenerate":28702}}
[linear_equations_two_var/hard/spr] 0/1 (라운드 1, 통과 0/1, 호출 17)
{"event":"problem_generation_item_accepted","elapsedMs":122285,"acceptedSoFar":6}
{"event":"problem_generation_item_accepted","elapsedMs":150645,"acceptedSoFar":5}
{"event":"problem_generation_item_accepted","elapsedMs":135740,"acceptedSoFar":7}
{"event":"problem_generation_item_accepted","elapsedMs":125628,"acceptedSoFar":1}
{"event":"problem_generation_item_accepted","elapsedMs":126400,"acceptedSoFar":2}
{"event":"problem_generation_item_accepted","elapsedMs":126884,"acceptedSoFar":3}
{"event":"problem_generation_item_accepted","elapsedMs":127506,"acceptedSoFar":4}
{"event":"problem_generation_item_accepted","elapsedMs":175430,"acceptedSoFar":6}
{"event":"problem_generation_item_accepted","elapsedMs":173335,"acceptedSoFar":10}
{"event":"problem_generation_pipeline_timing","requested":10,"accepted":10,"shortfall":0,"stoppedReason":"target_met","timeMs":{"total":173335,"generate":151740,"figure":0,"contractRepair":0,"answerExplanationCheck":51128,"review":172405,"regenerate":24582}}
[form_structure_sense/medium/mc] 10/32 (라운드 1, 통과 10/10, 호출 3.3)
{"event":"problem_generation_item_accepted","elapsedMs":154052,"acceptedSoFar":5}
{"event":"problem_generation_pipeline_timing","requested":5,"accepted":5,"shortfall":0,"stoppedReason":"target_met","timeMs":{"total":159894,"generate":196452,"figure":0,"contractRepair":20826,"answerExplanationCheck":30550,"review":90557,"regenerate":20144}}
[form_structure_sense/hard/mc] 5/5 (라운드 1, 통과 5/5, 호출 5.2)
{"event":"problem_generation_item_accepted","elapsedMs":206518,"acceptedSoFar":8}
{"event":"problem_generation_pipeline_timing","requested":1,"accepted":0,"shortfall":1,"stoppedReason":"candidate_cap","timeMs":{"total":88934,"generate":31907,"figure":22019,"contractRepair":2424,"answerExplanationCheck":0,"review":27059,"regenerate":34647}}
[linear_equations_two_var/hard/spr] 0/1 (라운드 2, 통과 0/1, 호출 18)
{"event":"problem_generation_item_accepted","elapsedMs":211831,"acceptedSoFar":9}
{"event":"problem_generation_item_accepted","elapsedMs":261086,"acceptedSoFar":7}
{"event":"problem_generation_item_accepted","elapsedMs":262080,"acceptedSoFar":8}
{"event":"problem_generation_item_accepted","elapsedMs":263200,"acceptedSoFar":9}
{"event":"problem_generation_item_accepted","elapsedMs":90555,"acceptedSoFar":1}
{"event":"problem_generation_item_accepted","elapsedMs":91283,"acceptedSoFar":2}
{"event":"problem_generation_item_accepted","elapsedMs":268562,"acceptedSoFar":10}
{"event":"problem_generation_pipeline_timing","requested":10,"accepted":10,"shortfall":0,"stoppedReason":"target_met","timeMs":{"total":268562,"generate":230443,"figure":0,"contractRepair":6301,"answerExplanationCheck":46671,"review":173463,"regenerate":15428}}
[form_structure_sense/easy/mc] 10/11 (라운드 1, 통과 10/10, 호출 4.2)
{"event":"problem_generation_item_accepted","elapsedMs":93009,"acceptedSoFar":3}
{"event":"problem_generation_item_accepted","elapsedMs":243458,"acceptedSoFar":10}
{"event":"problem_generation_pipeline_timing","requested":10,"accepted":10,"shortfall":0,"stoppedReason":"target_met","timeMs":{"total":243458,"generate":119947,"figure":0,"contractRepair":30245,"answerExplanationCheck":67557,"review":259178,"regenerate":67549}}
[boundaries/medium/mc] 20/32 (라운드 2, 통과 10/10, 호출 5.7)
{"event":"problem_generation_item_accepted","elapsedMs":94420,"acceptedSoFar":4}
{"event":"problem_generation_item_accepted","elapsedMs":106398,"acceptedSoFar":5}
{"event":"problem_generation_item_accepted","elapsedMs":108637,"acceptedSoFar":6}
{"event":"problem_generation_item_accepted","elapsedMs":115369,"acceptedSoFar":7}
{"event":"problem_generation_item_accepted","elapsedMs":24379,"acceptedSoFar":1}
{"event":"problem_generation_pipeline_timing","requested":1,"accepted":1,"shortfall":0,"stoppedReason":"target_met","timeMs":{"total":24379,"generate":12175,"figure":0,"contractRepair":0,"answerExplanationCheck":0,"review":12203,"regenerate":0}}
[form_structure_sense/easy/mc] 11/11 (라운드 2, 통과 1/1, 호출 2)
{"event":"problem_generation_item_accepted","elapsedMs":120697,"acceptedSoFar":8}
{"event":"problem_generation_item_accepted","elapsedMs":126868,"acceptedSoFar":9}
[pipeline] 자료 생성 실패: plane AI 가 만든 그림 데이터가 규격에 맞지 않습니다 — 알 수 없는 그림 type: undefined (받은 데이터: {"axes":{"x":{"min":0,"max":10,"step":1,"title":"Number of plots (x)"},"y":{"min":0,"max":300,"step":25,"title":"Total annual cost (dollars)"}},"objects":[{"id":"A0","kind":"point","at":[0,100],"label":"(0, 100)"},{"id":"A6","kind":"point","at":[6,250],"label":"(6, 250)"},{"id":"l1","kind":"line","through":["A0","A6"],"label":"Co-op A"}]})
{"event":"problem_generation_pipeline_timing","requested":1,"accepted":0,"shortfall":1,"stoppedReason":"candidate_cap","timeMs":{"total":72610,"generate":34930,"figure":23689,"contractRepair":0,"answerExplanationCheck":0,"review":14863,"regenerate":32977}}
[linear_equations_two_var/hard/spr] 0/1 (라운드 3, 통과 0/1, 호출 15)
{"event":"problem_generation_item_accepted","elapsedMs":143908,"acceptedSoFar":10}
{"event":"problem_generation_pipeline_timing","requested":10,"accepted":10,"shortfall":0,"stoppedReason":"target_met","timeMs":{"total":143908,"generate":112526,"figure":0,"contractRepair":12588,"answerExplanationCheck":44295,"review":144816,"regenerate":7699}}
[form_structure_sense/medium/mc] 20/32 (라운드 2, 통과 10/10, 호출 3.1)
{"event":"problem_generation_item_accepted","elapsedMs":59203,"acceptedSoFar":1}
{"event":"problem_generation_item_accepted","elapsedMs":75102,"acceptedSoFar":2}
{"event":"problem_generation_item_accepted","elapsedMs":78161,"acceptedSoFar":3}
{"event":"problem_generation_item_accepted","elapsedMs":84418,"acceptedSoFar":4}
{"event":"problem_generation_item_accepted","elapsedMs":96859,"acceptedSoFar":5}
{"event":"problem_generation_item_accepted","elapsedMs":102249,"acceptedSoFar":6}
{"event":"problem_generation_item_accepted","elapsedMs":112129,"acceptedSoFar":7}
{"event":"problem_generation_item_accepted","elapsedMs":62764,"acceptedSoFar":1}
{"event":"problem_generation_item_accepted","elapsedMs":65205,"acceptedSoFar":2}
{"event":"problem_generation_item_accepted","elapsedMs":65574,"acceptedSoFar":3}
{"event":"problem_generation_item_accepted","elapsedMs":79367,"acceptedSoFar":4}
{"event":"problem_generation_item_accepted","elapsedMs":83917,"acceptedSoFar":5}
{"event":"problem_generation_item_accepted","elapsedMs":90518,"acceptedSoFar":6}
{"event":"problem_generation_item_accepted","elapsedMs":108810,"acceptedSoFar":7}
{"event":"problem_generation_item_accepted","elapsedMs":160910,"acceptedSoFar":8}
{"event":"problem_generation_item_accepted","elapsedMs":116707,"acceptedSoFar":8}
{"event":"problem_generation_item_accepted","elapsedMs":117135,"acceptedSoFar":9}
{"event":"problem_generation_item_accepted","elapsedMs":207230,"acceptedSoFar":9}
{"event":"problem_generation_item_accepted","elapsedMs":195562,"acceptedSoFar":10}
{"event":"problem_generation_pipeline_timing","requested":10,"accepted":10,"shortfall":0,"stoppedReason":"target_met","timeMs":{"total":195562,"generate":98140,"figure":0,"contractRepair":21797,"answerExplanationCheck":52680,"review":179488,"regenerate":68733}}
[form_structure_sense/medium/mc] 30/32 (라운드 3, 통과 10/10, 호출 4.1)
{"event":"problem_generation_pipeline_timing","requested":10,"accepted":9,"shortfall":1,"stoppedReason":"time_cap","timeMs":{"total":262309,"generate":111253,"figure":3031,"contractRepair":10923,"answerExplanationCheck":70568,"review":320713,"regenerate":41030}}
[boundaries/medium/mc] 29/32 (라운드 3, 통과 9/10, 호출 5.89)
{"event":"problem_generation_item_accepted","elapsedMs":45541,"acceptedSoFar":1}
{"event":"problem_generation_item_accepted","elapsedMs":52597,"acceptedSoFar":1}
{"event":"problem_generation_item_accepted","elapsedMs":74307,"acceptedSoFar":2}
{"event":"problem_generation_pipeline_timing","requested":2,"accepted":2,"shortfall":0,"stoppedReason":"target_met","timeMs":{"total":74307,"generate":31658,"figure":0,"contractRepair":0,"answerExplanationCheck":9249,"review":38287,"regenerate":8993}}
[form_structure_sense/medium/mc] 32/32 (라운드 4, 통과 2/2, 호출 4)
{"event":"problem_generation_item_accepted","elapsedMs":90599,"acceptedSoFar":2}
{"event":"problem_generation_item_accepted","elapsedMs":100612,"acceptedSoFar":3}
{"event":"problem_generation_pipeline_timing","requested":3,"accepted":3,"shortfall":0,"stoppedReason":"target_met","timeMs":{"total":100612,"generate":34471,"figure":0,"contractRepair":8111,"answerExplanationCheck":21712,"review":88906,"regenerate":21660}}
[boundaries/medium/mc] 32/32 (라운드 4, 통과 3/3, 호출 5.67)
생성 완료
